******************************************************************************
                  TI ARM Linker PC v20.2.5                     
******************************************************************************
>> Linked Thu Sep  2 14:07:34 2021

OUTPUT FILE NAME:   <AM2302_CC26X2R1_tirtos_ccs.out>
ENTRY POINT SYMBOL: "ResetISR"  address: 00005dcd


MEMORY CONFIGURATION

         name            origin    length      used     unused   attr    fill
----------------------  --------  ---------  --------  --------  ----  --------
  FLASH                 00000000   00058000  00009475  0004eb8b  R  X
  GPRAM                 11000000   00002000  00000000  00002000  RW X
  SRAM                  20000000   00014000  000067c5  0000d83b  RW X
  LOG_DATA              90000000   00040000  00000000  00040000  R   


SEGMENT ALLOCATION MAP

run origin  load origin   length   init length attrs members
----------  ----------- ---------- ----------- ----- -------
00000000    00000000    00009420   00009420    r-x
  00000000    00000000    0000003c   0000003c    r-- .resetVecs
  0000003c    0000003c    00008902   00008902    r-x .text
  00008940    00008940    000008df   000008df    r-- .const
  00009220    00009220    00000200   00000200    r-- .cinit
00057fa8    00057fa8    00000058   00000058    r--
  00057fa8    00057fa8    00000058   00000058    r-- .ccfg
200000d8    200000d8    0000058c   00000000    rw-
  200000d8    200000d8    0000058c   00000000    rw- .data
20001810    20001810    00000010   00000000    rw-
  20001810    20001810    00000010   00000000    rw- .TI.bound:dmaUart0RxControlTableEntry
20001820    20001820    00000010   00000000    rw-
  20001820    20001820    00000010   00000000    rw- .TI.bound:dmaUart0TxControlTableEntry
20001850    20001850    00000010   00000000    rw-
  20001850    20001850    00000010   00000000    rw- .TI.bound:dmaUart1RxControlTableEntry
20001860    20001860    00000010   00000000    rw-
  20001860    20001860    00000010   00000000    rw- .TI.bound:dmaUart1TxControlTableEntry
20001870    20001870    00004000   00000000    r--
  20001870    20001870    00004000   00000000    r-- .priheap
20005880    20005880    00001d21   00000000    rw-
  20005880    20005880    00001d21   00000000    rw- .bss
20013c00    20013c00    00000400   00000000    rw-
  20013c00    20013c00    00000400   00000000    rw- .stack


SECTION ALLOCATION MAP

 output                                  attributes/
section   page    origin      length       input sections
--------  ----  ----------  ----------   ----------------
.binit     0    00000000    00000000     

.cinit     0    00009220    00000200     
                  00009220    00000198     (.cinit..data.load) [load image, compression = lzss]
                  000093b8    0000000c     (__TI_handler_table)
                  000093c4    00000004     --HOLE-- [fill = 0]
                  000093c8    00000008     (.cinit..TI.bound:dmaUart0RxControlTableEntry.load) [load image, compression = zero_init]
                  000093d0    00000008     (.cinit..TI.bound:dmaUart0TxControlTableEntry.load) [load image, compression = zero_init]
                  000093d8    00000008     (.cinit..TI.bound:dmaUart1RxControlTableEntry.load) [load image, compression = zero_init]
                  000093e0    00000008     (.cinit..TI.bound:dmaUart1TxControlTableEntry.load) [load image, compression = zero_init]
                  000093e8    00000008     (.cinit..bss.load) [load image, compression = zero_init]
                  000093f0    00000030     (__TI_cinit_table)

.init_array 
*          0    00000000    00000000     UNINITIALIZED

.ccfg      0    00057fa8    00000058     
                  00057fa8    00000058     ti_devices_config.obj (.ccfg:retain)

.data      0    200000d8    0000058c     UNINITIALIZED
                  200000d8    00000170     drivers_cc26x2.a : PowerCC26X2.oem4f (.data:PowerCC26X2_module)
                  20000248    00000068     AM2302_pem4f.oem4f (.data:ti_uia_loggers_LoggerStopMode_Object__table__V)
                  200002b0    0000004c     AM2302_pem4f.oem4f (.data:ti_sysbios_knl_Task_Object__table__V)
                  200002fc    00000004     drivers_cc26x2.a : GPIOCC26XX.oem4f (.data:gpioPinTable)
                  20000300    00000048     AM2302_pem4f.oem4f (.data:ti_sysbios_family_arm_cc26xx_Timer_Object__table__V)
                  20000348    00000044     AM2302_pem4f.oem4f (.data:ti_sysbios_knl_Task_Module__state__V)
                  2000038c    00000038     AM2302_pem4f.oem4f (.data:ti_sysbios_gates_GateMutex_Object__table__V)
                  200003c4    00000034     AM2302_pem4f.oem4f (.data:ti_sysbios_family_arm_m3_Hwi_Module__state__V)
                  200003f8    00000030     AM2302_pem4f.oem4f (.data:ti_sysbios_knl_Swi_Module_State_0_readyQ__A)
                  20000428    00000030     AM2302_pem4f.oem4f (.data:ti_sysbios_knl_Swi_Object__table__V)
                  20000458    0000002c     AM2302_pem4f.oem4f (.data:ti_sysbios_knl_Clock_Module__state__V)
                  20000484    00000024     driverlib.lib : osc.obj (.data:$O1$$)
                  200004a8    00000024     AM2302_pem4f.oem4f (.data:ti_sysbios_BIOS_Module__state__V)
                  200004cc    00000020     AM2302_pem4f.oem4f (.data:ti_sysbios_knl_Clock_Object__table__V)
                  200004ec    00000020     AM2302_pem4f.oem4f (.data:ti_sysbios_knl_Task_Module_State_0_readyQ__A)
                  2000050c    00000020     AM2302_pem4f.oem4f (.data:xdc_runtime_Error_IgnoreBlock)
                  2000052c    0000001c     AM2302_pem4f.oem4f (.data:ti_sysbios_knl_Swi_Module__state__V)
                  20000548    00000018     AM2302_pem4f.oem4f (.data:ti_sysbios_family_arm_m3_Hwi_Object__table__V)
                  20000560    00000018     AM2302_pem4f.oem4f (.data:ti_sysbios_heaps_HeapMem_Object__table__V)
                  20000578    0000000c     ti_drivers_config.obj (.data:gpioCallbackFunctions)
                  20000584    0000000c     ti_drivers_config.obj (.data:gpioPinConfigs)
                  20000590    0000000c     AM2302_pem4f.oem4f (.data:ti_sysbios_knl_Task_Module__root__V)
                  2000059c    0000000c     AM2302_pem4f.oem4f (.data:ti_uia_runtime_QueueDescriptor_Module__state__V)
                  200005a8    0000000c     AM2302_pem4f.oem4f (.data:xdc_runtime_SysMin_Module__state__V)
                  200005b4    00000008     rtsv7M4_T_le_v4SPD16_eabi.lib : _lock.c.obj (.data:$O1$$)
                  200005bc    00000008     drivers_cc26x2.a : PINCC26XX.oem4f (.data)
                  200005c4    00000008     ti.uia.runtime.aem4f : QueueDescriptor.oem4f (.data)
                  200005cc    00000008     AM2302_pem4f.oem4f (.data:ti_sysbios_family_arm_cc26xx_Timer_Module__state__V)
                  200005d4    00000008     AM2302_pem4f.oem4f (.data:ti_sysbios_family_arm_m3_Hwi_Module__root__V)
                  200005dc    00000008     AM2302_pem4f.oem4f (.data:ti_sysbios_gates_GateHwi_Module__root__V)
                  200005e4    00000008     AM2302_pem4f.oem4f (.data:ti_sysbios_gates_GateMutex_Module__root__V)
                  200005ec    00000008     AM2302_pem4f.oem4f (.data:ti_sysbios_heaps_HeapMem_Module__root__V)
                  200005f4    00000008     AM2302_pem4f.oem4f (.data:ti_sysbios_knl_Clock_Module__root__V)
                  200005fc    00000008     AM2302_pem4f.oem4f (.data:ti_sysbios_knl_Mailbox_Module__root__V)
                  20000604    00000008     AM2302_pem4f.oem4f (.data:ti_sysbios_knl_Queue_Module__root__V)
                  2000060c    00000008     AM2302_pem4f.oem4f (.data:ti_sysbios_knl_Semaphore_Module__root__V)
                  20000614    00000008     AM2302_pem4f.oem4f (.data:ti_sysbios_knl_Swi_Module__root__V)
                  2000061c    00000008     AM2302_pem4f.oem4f (.data:ti_uia_loggers_LoggerStopMode_Module__root__V)
                  20000624    00000008     AM2302_pem4f.oem4f (.data:xdc_runtime_Startup_Module__state__V)
                  2000062c    00000008     AM2302_pem4f.oem4f (.data:xdc_runtime_System_Module_State_0_atexitHandlers__A)
                  20000634    00000008     AM2302_pem4f.oem4f (.data:xdc_runtime_System_Module__state__V)
                  2000063c    00000005     drivers_cc26x2.a : GPIOCC26XX.oem4f (.data)
                  20000641    00000001     --HOLE--
                  20000642    00000002     AM2302_pem4f.oem4f (.data:ti_sysbios_family_arm_m3_Hwi_Module_State_0_excActive__A)
                  20000644    00000004     rtsv7M4_T_le_v4SPD16_eabi.lib : errno.c.obj (.data)
                  20000648    00000004                                   : stkdepth_vars.c.obj (.data)
                  2000064c    00000004     AM2302_pem4f.oem4f (.data:ti_sysbios_family_arm_cc26xx_TimestampProvider_Module__state__V)
                  20000650    00000004     AM2302_pem4f.oem4f (.data:ti_sysbios_family_arm_m3_Hwi_Module_State_0_excContext__A)
                  20000654    00000004     AM2302_pem4f.oem4f (.data:ti_sysbios_family_arm_m3_Hwi_Module_State_0_excStack__A)
                  20000658    00000004     AM2302_pem4f.oem4f (.data:ti_sysbios_gates_GateHwi_Object__table__V)
                  2000065c    00000004     AM2302_pem4f.oem4f (.data:ti_sysbios_knl_Task_Module_State_0_idleTask__A)
                  20000660    00000004     AM2302_pem4f.oem4f (.data:xdc_runtime_Memory_Module__state__V)

.bss       0    20005880    00001d21     UNINITIALIZED
                  20005880    00000800     AM2302.obj (.bss:readAM2302TaskStack)
                  20006080    00000400     (.common:ti_uia_loggers_LoggerStopMode_Instance_State_0_packetArray__A)
                  20006480    00000400     (.common:ti_uia_loggers_LoggerStopMode_Instance_State_1_packetArray__A)
                  20006880    00000400     (.common:xdc_runtime_SysMin_Module_State_0_outbuf__A)
                  20006c80    00000210     (.common:uart2CC26X2Objects)
                  20006e90    00000200     AM2302_pem4f.oem4f (.bss:taskStackSection)
                  20007090    00000120     rtsv7M4_T_le_v4SPD16_eabi.lib : trgmsg.c.obj (.bss:_CIOBUF_)
                  200071b0    000000d8     (.common:ti_sysbios_family_arm_m3_Hwi_dispatchTable)
                  20007288    0000007c     (.common:pinHandleTable)
                  20007304    00000050     drivers_cc26x2.a : PINCC26XX.oem4f (.bss:pinSemaphore)
                  20007354    00000050     (.common:readAM2302Task)
                  200073a4    0000004c     (.common:gptimerCC26XXObjects)
                  200073f0    0000003c                      : PINCC26XX.oem4f (.bss:pinSwi)
                  2000742c    00000020                      : GPIOCC26XX.oem4f (.bss:gpioCallbackInfo)
                  2000744c    00000020                      : PINCC26XX.oem4f (.bss:pinGpioConfigTable)
                  2000746c    0000000c                      : GPIOCC26XX.oem4f (.bss:gpioPinState)
                  20007478    00000008                      : GPIOCC26XX.oem4f (.bss)
                  20007480    00000030     (.common:ti_uia_loggers_LoggerStopMode_Instance_State_0_hdr__A)
                  200074b0    00000020     ti_drivers_config.obj (.bss:uart2RxRingBuffer0)
                  200074d0    00000020     ti_drivers_config.obj (.bss:uart2TxRingBuffer0)
                  200074f0    0000000c     (.common:msg)
                  200074fc    00000004     drivers_cc26x2.a : PINCC26XX.oem4f (.bss)
                  20007500    00000030     (.common:ti_uia_loggers_LoggerStopMode_Instance_State_1_hdr__A)
                  20007530    00000020     (.common:udmaCC26XXObject)
                  20007550    0000001c                      : PINCC26XX.oem4f (.bss:pinHwi)
                  2000756c    0000001c     (.common:semTempStruct)
                  20007588    00000008     (.common:parmbuf)
                  20007590    00000004     (.common:mbxTempHandle)
                  20007594    00000004     (.common:semTempHandle)
                  20007598    00000004     (.common:timerTempHandle)
                  2000759c    00000004     (.common:uart)
                  200075a0    00000001     (.common:driverlib_release_0_60278)

.stack     0    20013c00    00000400     UNINITIALIZED
                  20013c00    00000400     --HOLE--

.priheap   0    20001870    00004000     UNINITIALIZED
                  20001870    00004000     --HOLE--

.log_data 
*          0    90000000    00000000     COPY SECTION

.bootVecs 
*          0    00000000    00000008     DSECT
                  00000000    00000008     boot.aem4f : boot.oem4f (.bootVecs)

.resetVecs 
*          0    00000000    0000003c     
                  00000000    0000003c     AM2302_pem4f.oem4f (.resetVecs)

.vecs      0    20000000    000000d8     NOLOAD SECTION
                  20000000    000000d8     AM2302_pem4f.oem4f (.vecs)

xdc.meta   0    00000000    000000f2     COPY SECTION
                  00000000    000000f2     AM2302_pem4f.oem4f (xdc.meta)

xdc.noload 
*          0    00000000    00000000     COPY SECTION

__llvm_prf_cnts 
*          0    20000000    00000000     UNINITIALIZED

.TI.bound:dmaUart0RxControlTableEntry 
*          0    20001810    00000010     UNINITIALIZED
                  20001810    00000010     drivers_cc26x2.a : UART2CC26X2.oem4f (.TI.bound:dmaUart0RxControlTableEntry)

.TI.bound:dmaUart0TxControlTableEntry 
*          0    20001820    00000010     UNINITIALIZED
                  20001820    00000010     drivers_cc26x2.a : UART2CC26X2.oem4f (.TI.bound:dmaUart0TxControlTableEntry)

.TI.bound:dmaUart1RxControlTableEntry 
*          0    20001850    00000010     UNINITIALIZED
                  20001850    00000010     drivers_cc26x2.a : UART2CC26X2.oem4f (.TI.bound:dmaUart1RxControlTableEntry)

.TI.bound:dmaUart1TxControlTableEntry 
*          0    20001860    00000010     UNINITIALIZED
                  20001860    00000010     drivers_cc26x2.a : UART2CC26X2.oem4f (.TI.bound:dmaUart1TxControlTableEntry)

.text      0    0000003c    00008902     
                  0000003c    00000a4e     rtsv7M4_T_le_v4SPD16_eabi.lib : _printfi.c.obj (.text:__TI_printfi)
                  00000a8a    00000002     ti_drivers_config.obj (.text:Board_initHook)
                  00000a8c    000003a8     AM2302.obj (.text:readAM2302TaskFunc)
                  00000e34    00000278     drivers_cc26x2.a : UART2.oem4f (.text:UART2_writeTimeout)
                  000010ac    00000270     rtsv7M4_T_le_v4SPD16_eabi.lib : _printfi.c.obj (.text:_pconv_a)
                  0000131c    00000230     drivers_cc26x2.a : UART2CC26X2.oem4f (.text:UART2_open)
                  0000154c    000001f4                      : PINCC26XX.oem4f (.text:PIN_init)
                  00001740    000001f4                      : UART2CC26X2.oem4f (.text:UART2CC26X2_hwiIntFxn)
                  00001934    000001d0     rtsv7M4_T_le_v4SPD16_eabi.lib : _printfi.c.obj (.text:_pconv_g)
                  00001b04    000001b6                                   : fd_add_t2.asm.obj (.text)
                  00001cba    00000002     drivers_cc26x2.a : UART2CC26X2.oem4f (.text:UART2CC26X2_eventCallback)
                  00001cbc    00000190                      : PowerCC26X2_calibrateRCOSC.oem4f (.text:calibrateRcoscHf1)
                  00001e4c    0000018c                      : PowerCC26X2_calibrateRCOSC.oem4f (.text:runCalibrateFsm)
                  00001fd8    00000174                      : PowerCC26X2.oem4f (.text:Power_init)
                  0000214c    0000013e     AM2302_pem4f.oem4f (.text:ti_uia_loggers_LoggerStopMode_writeMemoryRange__E)
                  0000228a    00000002     rtsv7M4_T_le_v4SPD16_eabi.lib : _lock.c.obj (.text:_nop)
                  0000228c    0000013c                                   : _printfi.c.obj (.text:_pconv_e)
                  000023c8    00000136                                   : fd_div_t2.asm.obj (.text)
                  000024fe    00000002     drivers_cc26x2.a : PowerCC26X2.oem4f (.text:emptyClockFunc)
                  00002500    0000012c                      : UART2CC26X2.oem4f (.text:UART2CC26X2_initHw)
                  0000262c    0000012c     sysbios.aem4f : BIOS.obj (.text:ti_sysbios_knl_Semaphore_pend__E)
                  00002758    00000124     rtsv7M4_T_le_v4SPD16_eabi.lib : _printfi.c.obj (.text:fcvt)
                  0000287c    00000120     drivers_cc26x2.a : PowerCC26X2.oem4f (.text:configureXOSCHF)
                  0000299c    0000011c     AM2302.obj (.text:main)
                  00002ab8    0000011c     sysbios.aem4f : BIOS.obj (.text:ti_sysbios_family_arm_m3_Hwi_dispatchC__I)
                  00002bd4    00000114     drivers_cc26x2.a : PINCC26XX.oem4f (.text:PINCC26XX_setIoCfg)
                  00002ce8    00000114     sysbios.aem4f : BIOS.obj (.text:ti_sysbios_knl_Swi_run__I)
                  00002dfc    00000110     drivers_cc26x2.a : GPIOCC26XX.oem4f (.text:GPIO_setConfig)
                  00002f0c    00000110     rtsv7M4_T_le_v4SPD16_eabi.lib : s_scalbn.c.obj (.text:scalbn)
                  0000301c    0000010c     AM2302_pem4f.oem4f (.text:ti_uia_loggers_LoggerStopMode_write8__E)
                  00003128    000000fc     rtsv7M4_T_le_v4SPD16_eabi.lib : fd_mul_t2.asm.obj (.text)
                  00003224    000000f8     sysbios.aem4f : BIOS.obj (.text:xdc_runtime_Startup_startMods__I)
                  0000331c    000000f4     AM2302_pem4f.oem4f (.text:ti_uia_loggers_LoggerStopMode_write4__E)
                  00003410    000000f0     sysbios.aem4f : m3_Hwi_asm.obj (.text:ti_sysbios_family_arm_m3_Hwi_dispatch__I)
                  00003500    000000e8     drivers_cc26x2.a : UART2CC26X2.oem4f (.text:UART2Support_dmaStartRx)
                  000035e8    000000e8     AM2302_pem4f.oem4f (.text:ti_uia_loggers_LoggerStopMode_write2__E)
                  000036d0    000000e4     AM2302_pem4f.oem4f (.text:ti_uia_loggers_LoggerStopMode_write1__E)
                  000037b4    000000e0     sysbios.aem4f : BIOS.obj (.text:ti_sysbios_knl_Clock_walkQueueDynamic__E)
                  00003894    000000dc                   : BIOS.obj (.text:ti_sysbios_knl_Task_sleep__E)
                  00003970    000000d8     AM2302_pem4f.oem4f (.text:ti_uia_loggers_LoggerStopMode_write0__E)
                  00003a48    000000d4     drivers_cc26x2.a : UART2CC26X2.oem4f (.text:UART2CC26X2_initIO)
                  00003b1c    000000cc     sysbios.aem4f : BIOS.obj (.text:ti_sysbios_knl_Mailbox_Instance_init__E)
                  00003be8    000000c4     drivers_cc26x2.a : GPIOCC26XX.oem4f (.text:GPIO_init)
                  00003cac    000000c4     sysbios.aem4f : BIOS.obj (.text:ti_sysbios_knl_Task_schedule__I)
                  00003d70    000000c0     drivers_cc26x2.a : PowerCC26X2.oem4f (.text:Power_releaseDependency)
                  00003e30    000000b8                      : PowerCC26X2.oem4f (.text:Power_setDependency)
                  00003ee8    000000b8     sysbios.aem4f : BIOS.obj (.text:ti_sysbios_knl_Semaphore_post__E)
                  00003fa0    000000b8                   : BIOS.obj (.text:ti_sysbios_knl_Task_Instance_init__E)
                  00004058    000000b8                   : BIOS.obj (.text:ti_sysbios_knl_Task_startCore__E)
                  00004110    000000b1     rtsv7M4_T_le_v4SPD16_eabi.lib : _printfi.c.obj (.text:_ltostr)
                  000041c1    00000001     --HOLE-- [fill = 0]
                  000041c2    00000002                                   : div0.asm.obj (.text)
                  000041c4    000000ac     drivers_cc26x2.a : PINCC26XX.oem4f (.text:PIN_open)
                  00004270    000000ac     driverlib.lib : setup.obj (.text:TrimAfterColdResetWakeupFromShutDown)
                  0000431c    000000ac     drivers_cc26x2.a : UART2CC26X2.oem4f (.text:UART2Support_dmaStartTx)
                  000043c8    000000a8     sysbios.aem4f : BIOS.obj (.text:ti_sysbios_knl_Swi_post__E)
                  00004470    000000a4                   : BIOS.obj (.text:ti_sysbios_family_arm_m3_Hwi_Instance_init__E)
                  00004514    000000a0     auto_init.aem4f : auto_init.oem4f (.text)
                  000045b4    0000009c     rtsv7M4_T_le_v4SPD16_eabi.lib : memcpy_t2.asm.obj (.text)
                  00004650    0000009c     sysbios.aem4f : BIOS.obj (.text:ti_sysbios_knl_Task_blockI__E)
                  000046ec    00000098     driverlib.lib : setup.obj (.text:NOROM_SetupTrimDevice)
                  00004784    00000098     sysbios.aem4f : BIOS.obj (.text:ti_sysbios_knl_Clock_workFuncDynamic__E)
                  0000481c    00000096     rtsv7M4_T_le_v4SPD16_eabi.lib : ull_div_t2.asm.obj (.text)
                  000048b2    00000002     sysbios.aem4f : BIOS.obj (.text:ti_sysbios_BIOS_linkedWithIncorrectBootLibrary__E)
                  000048b4    00000094                   : BIOS.obj (.text:ti_sysbios_knl_Task_Instance_finalize__E)
                  00004948    00000094                   : BIOS.obj (.text:ti_sysbios_knl_Task_exit__E)
                  000049dc    00000090                   : BIOS.obj (.text:ti_sysbios_knl_Task_unblockI__E)
                  00004a6c    00000090     ti.uia.loggers.aem4f : LoggerStopMode.oem4f (.text:ti_uia_loggers_LoggerStopMode_initQueueDescriptor__E)
                  00004afc    0000008c     sysbios.aem4f : BIOS.obj (.text:ti_sysbios_family_arm_m3_Hwi_initNVIC__E)
                  00004b88    0000008c                   : m3_TaskSupport_asm.obj (.text:ti_sysbios_family_arm_m3_TaskSupport_buildTaskStack)
                  00004c14    00000088     drivers_cc26x2.a : GPTimerCC26XX.oem4f (.text:GPTimerCC26XX_open)
                  00004c9c    00000088     driverlib.lib : osc.obj (.text:NOROM_OSCHF_AttemptToSwitchToXosc)
                  00004d24    00000088     drivers_cc26x2.a : PowerCC26X2_calibrateRCOSC.oem4f (.text:calibrateRcoscHf2)
                  00004dac    00000088                      : PowerCC26X2.oem4f (.text:disableLFClockQualifiers)
                  00004e34    00000088                      : PowerCC26X2_calibrateRCOSC.oem4f (.text:updateSubSecInc)
                  00004ebc    00000086     rtsv7M4_T_le_v4SPD16_eabi.lib : fd_cmp_t2.asm.obj (.text:__aeabi_cdcmple)
                  00004f42    00000086                                   : fd_cmp_t2.asm.obj (.text:__aeabi_cdrcmple)
                  00004fc8    00000084     ti_drivers_config.obj (.text:Board_sendExtFlashByte)
                  0000504c    00000084     sysbios.aem4f : BIOS.obj (.text:ti_sysbios_knl_Mailbox_post__E)
                  000050d0    00000084                   : BIOS.obj (.text:ti_sysbios_knl_Task_postInit__I)
                  00005154    00000080     driverlib.lib : chipinfo.obj (.text:NOROM_ChipInfo_GetChipType)
                  000051d4    00000080     sysbios.aem4f : BIOS.obj (.text:ti_sysbios_family_arm_cc26xx_Timer_start__E)
                  00005254    0000007a     rtsv7M4_T_le_v4SPD16_eabi.lib : memset_t2.asm.obj (.text)
                  000052ce    00000078     sysbios.aem4f : BIOS.obj (.text:ti_sysbios_heaps_HeapMem_allocUnprotected__E)
                  00005346    00000002     AM2302_pem4f.oem4f (.text:ti_sysbios_BIOS_nullFunc__I)
                  00005348    00000074     drivers_cc26x2.a : PowerCC26X2_calibrateRCOSC.oem4f (.text:PowerCC26X2_auxISR)
                  000053bc    00000074                      : UART2CC26X2.oem4f (.text:UART2CC26X2_readCallback)
                  00005430    00000074     ti.uia.runtime.aem4f : QueueDescriptor.oem4f (.text:ti_uia_runtime_QueueDescriptor_addToList__E)
                  000054a4    00000070     drivers_cc26x2.a : PINCC26XX.oem4f (.text:PIN_add)
                  00005514    00000070     sysbios.aem4f : BIOS.obj (.text:ti_sysbios_knl_Mailbox_Instance_finalize__E)
                  00005584    00000070                   : BIOS.obj (.text:ti_sysbios_knl_Mailbox_pend__E)
                  000055f4    00000070                   : BIOS.obj (.text:xdc_runtime_Memory_alloc__E)
                  00005664    0000006e     rtsv7M4_T_le_v4SPD16_eabi.lib : _printfi.c.obj (.text:_mcpy)
                  000056d2    0000006e     sysbios.aem4f : BIOS.obj (.text:xdc_runtime_Core_createObject__I)
                  00005740    0000006c     drivers_cc26x2.a : UART2CC26X2.oem4f (.text:UART2Support_dmaStopTx)
                  000057ac    00000068     driverlib.lib : osc.obj (.text:NOROM_OSCHF_SwitchToRcOscTurnOffXosc)
                  00005814    00000068     rtsv7M4_T_le_v4SPD16_eabi.lib : copy_decompress_lzss.c.obj (.text:decompress:lzss:__TI_decompress_lzss)
                  0000587c    00000068     sysbios.aem4f : BIOS.obj (.text:ti_sysbios_knl_Clock_startI__E)
                  000058e4    00000068                   : BIOS.obj (.text:ti_sysbios_knl_Swi_restoreHwi__E)
                  0000594c    00000066     ti.uia.loggers.aem4f : LoggerStopMode.oem4f (.text:ti_uia_loggers_LoggerStopMode_flush__E)
                  000059b2    00000066     sysbios.aem4f : BIOS.obj (.text:xdc_runtime_Core_deleteObject__I)
                  00005a18    00000064     drivers_cc26x2.a : UART2CC26X2.oem4f (.text:UART2Support_dmaStopRx)
                  00005a7c    00000064     rtsv7M4_T_le_v4SPD16_eabi.lib : s_frexp.c.obj (.text:frexp)
                  00005ae0    00000064     sysbios.aem4f : BIOS.obj (.text:ti_sysbios_heaps_HeapMem_initPrimary__I)
                  00005b44    00000060     drivers_cc26x2.a : GPIOCC26XX.oem4f (.text:GPIO_write)
                  00005ba4    00000060     sysbios.aem4f : BIOS.obj (.text:ti_sysbios_knl_Clock_logTick__E)
                  00005c04    0000005e                   : BIOS.obj (.text:ti_sysbios_heaps_HeapMem_freeUnprotected__E)
                  00005c62    00000002                   : BIOS.obj (.text:ti_sysbios_gates_GateHwi_Instance_init__E)
                  00005c64    0000005c     drivers_cc26x2.a : PINCC26XX.oem4f (.text:PIN_remove)
                  00005cc0    0000005c     sysbios.aem4f : BIOS.obj (.text:ti_sysbios_knl_Task_Module_startup__E)
                  00005d1c    00000058     rtsv7M4_T_le_v4SPD16_eabi.lib : hostwrite.c.obj (.text:HOSTwrite)
                  00005d74    00000058     drivers_cc26x2.a : PowerCC26X2_calibrateRCOSC.oem4f (.text:PowerCC26X2_initiateCalibration)
                  00005dcc    00000058     boot.aem4f : boot.oem4f (.text)
                  00005e24    00000058     sysbios.aem4f : m3_Hwi_asm_switch.obj (.text:ti_sysbios_family_arm_m3_Hwi_initStacks__E)
                  00005e7c    00000058                   : BIOS.obj (.text:ti_sysbios_family_arm_m3_Hwi_postInit__I)
                  00005ed4    00000058                   : BIOS.obj (.text:ti_sysbios_heaps_HeapMem_alloc__E)
                  00005f2c    00000056     rtsv7M4_T_le_v4SPD16_eabi.lib : _printfi.c.obj (.text:_pconv_f)
                  00005f82    00000002     sysbios.aem4f : BIOS.obj (.text:ti_sysbios_knl_Clock_triggerFunc__I)
                  00005f84    00000054     driverlib.lib : prcm.obj (.text:NOROM_PRCMPowerDomainsAllOff)
                  00005fd8    00000054     dpl_cc26x2.a : SwiP_tirtos.oem4f (.text:SwiP_construct)
                  0000602c    00000054     rtsv7M4_T_le_v4SPD16_eabi.lib : _ltoa.c.obj (.text:__TI_ltoa)
                  00006080    00000054     AM2302_pem4f.oem4f (.text:ti_sysbios_knl_Mailbox_create)
                  000060d4    00000054     sysbios.aem4f : BIOS.obj (.text:ti_sysbios_knl_Swi_schedule__I)
                  00006128    00000052     rtsv7M4_T_le_v4SPD16_eabi.lib : _printfi.c.obj (.text:_ecpy)
                  0000617a    00000002     sysbios.aem4f : BIOS.obj (.text:ti_sysbios_knl_Swi_Instance_finalize__E)
                  0000617c    00000050     drivers_cc26x2.a : GPIOCC26XX.oem4f (.text:GPIO_enableInt)
                  000061cc    00000050                      : GPTimerCC26XX.oem4f (.text:GPTimerCC26XX_registerInterrupt)
                  0000621c    00000050     AM2302_pem4f.oem4f (.text:ti_sysbios_family_arm_m3_Hwi_construct)
                  0000626c    00000050     sysbios.aem4f : BIOS.obj (.text:ti_sysbios_knl_Swi_Instance_init__E)
                  000062bc    00000050                   : BIOS.obj (.text:ti_sysbios_knl_Swi_runLoop__I)
                  0000630c    00000050                   : BIOS.obj (.text:xdc_runtime_Startup_exec__E)
                  0000635c    0000004c     ti_drivers_config.obj (.text:Board_wakeUpExtFlash)
                  000063a8    0000004c     drivers_cc26x2.a : GPTimerCC26XX.oem4f (.text:GPTimerCC26XX_initHw)
                  000063f4    0000004c                      : GPTimerCC26XX.oem4f (.text:GPTimerCC26XX_start)
                  00006440    0000004c     driverlib.lib : prcm.obj (.text:NOROM_PRCMPowerDomainsAllOn)
                  0000648c    0000004c     drivers_cc26x2.a : UDMACC26XX.oem4f (.text:UDMACC26XX_open)
                  000064d8    0000004c     rtsv7M4_T_le_v4SPD16_eabi.lib : atoi.c.obj (.text:atoi)
                  00006524    0000004c                                   : cpy_tbl.c.obj (.text:copy_in)
                  00006570    0000004c     AM2302_pem4f.oem4f (.text:ti_sysbios_knl_Swi_construct)
                  000065bc    0000004c     AM2302_pem4f.oem4f (.text:ti_sysbios_knl_Task_construct)
                  00006608    0000004c     ti.uia.loggers.aem4f : LoggerStopMode.oem4f (.text:ti_uia_loggers_LoggerStopMode_Module_startup__E)
                  00006654    0000004c     sysbios.aem4f : BIOS.obj (.text:xdc_runtime_Assert_raise__I)
                  000066a0    0000004c                   : BIOS.obj (.text:xdc_runtime_Core_assignParams__I)
                  000066ec    00000048     drivers_cc26x2.a : GPTimerCC26XX.oem4f (.text:GPTimerCC26XXHwiFxn)
                  00006734    00000048                      : PowerCC26X2_calibrateRCOSC.oem4f (.text:PowerCC26X2_RCOSC_clockFunc)
                  0000677c    00000048     rtsv7M4_T_le_v4SPD16_eabi.lib : fd_toi_t2.asm.obj (.text)
                  000067c4    00000048     drivers_cc26x2.a : PowerCC26X2.oem4f (.text:switchXOSCHF)
                  0000680c    00000048     sysbios.aem4f : BIOS.obj (.text:ti_sysbios_family_arm_m3_Hwi_Module_startup__E)
                  00006854    00000048                   : BIOS.obj (.text:ti_sysbios_heaps_HeapMem_getStats__E)
                  0000689c    00000048                   : BIOS.obj (.text:xdc_runtime_Core_constructObject__I)
                  000068e4    00000046     drivers_cc26x2.a : RingBuf.oem4f (.text:RingBuf_put)
                  0000692a    00000002     AM2302_pem4f.oem4f (.text:ti_uia_loggers_LoggerStopMode_setFilterLevel__E)
                  0000692c    00000044     drivers_cc26x2.a : GPIOCC26XX.oem4f (.text:GPIO_disableInt)
                  00006970    00000044     driverlib.lib : chipinfo.obj (.text:NOROM_ChipInfo_GetHwRevision)
                  000069b4    00000044     drivers_cc26x2.a : PINCC26XX.oem4f (.text:PIN_swi)
                  000069f8    00000044     sysbios.aem4f : BIOS.obj (.text:ti_sysbios_family_arm_m3_Hwi_disableInterrupt__E)
                  00006a3c    00000044                   : BIOS.obj (.text:ti_sysbios_family_arm_m3_Hwi_enableInterrupt__E)
                  00006a80    00000044                   : BIOS.obj (.text:ti_sysbios_knl_Mailbox_Module_startup__E)
                  00006ac4    00000044                   : BIOS.obj (.text:ti_sysbios_knl_Task_allBlockedFunction__I)
                  00006b08    00000044     ti.uia.loggers.aem4f : LoggerStopMode.oem4f (.text:ti_uia_loggers_LoggerStopMode_initBuffer__I)
                  00006b4c    00000044     sysbios.aem4f : BIOS.obj (.text:xdc_runtime_SysMin_flush__E)
                  00006b90    00000040     ti_drivers_config.obj (.text:Board_shutDownExtFlash)
                  00006bd0    00000040     dpl_cc26x2.a : ClockP_tirtos.oem4f (.text:ClockP_construct)
                  00006c10    00000040     driverlib.lib : osc.obj (.text:NOROM_OSC_HPOSCRelativeFrequencyOffsetGet)
                  00006c50    00000040     rtsv7M4_T_le_v4SPD16_eabi.lib : sprintf.c.obj (.text:sprintf)
                  00006c90    00000040     sysbios.aem4f : BIOS.obj (.text:ti_sysbios_family_arm_cc26xx_Timer_setThreshold__I)
                  00006cd0    00000040                   : BIOS.obj (.text:ti_sysbios_family_arm_m3_Hwi_getStackInfo__E)
                  00006d10    0000003e     dpl_cc26x2.a : HwiP_tirtos.oem4f (.text:HwiP_construct)
                  00006d4e    0000003e     drivers_cc26x2.a : RingBuf.oem4f (.text:RingBuf_putAdvance)
                  00006d8c    0000003e     rtsv7M4_T_le_v4SPD16_eabi.lib : _printfi.c.obj (.text:_fcpy)
                  00006dca    00000002     ti.uia.loggers.aem4f : LoggerStopMode.oem4f (.text:ti_uia_loggers_LoggerStopMode_setPriority__E)
                  00006dcc    0000003c     drivers_cc26x2.a : PINCC26XX.oem4f (.text:PIN_setInterrupt)
                  00006e08    0000003c                      : PINCC26XX.oem4f (.text:PIN_setOutputValue)
                  00006e44    0000003c     sysbios.aem4f : BIOS.obj (.text:ti_sysbios_family_arm_m3_Hwi_construct2__E)
                  00006e80    00000038     drivers_cc26x2.a : PINCC26XX.oem4f (.text:PIN_setConfig)
                  00006eb8    00000038                      : UART2CC26X2.oem4f (.text:UART2Support_sendData)
                  00006ef0    00000038     rtsv7M4_T_le_v4SPD16_eabi.lib : trgmsg.c.obj (.text:__TI_writemsg)
                  00006f28    00000038     drivers_cc26x2.a : PowerCC26X2.oem4f (.text:notify)
                  00006f60    00000038     sysbios.aem4f : BIOS.obj (.text:ti_sysbios_family_arm_cc26xx_Timer_getCurrentTick__E)
                  00006f98    00000038                   : BIOS.obj (.text:ti_sysbios_family_arm_m3_Hwi_Instance_finalize__E)
                  00006fd0    00000038                   : BIOS.obj (.text:ti_sysbios_heaps_HeapMem_Instance_init__E)
                  00007008    00000038                   : BIOS.obj (.text:ti_sysbios_knl_Clock_Instance_init__E)
                  00007040    00000038                   : BIOS.obj (.text:xdc_runtime_System_atexit__E)
                  00007078    00000034     drivers_cc26x2.a : GPIOCC26XX.oem4f (.text:GPIO_toggle)
                  000070ac    00000034                      : GPTimerCC26XX.oem4f (.text:GPTimerCC26XXSetLoadMatch)
                  000070e0    00000034                      : GPTimerCC26XX.oem4f (.text:GPTimerCC26XX_configureDebugStall)
                  00007114    00000034     driverlib.lib : aux_sysif.obj (.text:NOROM_AUXSYSIFOpModeChange)
                  00007148    00000034     drivers_cc26x2.a : RingBuf.oem4f (.text:RingBuf_getConsume)
                  0000717c    00000034                      : RingBuf.oem4f (.text:RingBuf_putPointer)
                  000071b0    00000034     rtsv7M4_T_le_v4SPD16_eabi.lib : trgmsg.c.obj (.text:__TI_readmsg)
                  000071e4    00000034     AM2302_pem4f.oem4f (.text:ti_sysbios_knl_Semaphore_create)
                  00007218    00000034     sysbios.aem4f : BIOS.obj (.text:ti_sysbios_knl_Swi_restore__E)
                  0000724c    00000034     ti.uia.loggers.aem4f : LoggerStopMode.oem4f (.text:ti_uia_loggers_LoggerStopMode_reset__E)
                  00007280    00000034     sysbios.aem4f : BIOS.obj (.text:xdc_runtime_SysMin_abort__E)
                  000072b4    00000034                   : BIOS.obj (.text:xdc_runtime_SysMin_putch__E)
                  000072e8    00000032                   : BIOS.obj (.text:ti_sysbios_family_arm_cc26xx_Timer_setNextTick__E)
                  0000731a    00000002                   : BIOS.obj (.text:xdc_runtime_Error_policySpin__E)
                  0000731c    00000030     drivers_cc26x2.a : GPIOCC26XX.oem4f (.text:GPIO_hwiIntFxn)
                  0000734c    00000030                      : GPIOCC26XX.oem4f (.text:GPIO_setCallback)
                  0000737c    00000030                      : PINCC26XX.oem4f (.text:PINCC26XX_setMux)
                  000073ac    00000030                      : PowerCC26X2.oem4f (.text:Power_releaseConstraint)
                  000073dc    00000030                      : PowerCC26X2.oem4f (.text:Power_setConstraint)
                  0000740c    00000030     AM2302_pem4f.oem4f (.text:ti_sysbios_BIOS_atExitFunc__I)
                  0000743c    00000030     AM2302_pem4f.oem4f (.text:ti_sysbios_BIOS_startFunc__I)
                  0000746c    00000030     sysbios.aem4f : BIOS.obj (.text:ti_sysbios_family_arm_cc26xx_Timer_initDevice__I)
                  0000749c    00000030     AM2302_pem4f.oem4f (.text:ti_sysbios_gates_GateHwi_Object__create__S)
                  000074cc    00000030     AM2302_pem4f.oem4f (.text:ti_sysbios_gates_GateMutex_Object__create__S)
                  000074fc    00000030     sysbios.aem4f : BIOS.obj (.text:ti_sysbios_gates_GateMutex_enter__E)
                  0000752c    00000030     AM2302_pem4f.oem4f (.text:ti_sysbios_heaps_HeapMem_Object__create__S)
                  0000755c    00000030     sysbios.aem4f : BIOS.obj (.text:ti_sysbios_heaps_HeapMem_free__E)
                  0000758c    00000030     AM2302_pem4f.oem4f (.text:ti_sysbios_knl_Clock_construct)
                  000075bc    00000030     AM2302_pem4f.oem4f (.text:ti_sysbios_knl_Semaphore_construct)
                  000075ec    00000030     sysbios.aem4f : BIOS.obj (.text:ti_sysbios_knl_Task_processVitalTaskFlag__I)
                  0000761c    00000030     AM2302_pem4f.oem4f (.text:ti_uia_loggers_LoggerStopMode_Object__create__S)
                  0000764c    00000030     sysbios.aem4f : BIOS.obj (.text:xdc_runtime_System_processAtExit__E)
                  0000767c    0000002e     rtsv7M4_T_le_v4SPD16_eabi.lib : i_tofd_t2.asm.obj (.text)
                  000076aa    0000002e     sysbios.aem4f : BIOS.obj (.text:ti_sysbios_family_arm_m3_TaskSupport_start__E)
                  000076d8    0000002e                   : BIOS.obj (.text:ti_sysbios_hal_Hwi_initStack)
                  00007706    00000002                   : BIOS.obj (.text:xdc_runtime_System_abortSpin__E)
                  00007708    0000002c     drivers_cc26x2.a : GPTimerCC26XX.oem4f (.text:GPTimerCC26XX_getTimerValue)
                  00007734    0000002c     dpl_cc26x2.a : SemaphoreP_tirtos.oem4f (.text:SemaphoreP_constructBinary)
                  00007760    0000002c                  : SemaphoreP_tirtos.oem4f (.text:SemaphoreP_createBinary)
                  0000778c    0000002c     AM2302_pem4f.oem4f (.text:ti_sysbios_gates_GateHwi_Handle__label__S)
                  000077b8    0000002c     AM2302_pem4f.oem4f (.text:ti_sysbios_gates_GateMutex_Handle__label__S)
                  000077e4    0000002c     AM2302_pem4f.oem4f (.text:ti_sysbios_heaps_HeapMem_Handle__label__S)
                  00007810    0000002c     sysbios.aem4f : BIOS.obj (.text:ti_sysbios_knl_Mailbox_postInit__I)
                  0000783c    0000002c     AM2302_pem4f.oem4f (.text:ti_sysbios_knl_Queue_construct)
                  00007868    0000002c     sysbios.aem4f : BIOS.obj (.text:ti_sysbios_knl_Semaphore_pendTimeout__I)
                  00007894    0000002c                   : BIOS.obj (.text:ti_sysbios_knl_Task_restore__E)
                  000078c0    0000002c     AM2302_pem4f.oem4f (.text:ti_uia_loggers_LoggerStopMode_Handle__label__S)
                  000078ec    0000002a     drivers_cc26x2.a : RingBuf.oem4f (.text:RingBuf_getPointer)
                  00007916    00000002     sysbios.aem4f : BIOS.obj (.text:xdc_runtime_System_exitSpin__E)
                  00007918    00000028     AM2302.obj (.text:ISR_GPIO_23)
                  00007940    00000028     drivers_cc26x2.a : PowerCC26X2.oem4f (.text:Power_registerNotify)
                  00007968    00000028                      : PowerCC26X2.oem4f (.text:oscillatorISR)
                  00007990    00000028     sysbios.aem4f : m3_Hwi_asm.obj (.text:ti_sysbios_family_arm_m3_Hwi_excHandlerAsm__I)
                  000079b8    00000028                   : BIOS.obj (.text:ti_sysbios_knl_Clock_addI__E)
                  000079e0    00000026     drivers_cc26x2.a : GPTimerCC26XX.oem4f (.text:GPTimerCC26XXLookupMask)
                  00007a06    00000026                      : List.oem4f (.text:List_put)
                  00007a2c    00000026     sysbios.aem4f : m3_Hwi_asm.obj (.text:ti_sysbios_family_arm_m3_Hwi_pendSV__I)
                  00007a52    00000002     --HOLE-- [fill = 0]
                  00007a54    00000024     drivers_cc26x2.a : GPTimerCC26XX.oem4f (.text:GPTimerCC26XX_enableInterrupt)
                  00007a78    00000024     driverlib.lib : osc.obj (.text:NOROM_OSCHF_TurnOnXosc)
                  00007a9c    00000024     drivers_cc26x2.a : PowerCC26X2_calibrateRCOSC.oem4f (.text:getTdcSemaphore)
                  00007ac0    00000024     AM2302_pem4f.oem4f (.text:ti_sysbios_BIOS_registerRTSLock__I)
                  00007ae4    00000024     AM2302_pem4f.oem4f (.text:ti_sysbios_BIOS_removeRTSLock__I)
                  00007b08    00000024     sysbios.aem4f : BIOS.obj (.text:ti_sysbios_family_arm_cc26xx_Timer_Module_startup__E)
                  00007b2c    00000024                   : BIOS.obj (.text:ti_sysbios_family_arm_cc26xx_Timer_getMaxTicks__E)
                  00007b50    00000024                   : BIOS.obj (.text:ti_sysbios_family_arm_cc26xx_Timer_startup__E)
                  00007b74    00000024     AM2302_pem4f.oem4f (.text:ti_sysbios_gates_GateMutex_Object__delete__S)
                  00007b98    00000024     sysbios.aem4f : BIOS.obj (.text:ti_sysbios_knl_Clock_Module_startup__E)
                  00007bbc    00000024                   : BIOS.obj (.text:ti_sysbios_knl_Semaphore_Instance_init__E)
                  00007be0    00000024     AM2302_pem4f.oem4f (.text:ti_sysbios_knl_Semaphore_Object__delete__S)
                  00007c04    00000024     sysbios.aem4f : BIOS.obj (.text:ti_sysbios_knl_Swi_Module_startup__E)
                  00007c28    00000024                   : BIOS.obj (.text:ti_sysbios_knl_Task_restoreHwi__E)
                  00007c4c    00000022     drivers_cc26x2.a : GPTimerCC26XX.oem4f (.text:GPTimerCC26XXReverseLookupMask)
                  00007c6e    00000022     sysbios.aem4f : BIOS.obj (.text:ti_sysbios_family_arm_cc26xx_Timer_postInit__I)
                  00007c90    00000022     AM2302_pem4f.oem4f (.text:xdc_runtime_SysMin_output__I)
                  00007cb2    00000002     --HOLE-- [fill = 0]
                  00007cb4    00000020     ti_drivers_config.obj (.text:Board_init)
                  00007cd4    00000020     drivers_cc26x2.a : PINCC26XX.oem4f (.text:PINCC26XX_setIoCfgMux)
                  00007cf4    00000020                      : UART2CC26X2.oem4f (.text:UART2CC26X2_getPowerMgrId)
                  00007d14    00000020     AM2302_pem4f.oem4f (.text:ti_sysbios_BIOS_rtsLock__I)
                  00007d34    00000020     sysbios.aem4f : BIOS.obj (.text:ti_sysbios_family_arm_cc26xx_Timer_dynamicStub__E)
                  00007d54    00000020                   : BIOS.obj (.text:ti_sysbios_family_arm_cc26xx_TimestampProvider_Module_startup__E)
                  00007d74    00000020     AM2302_pem4f.oem4f (.text:ti_sysbios_gates_GateHwi_Object__delete__S)
                  00007d94    00000020     AM2302_pem4f.oem4f (.text:ti_sysbios_heaps_HeapMem_Object__delete__S)
                  00007db4    00000020     sysbios.aem4f : BIOS.obj (.text:ti_sysbios_knl_Clock_getTicks__E)
                  00007dd4    00000020                   : BIOS.obj (.text:ti_sysbios_knl_Clock_stop__E)
                  00007df4    00000020                   : BIOS.obj (.text:ti_sysbios_knl_Idle_run__E)
                  00007e14    00000020     AM2302_pem4f.oem4f (.text:ti_sysbios_knl_Semaphore_destruct)
                  00007e34    00000020     AM2302_pem4f.oem4f (.text:ti_uia_loggers_LoggerStopMode_Object__delete__S)
                  00007e54    00000020     sysbios.aem4f : BIOS.obj (.text:xdc_runtime_SysMin_Module_startup__E)
                  00007e74    0000001e     drivers_cc26x2.a : PINCC26XX.oem4f (.text:PIN_close)
                  00007e92    0000001e     sysbios.aem4f : m3_Hwi_asm_switch.obj (.text:ti_sysbios_family_xxx_Hwi_switchAndRunFunc)
                  00007eb0    0000001c     AM2302.obj (.text:ISR_Timer_Temp)
                  00007ecc    0000001c     driverlib.lib : chipinfo.obj (.text:NOROM_ChipInfo_GetChipFamily)
                  00007ee8    0000001c     drivers_cc26x2.a : PINCC26XX.oem4f (.text:PIN_hwi)
                  00007f04    0000001c                      : UDMACC26XX.oem4f (.text:UDMACC26XX_initHw)
                  00007f20    0000001c     rtsv7M4_T_le_v4SPD16_eabi.lib : memccpy.c.obj (.text:memccpy)
                  00007f3c    0000001c     sysbios.aem4f : BIOS.obj (.text:ti_sysbios_family_arm_m3_Hwi_excHandler__I)
                  00007f58    0000001c                   : BIOS.obj (.text:ti_sysbios_family_arm_m3_Hwi_setPriority__E)
                  00007f74    0000001c                   : BIOS.obj (.text:ti_sysbios_gates_GateMutex_Instance_init__E)
                  00007f90    0000001c                   : BIOS.obj (.text:ti_sysbios_knl_Clock_scheduleNextTick__E)
                  00007fac    0000001c     AM2302_pem4f.oem4f (.text:ti_sysbios_knl_Queue_destruct)
                  00007fc8    0000001c     sysbios.aem4f : BIOS.obj (.text:ti_sysbios_knl_Queue_get__E)
                  00007fe4    0000001c                   : BIOS.obj (.text:ti_sysbios_knl_Queue_put__E)
                  00008000    0000001c                   : BIOS.obj (.text:ti_sysbios_knl_Swi_construct2__E)
                  0000801c    0000001c                   : BIOS.obj (.text:ti_sysbios_knl_Task_enter__I)
                  00008038    0000001c     ti.uia.loggers.aem4f : LoggerStopMode.oem4f (.text:ti_uia_loggers_LoggerStopMode_Instance_init__E)
                  00008054    0000001c     sysbios.aem4f : BIOS.obj (.text:xdc_runtime_Error_check__E)
                  00008070    0000001c                   : BIOS.obj (.text:xdc_runtime_Error_raiseX__E)
                  0000808c    0000001c                   : BIOS.obj (.text:xdc_runtime_Memory_valloc__E)
                  000080a8    0000001c                   : BIOS.obj (.text:xdc_runtime_SysMin_exit__E)
                  000080c4    0000001c                   : BIOS.obj (.text:xdc_runtime_System_abort__E)
                  000080e0    0000001a     drivers_cc26x2.a : PowerCC26X2.oem4f (.text:PowerCC26XX_calibrate)
                  000080fa    0000001a     rtsv7M4_T_le_v4SPD16_eabi.lib : s_copysign.c.obj (.text:copysign)
                  00008114    0000001a     sysbios.aem4f : BIOS.obj (.text:ti_sysbios_knl_Task_sleepTimeout__I)
                  0000812e    00000002     --HOLE-- [fill = 0]
                  00008130    00000018     driverlib.lib : chipinfo.obj (.text:NOROM_ChipInfo_GetPackageType)
                  00008148    00000018     drivers_cc26x2.a : PowerCC26X2.oem4f (.text:Power_idleFunc)
                  00008160    00000018                      : UART2.oem4f (.text:UART2_Params_init)
                  00008178    00000018     rtsv7M4_T_le_v4SPD16_eabi.lib : args_main.c.obj (.text:_args_main)
                  00008190    00000018                                   : sprintf.c.obj (.text:_outs)
                  000081a8    00000018                                   : ll_mul_t2.asm.obj (.text)
                  000081c0    00000018     drivers_cc26x2.a : PowerCC26X2.oem4f (.text:switchToTCXO)
                  000081d8    00000018     AM2302_pem4f.oem4f (.text:ti_sysbios_BIOS_rtsUnlock__I)
                  000081f0    00000018     AM2302_pem4f.oem4f (.text:ti_sysbios_family_arm_cc26xx_Timer_Module__startupDone__F)
                  00008208    00000018     AM2302_pem4f.oem4f (.text:ti_sysbios_family_arm_m3_Hwi_Module__startupDone__F)
                  00008220    00000018     sysbios.aem4f : BIOS.obj (.text:ti_sysbios_family_arm_m3_Hwi_plug__E)
                  00008238    00000018                   : m3_TaskSupport_asm.obj (.text:ti_sysbios_family_arm_m3_TaskSupport_swap__E)
                  00008250    00000018                   : BIOS.obj (.text:ti_sysbios_gates_GateMutex_leave__E)
                  00008268    00000018                   : BIOS.obj (.text:ti_sysbios_knl_Swi_or__E)
                  00008280    00000018                   : BIOS.obj (.text:ti_sysbios_knl_Task_unblock__E)
                  00008298    00000018                   : BIOS.obj (.text:xdc_runtime_System_exit__E)
                  000082b0    00000018                   : BIOS.obj (.text:xdc_runtime_Text_ropeText__E)
                  000082c8    00000016     driverlib.lib : chipinfo.obj (.text:NOROM_ThisLibraryIsFor_CC13x2_CC26x2_HwRev20AndLater_HaltIfViolated)
                  000082de    00000016     rtsv7M4_T_le_v4SPD16_eabi.lib : strchr.c.obj (.text:strchr)
                  000082f4    00000016     AM2302_pem4f.oem4f (.text:ti_sysbios_BIOS_exitFunc__I)
                  0000830a    00000016     sysbios.aem4f : BIOS.obj (.text:ti_sysbios_family_arm_cc26xx_TimestampProvider_get64__E)
                  00008320    00000016                   : BIOS.obj (.text:ti_sysbios_knl_Clock_start__E)
                  00008336    00000016     AM2302.obj (.text:ti_sysbios_knl_Mailbox_Params_init)
                  0000834c    00000016     AM2302.obj (.text:ti_sysbios_knl_Semaphore_Params_init)
                  00008362    00000016     AM2302.obj (.text:ti_sysbios_knl_Task_Params_init)
                  00008378    00000016     ti.uia.loggers.aem4f : LoggerStopMode.oem4f (.text:ti_uia_loggers_LoggerStopMode_disable__E)
                  0000838e    00000016                          : LoggerStopMode.oem4f (.text:ti_uia_loggers_LoggerStopMode_enable__E)
                  000083a4    00000014     dpl_cc26x2.a : HwiP_tirtos.oem4f (.text:HwiP_interruptsEnabled)
                  000083b8    00000014     drivers_cc26x2.a : PINCC26XX.oem4f (.text:PINCC26XX_getPinCount)
                  000083cc    00000014                      : PowerCC26X2_calibrateRCOSC.oem4f (.text:PowerCC26X2_calibrate)
                  000083e0    00000014     rtsv7M4_T_le_v4SPD16_eabi.lib : strlen.c.obj (.text:strlen)
                  000083f4    00000014     sysbios.aem4f : BIOS.obj (.text:ti_sysbios_family_arm_cc26xx_Timer_getCount64__E)
                  00008408    00000014     AM2302_pem4f.oem4f (.text:ti_sysbios_family_arm_m3_Hwi_Object__get__S)
                  0000841c    00000014     sysbios.aem4f : BIOS.obj (.text:ti_sysbios_family_arm_m3_Hwi_switchFromBootStack__E)
                  00008430    00000014     AM2302_pem4f.oem4f (.text:ti_sysbios_heaps_HeapMem_Object__get__S)
                  00008444    00000014     AM2302_pem4f.oem4f (.text:ti_sysbios_knl_Clock_doTick__I)
                  00008458    00000014     AM2302_pem4f.oem4f (.text:ti_sysbios_knl_Swi_Object__get__S)
                  0000846c    00000012     drivers_cc26x2.a : GPTimerCC26XX.oem4f (.text:GPTimerCC26XX_Params_init)
                  0000847e    00000012                      : RingBuf.oem4f (.text:RingBuf_construct)
                  00008490    00000012     dpl_cc26x2.a : SemaphoreP_tirtos.oem4f (.text:SemaphoreP_pend)
                  000084a2    00000012     drivers_cc26x2.a : UART2CC26X2.oem4f (.text:UART2CC26X2_writeTimeout)
                  000084b4    00000012     sysbios.aem4f : BIOS.obj (.text:ti_sysbios_hal_Hwi_Module_startup__E)
                  000084c6    00000012     rtsv7M4_T_le_v4SPD16_eabi.lib : wcslen.c.obj (.text:wcslen)
                  000084d8    00000012     AM2302_pem4f.oem4f (.text:xdc_runtime_Startup_exec__I)
                  000084ea    00000010     dpl_cc26x2.a : HwiP_tirtos.oem4f (.text:HwiP_Params_init)
                  000084fa    00000010                  : SwiP_tirtos.oem4f (.text:SwiP_Params_init)
                  0000850a    00000010     drivers_cc26x2.a : UART2CC26X2.oem4f (.text:UART2CC26X2_postNotifyFxn)
                  0000851a    00000010                      : UART2CC26X2.oem4f (.text:UART2CC26X2_readTimeout)
                  0000852a    00000010                      : UART2CC26X2.oem4f (.text:UART2Support_rxStatus2ErrorCode)
                  0000853a    00000010                      : UART2CC26X2.oem4f (.text:UART2Support_txDone)
                  0000854a    00000002     --HOLE-- [fill = 0]
                  0000854c    00000010     sysbios.aem4f : BIOS.obj (.text:ti_sysbios_BIOS_exit__E)
                  0000855c    00000010                   : BIOS.obj (.text:ti_sysbios_BIOS_getCpuFreq__E)
                  0000856c    00000010                   : BIOS.obj (.text:ti_sysbios_BIOS_setThreadType__E)
                  0000857c    00000010                   : BIOS.obj (.text:ti_sysbios_BIOS_start__E)
                  0000858c    00000010                   : m3_TaskSupport_asm.obj (.text:ti_sysbios_family_arm_m3_TaskSupport_glue)
                  0000859c    00000010                   : BIOS.obj (.text:ti_sysbios_gates_GateMutex_Instance_finalize__E)
                  000085ac    00000010     AM2302_pem4f.oem4f (.text:ti_sysbios_knl_Mailbox_Object__get__S)
                  000085bc    00000010     sysbios.aem4f : BIOS.obj (.text:ti_sysbios_knl_Semaphore_Instance_finalize__E)
                  000085cc    00000010                   : BIOS.obj (.text:ti_sysbios_knl_Swi_disable__E)
                  000085dc    00000010                   : BIOS.obj (.text:ti_sysbios_knl_Swi_enabled__E)
                  000085ec    00000010     AM2302_pem4f.oem4f (.text:ti_sysbios_knl_Task_Object__get__S)
                  000085fc    00000010     sysbios.aem4f : BIOS.obj (.text:ti_sysbios_knl_Task_disable__E)
                  0000860c    00000010     AM2302_pem4f.oem4f (.text:ti_uia_loggers_LoggerStopMode_Object__get__S)
                  0000861c    00000010     ti.uia.loggers.aem4f : LoggerStopMode.oem4f (.text:ti_uia_loggers_LoggerStopMode_isEmpty__E)
                  0000862c    00000010     sysbios.aem4f : BIOS.obj (.text:xdc_runtime_Gate_leaveSystem__E)
                  0000863c    00000010                   : BIOS.obj (.text:xdc_runtime_Memory_free__E)
                  0000864c    0000000e     drivers_cc26x2.a : UART2.oem4f (.text:UART2_write)
                  0000865a    0000000e     rtsv7M4_T_le_v4SPD16_eabi.lib : copy_decompress_none.c.obj (.text:decompress:none:__TI_decompress_none)
                  00008668    0000000e     sysbios.aem4f : BIOS.obj (.text:ti_sysbios_heaps_HeapMem_restore__E)
                  00008676    0000000e                   : BIOS.obj (.text:ti_sysbios_knl_Queue_empty__E)
                  00008684    0000000e                   : BIOS.obj (.text:ti_sysbios_knl_Queue_remove__E)
                  00008692    00000002     --HOLE-- [fill = 0]
                  00008694    0000000c     dpl_cc26x2.a : ClockP_tirtos.oem4f (.text:ClockP_getSystemTickPeriod)
                  000086a0    0000000c     driverlib.lib : cpu.obj (.text:NOROM_CPUcpsid)
                  000086ac    0000000c                   : cpu.obj (.text:NOROM_CPUcpsie)
                  000086b8    0000000c     drivers_cc26x2.a : PINCC26XX.oem4f (.text:PIN_registerIntCb)
                  000086c4    0000000c                      : PowerCC26X2.oem4f (.text:Power_getConstraintMask)
                  000086d0    0000000c     dpl_cc26x2.a : SemaphoreP_tirtos.oem4f (.text:SemaphoreP_delete)
                  000086dc    0000000c     drivers_cc26x2.a : UART2CC26X2.oem4f (.text:UART2Support_disableTx)
                  000086e8    0000000c                      : UART2CC26X2.oem4f (.text:UART2Support_enableTx)
                  000086f4    0000000c     rtsv7M4_T_le_v4SPD16_eabi.lib : _lock.c.obj (.text:_register_lock)
                  00008700    0000000c                                   : _lock.c.obj (.text:_register_unlock)
                  0000870c    0000000c                                   : copy_zero_init.c.obj (.text:decompress:ZI:__TI_zero_init)
                  00008718    0000000c     AM2302_pem4f.oem4f (.text:ti_sysbios_family_arm_m3_Hwi_Params__init__S)
                  00008724    0000000c     sysbios.aem4f : BIOS.obj (.text:ti_sysbios_family_arm_m3_Hwi_disableFxn__E)
                  00008730    0000000c                   : BIOS.obj (.text:ti_sysbios_family_arm_m3_TaskSupport_getStackAlignment__E)
                  0000873c    0000000c                   : BIOS.obj (.text:ti_sysbios_gates_GateHwi_enter__E)
                  00008748    0000000c     AM2302_pem4f.oem4f (.text:ti_sysbios_knl_Clock_Params__init__S)
                  00008754    0000000c     sysbios.aem4f : BIOS.obj (.text:ti_sysbios_knl_Clock_getTimerHandle__E)
                  00008760    0000000c     AM2302_pem4f.oem4f (.text:ti_sysbios_knl_Mailbox_Params__init__S)
                  0000876c    0000000c     AM2302_pem4f.oem4f (.text:ti_sysbios_knl_Queue_Object__get__S)
                  00008778    0000000c     sysbios.aem4f : BIOS.obj (.text:ti_sysbios_knl_Queue_dequeue__E)
                  00008784    0000000c                   : BIOS.obj (.text:ti_sysbios_knl_Queue_enqueue__E)
                  00008790    0000000c     AM2302_pem4f.oem4f (.text:ti_sysbios_knl_Semaphore_Params__init__S)
                  0000879c    0000000c     AM2302.obj (.text:ti_sysbios_knl_Semaphore_handle)
                  000087a8    0000000c     AM2302_pem4f.oem4f (.text:ti_sysbios_knl_Swi_Params__init__S)
                  000087b4    0000000c     sysbios.aem4f : BIOS.obj (.text:ti_sysbios_knl_Swi_getTrigger__E)
                  000087c0    0000000c     AM2302_pem4f.oem4f (.text:ti_sysbios_knl_Task_Params__init__S)
                  000087cc    0000000c     sysbios.aem4f : BIOS.obj (.text:ti_sysbios_knl_Task_self__E)
                  000087d8    0000000c                   : BIOS.obj (.text:xdc_runtime_Gate_enterSystem__E)
                  000087e4    0000000c                   : BIOS.obj (.text:xdc_runtime_Memory_calloc__E)
                  000087f0    0000000c                   : BIOS.obj (.text:xdc_runtime_Memory_getMaxDefaultTypeAlign__E)
                  000087fc    0000000c                   : BIOS.obj (.text:xdc_runtime_Startup_rtsDone__E)
                  00008808    0000000a     dpl_cc26x2.a : ClockP_tirtos.oem4f (.text:ClockP_Params_init)
                  00008812    0000000a     drivers_cc26x2.a : UDMACC26XX.oem4f (.text:UDMACC26XX_hwiIntFxn)
                  0000881c    0000000a     rtsv7M4_T_le_v4SPD16_eabi.lib : sprintf.c.obj (.text:_outc)
                  00008826    0000000a     AM2302_pem4f.oem4f (.text:xdc_runtime_IHeap_alloc)
                  00008830    0000000a     AM2302_pem4f.oem4f (.text:xdc_runtime_IHeap_free)
                  0000883a    00000008     drivers_cc26x2.a : GPTimerCC26XX.oem4f (.text:GPTimerCC26XX_setLoadValue)
                  00008842    00000002     --HOLE-- [fill = 0]
                  00008844    00000008     rtsv7M4_T_le_v4SPD16_eabi.lib : errno.c.obj (.text:__aeabi_errno_addr)
                  0000884c    00000008     sysbios.aem4f : BIOS.obj (.text:ti_sysbios_family_arm_m3_Hwi_doSwiRestore__I)
                  00008854    00000008                   : BIOS.obj (.text:ti_sysbios_family_arm_m3_Hwi_startup__E)
                  0000885c    00000008                   : BIOS.obj (.text:ti_sysbios_knl_Idle_loop__E)
                  00008864    00000006     drivers_cc26x2.a : GPTimerCC26XX.oem4f (.text:GPTimerCC26XX_getFreeRunValue)
                  0000886a    00000006     driverlib.lib : cpu.obj (.text:NOROM_CPUdelay)
                  00008870    00000006     drivers_cc26x2.a : PowerCC26X2.oem4f (.text:delayUs)
                  00008876    00000006     sysbios.aem4f : BIOS.obj (.text:ti_sysbios_family_arm_m3_Hwi_doTaskRestore__I)
                  0000887c    00000006                   : BIOS.obj (.text:ti_sysbios_family_arm_m3_Hwi_restoreFxn__E)
                  00008882    00000006                   : BIOS.obj (.text:ti_sysbios_gates_GateHwi_leave__E)
                  00008888    00000006                   : BIOS.obj (.text:ti_sysbios_heaps_HeapMem_isBlocking__E)
                  0000888e    00000006                   : BIOS.obj (.text:ti_sysbios_knl_Queue_Instance_init__E)
                  00008894    00000006                   : BIOS.obj (.text:ti_sysbios_knl_Queue_elemClear__E)
                  0000889a    00000006                   : BIOS.obj (.text:ti_sysbios_knl_Swi_startup__E)
                  000088a0    00000006                   : BIOS.obj (.text:xdc_runtime_System_Module_startup__E)
                  000088a6    00000004     dpl_cc26x2.a : ClockP_tirtos.oem4f (.text:ClockP_getCpuFreq)
                  000088aa    00000004                  : ClockP_tirtos.oem4f (.text:ClockP_setTimeout)
                  000088ae    00000004                  : ClockP_tirtos.oem4f (.text:ClockP_start)
                  000088b2    00000004                  : ClockP_tirtos.oem4f (.text:ClockP_stop)
                  000088b6    00000004                  : HwiP_tirtos.oem4f (.text:HwiP_disable)
                  000088ba    00000004     drivers_cc26x2.a : PowerCC26X2.oem4f (.text:PowerCC26XX_doWFI)
                  000088be    00000004     dpl_cc26x2.a : SemaphoreP_tirtos.oem4f (.text:SemaphoreP_post)
                  000088c2    00000004                  : SwiP_tirtos.oem4f (.text:SwiP_getTrigger)
                  000088c6    00000004                  : SwiP_tirtos.oem4f (.text:SwiP_or)
                  000088ca    00000004     drivers_cc26x2.a : PowerCC26X2.oem4f (.text:configureRFCoreClocks)
                  000088ce    00000004                      : PowerCC26X2.oem4f (.text:nopResourceHandler)
                  000088d2    00000004     AM2302_pem4f.oem4f (.text:ti_sysbios_BIOS_RtsGateProxy_enter__E)
                  000088d6    00000004     AM2302_pem4f.oem4f (.text:ti_sysbios_BIOS_RtsGateProxy_leave__E)
                  000088da    00000004     sysbios.aem4f : BIOS.obj (.text:ti_sysbios_family_arm_cc26xx_Timer_setPeriod__E)
                  000088de    00000004     AM2302_pem4f.oem4f (.text:ti_sysbios_family_arm_m3_TaskSupport_Module__startupDone__S)
                  000088e2    00000004     sysbios.aem4f : BIOS.obj (.text:ti_sysbios_gates_GateHwi_query__E)
                  000088e6    00000004                   : BIOS.obj (.text:ti_sysbios_gates_GateMutex_query__E)
                  000088ea    00000004     AM2302_pem4f.oem4f (.text:ti_sysbios_heaps_HeapMem_Module_GateProxy_enter__E)
                  000088ee    00000004     AM2302_pem4f.oem4f (.text:ti_sysbios_heaps_HeapMem_Module_GateProxy_leave__E)
                  000088f2    00000004     AM2302_pem4f.oem4f (.text:ti_sysbios_knl_Clock_TimerProxy_getCurrentTick__E)
                  000088f6    00000004     AM2302_pem4f.oem4f (.text:ti_sysbios_knl_Clock_TimerProxy_getMaxTicks__E)
                  000088fa    00000004     AM2302_pem4f.oem4f (.text:ti_sysbios_knl_Clock_TimerProxy_setNextTick__E)
                  000088fe    00000004     sysbios.aem4f : BIOS.obj (.text:ti_sysbios_knl_Clock_removeI__E)
                  00008902    00000004                   : BIOS.obj (.text:ti_sysbios_knl_Clock_setTimeout__E)
                  00008906    00000004                   : BIOS.obj (.text:ti_sysbios_knl_Queue_head__E)
                  0000890a    00000004                   : BIOS.obj (.text:ti_sysbios_knl_Queue_next__E)
                  0000890e    00000004                   : BIOS.obj (.text:ti_sysbios_knl_Queue_prev__E)
                  00008912    00000004     AM2302_pem4f.oem4f (.text:ti_sysbios_knl_Semaphore_delete)
                  00008916    00000004     sysbios.aem4f : BIOS.obj (.text:ti_sysbios_knl_Swi_postInit__I)
                  0000891a    00000004                   : BIOS.obj (.text:ti_sysbios_knl_Task_startup__E)
                  0000891e    00000004     ti.uia.loggers.aem4f : LoggerStopMode.oem4f (.text:ti_uia_loggers_LoggerStopMode_getContents__E)
                  00008922    00000004     AM2302_pem4f.oem4f (.text:ti_uia_loggers_LoggerStopMode_getFilterLevel__E)
                  00008926    00000004     ti.uia.loggers.aem4f : LoggerStopMode.oem4f (.text:ti_uia_loggers_LoggerStopMode_getInstanceId__E)
                  0000892a    00000004                          : LoggerStopMode.oem4f (.text:ti_uia_loggers_LoggerStopMode_getMaxLength__E)
                  0000892e    00000004                          : LoggerStopMode.oem4f (.text:ti_uia_loggers_LoggerStopMode_getPriority__E)
                  00008932    00000004                          : LoggerStopMode.oem4f (.text:ti_uia_loggers_LoggerStopMode_getTransferType__E)
                  00008936    00000004     AM2302_pem4f.oem4f (.text:xdc_runtime_System_Module_GateProxy_enter__E)
                  0000893a    00000004     AM2302_pem4f.oem4f (.text:xdc_runtime_System_Module_GateProxy_leave__E)

.const     0    00008940    000008df     
                  00008940    00000101     rtsv7M4_T_le_v4SPD16_eabi.lib : ctype.c.obj (.const:.string:_ctypes_)
                  00008a41    00000002     drivers_cc26x2.a : UART2CC26X2.oem4f (.const:.string:stopBits)
                  00008a43    00000001     AM2302_pem4f.oem4f (.const:xdc_runtime_Error_policy__C)
                  00008a44    00000060     AM2302_pem4f.oem4f (.const:ti_uia_loggers_LoggerStopMode_Module__FXNS__C)
                  00008aa4    00000054     drivers_cc26x2.a : PowerCC26X2.oem4f (.const:resourceDB)
                  00008af8    0000003c     AM2302_pem4f.oem4f (.const:ti_sysbios_knl_Task_Object__PARAMS__C)
                  00008b34    0000003c     ti_drivers_config.obj (.const:uart2CC26X2HWAttrs)
                  00008b70    00000034     AM2302_pem4f.oem4f (.const:ti_sysbios_knl_Mailbox_Object__PARAMS__C)
                  00008ba4    00000030     AM2302_pem4f.oem4f (.const:ti_sysbios_family_arm_m3_Hwi_Object__PARAMS__C)
                  00008bd4    0000002c     AM2302_pem4f.oem4f (.const:xdc_runtime_Startup_sfxnTab__A)
                  00008c00    00000028     AM2302_pem4f.oem4f (.const:ti_sysbios_heaps_HeapMem_Module__FXNS__C)
                  00008c28    00000028     AM2302_pem4f.oem4f (.const:ti_sysbios_knl_Swi_Object__PARAMS__C)
                  00008c50    00000028     AM2302_pem4f.oem4f (.const:ti_uia_loggers_LoggerStopMode_Object__PARAMS__C)
                  00008c78    00000024     drivers_cc26x2.a : UART2.oem4f (.const:UART2_defaultParams)
                  00008c9c    00000024     AM2302_pem4f.oem4f (.const:ti_sysbios_gates_GateHwi_Module__FXNS__C)
                  00008cc0    00000024     AM2302_pem4f.oem4f (.const:ti_sysbios_gates_GateMutex_Module__FXNS__C)
                  00008ce4    00000024     AM2302_pem4f.oem4f (.const:ti_sysbios_heaps_HeapMem_Object__PARAMS__C)
                  00008d08    00000024     AM2302_pem4f.oem4f (.const:ti_sysbios_knl_Clock_Object__PARAMS__C)
                  00008d2c    00000024     AM2302_pem4f.oem4f (.const:ti_sysbios_knl_Semaphore_Object__PARAMS__C)
                  00008d50    00000020     AM2302_pem4f.oem4f (.const:ti_sysbios_family_arm_m3_Hwi_Object__DESC__C)
                  00008d70    00000020     AM2302_pem4f.oem4f (.const:ti_sysbios_gates_GateHwi_Object__DESC__C)
                  00008d90    00000020     AM2302_pem4f.oem4f (.const:ti_sysbios_gates_GateMutex_Object__DESC__C)
                  00008db0    00000020     AM2302_pem4f.oem4f (.const:ti_sysbios_heaps_HeapMem_Object__DESC__C)
                  00008dd0    00000020     AM2302_pem4f.oem4f (.const:ti_sysbios_knl_Clock_Object__DESC__C)
                  00008df0    00000020     AM2302_pem4f.oem4f (.const:ti_sysbios_knl_Mailbox_Object__DESC__C)
                  00008e10    00000020     AM2302_pem4f.oem4f (.const:ti_sysbios_knl_Queue_Object__DESC__C)
                  00008e30    00000020     AM2302_pem4f.oem4f (.const:ti_sysbios_knl_Semaphore_Object__DESC__C)
                  00008e50    00000020     AM2302_pem4f.oem4f (.const:ti_sysbios_knl_Swi_Object__DESC__C)
                  00008e70    00000020     AM2302_pem4f.oem4f (.const:ti_sysbios_knl_Task_Object__DESC__C)
                  00008e90    00000020     AM2302_pem4f.oem4f (.const:ti_uia_loggers_LoggerStopMode_Object__DESC__C)
                  00008eb0    0000001c     drivers_cc26x2.a : GPTimerCC26XX.oem4f (.const:GPT_LUT)
                  00008ecc    00000018     ti_drivers_config.obj (.const:BoardGpioInitTable)
                  00008ee4    00000018     drivers_cc26x2.a : GPIOCC26XX.oem4f (.const:interruptType)
                  00008efc    00000018     AM2302_pem4f.oem4f (.const:ti_sysbios_gates_GateHwi_Object__PARAMS__C)
                  00008f14    00000018     AM2302_pem4f.oem4f (.const:ti_sysbios_gates_GateMutex_Object__PARAMS__C)
                  00008f2c    00000018     AM2302_pem4f.oem4f (.const:ti_sysbios_knl_Queue_Object__PARAMS__C)
                  00008f44    00000016     AM2302_pem4f.oem4f (.const:xdc_runtime_Startup_sfxnRts__A)
                  00008f5a    00000002     AM2302_pem4f.oem4f (.const:ti_sysbios_family_arm_cc26xx_TimestampProvider_useClockTimer__C)
                  00008f5c    00000014     ti_drivers_config.obj (.const:$P$T1$2)
                  00008f70    00000014     ti_drivers_config.obj (.const:GPIOCC26XX_config)
                  00008f84    00000014     ti_drivers_config.obj (.const:PowerCC26X2_config)
                  00008f98    00000010     drivers_cc26x2.a : GPIOCC26XX.oem4f (.const:outPinTypes)
                  00008fa8    0000000c     ti_drivers_config.obj (.const:GPTimerCC26XX_config)
                  00008fb4    0000000c     ti_drivers_config.obj (.const:gptimerCC26XXHWAttrs)
                  00008fc0    0000000c     drivers_cc26x2.a : GPIOCC26XX.oem4f (.const:inPinTypes)
                  00008fcc    0000000c                      : GPIOCC26XX.oem4f (.const:outPinStrengths)
                  00008fd8    0000000c     AM2302_pem4f.oem4f (.const:xdc_runtime_Startup_firstFxns__A)
                  00008fe4    00000008     driverlib.lib : aux_sysif.obj (.const:$O1$$)
                  00008fec    00000008     ti_drivers_config.obj (.const:$P$T0$1)
                  00008ff4    00000008     drivers_cc26x2.a : GPTimerCC26XX.oem4f (.const:GPT_DefaultParams)
                  00008ffc    00000008     ti_drivers_config.obj (.const:PINCC26XX_hwAttrs)
                  00009004    00000008     ti_drivers_config.obj (.const:UART2_config)
                  0000900c    00000008     ti_drivers_config.obj (.const:UDMACC26XX_config)
                  00009014    00000008     AM2302_pem4f.oem4f (.const:ti_sysbios_knl_Idle_funcList__C)
                  0000901c    00000008     ti_drivers_config.obj (.const:udmaCC26XXHWAttrs)
                  00009024    00000008     AM2302_pem4f.oem4f (.const:xdc_runtime_Startup_firstFxns__C)
                  0000902c    00000008     AM2302_pem4f.oem4f (.const:xdc_runtime_Startup_lastFxns__C)
                  00009034    00000007     ti_drivers_config.obj (.const)
                  0000903b    00000005     drivers_cc26x2.a : UART2CC26X2.oem4f (.const:.string:parityType)
                  00009040    00000005                      : UART2CC26X2.oem4f (.const:.string:rxFifoThreshold)
                  00009045    00000005                      : UART2CC26X2.oem4f (.const:.string:txFifoThreshold)
                  0000904a    00000004                      : UART2CC26X2.oem4f (.const:.string:dataLength)
                  0000904e    00000002     AM2302_pem4f.oem4f (.const:ti_sysbios_family_arm_m3_Hwi_Module__id__C)
                  00009050    00000004     AM2302_pem4f.oem4f (.const:ti_sysbios_family_arm_cc26xx_Timer_funcHookCH1__C)
                  00009054    00000004     AM2302_pem4f.oem4f (.const:ti_sysbios_family_arm_cc26xx_Timer_funcHookCH2__C)
                  00009058    00000004     AM2302_pem4f.oem4f (.const:ti_sysbios_family_arm_cc26xx_Timer_startupNeeded__C)
                  0000905c    00000004     AM2302_pem4f.oem4f (.const:ti_sysbios_family_arm_m3_Hwi_E_alreadyDefined__C)
                  00009060    00000004     AM2302_pem4f.oem4f (.const:ti_sysbios_family_arm_m3_Hwi_E_badIntNum__C)
                  00009064    00000004     AM2302_pem4f.oem4f (.const:ti_sysbios_family_arm_m3_Hwi_LD_end__C)
                  00009068    00000004     AM2302_pem4f.oem4f (.const:ti_sysbios_family_arm_m3_Hwi_LM_begin__C)
                  0000906c    00000004     AM2302_pem4f.oem4f (.const:ti_sysbios_family_arm_m3_Hwi_Module__diagsEnabled__C)
                  00009070    00000004     AM2302_pem4f.oem4f (.const:ti_sysbios_family_arm_m3_Hwi_Module__diagsIncluded__C)
                  00009074    00000004     AM2302_pem4f.oem4f (.const:ti_sysbios_family_arm_m3_Hwi_Module__diagsMask__C)
                  00009078    00000004     AM2302_pem4f.oem4f (.const:ti_sysbios_family_arm_m3_Hwi_Module__loggerFxn1__C)
                  0000907c    00000004     AM2302_pem4f.oem4f (.const:ti_sysbios_family_arm_m3_Hwi_Module__loggerFxn8__C)
                  00009080    00000004     AM2302_pem4f.oem4f (.const:ti_sysbios_family_arm_m3_Hwi_Module__loggerObj__C)
                  00009084    00000004     AM2302_pem4f.oem4f (.const:ti_sysbios_family_arm_m3_Hwi_NUM_INTERRUPTS__C)
                  00009088    00000004     AM2302_pem4f.oem4f (.const:ti_sysbios_family_arm_m3_Hwi_Object__count__C)
                  0000908c    00000004     AM2302_pem4f.oem4f (.const:ti_sysbios_family_arm_m3_Hwi_ccr__C)
                  00009090    00000004     AM2302_pem4f.oem4f (.const:ti_sysbios_family_arm_m3_Hwi_excHandlerFunc__C)
                  00009094    00000004     AM2302_pem4f.oem4f (.const:ti_sysbios_family_arm_m3_Hwi_nullIsrFunc__C)
                  00009098    00000004     AM2302_pem4f.oem4f (.const:ti_sysbios_family_arm_m3_Hwi_priGroup__C)
                  0000909c    00000004     AM2302_pem4f.oem4f (.const:ti_sysbios_family_arm_m3_TaskSupport_stackAlignment__C)
                  000090a0    00000004     AM2302_pem4f.oem4f (.const:ti_sysbios_gates_GateMutex_Instance_State_sem__O)
                  000090a4    00000004     AM2302_pem4f.oem4f (.const:ti_sysbios_heaps_HeapMem_E_memory__C)
                  000090a8    00000004     AM2302_pem4f.oem4f (.const:ti_sysbios_heaps_HeapMem_Module__gateObj__C)
                  000090ac    00000004     AM2302_pem4f.oem4f (.const:ti_sysbios_heaps_HeapMem_Object__count__C)
                  000090b0    00000004     AM2302_pem4f.oem4f (.const:ti_sysbios_heaps_HeapMem_primaryHeapBaseAddr__C)
                  000090b4    00000004     AM2302_pem4f.oem4f (.const:ti_sysbios_heaps_HeapMem_primaryHeapEndAddr__C)
                  000090b8    00000004     AM2302_pem4f.oem4f (.const:ti_sysbios_heaps_HeapMem_reqAlign__C)
                  000090bc    00000004     AM2302_pem4f.oem4f (.const:ti_sysbios_knl_Clock_LM_begin__C)
                  000090c0    00000004     AM2302_pem4f.oem4f (.const:ti_sysbios_knl_Clock_LM_tick__C)
                  000090c4    00000004     AM2302_pem4f.oem4f (.const:ti_sysbios_knl_Clock_Module_State_clockQ__O)
                  000090c8    00000004     AM2302_pem4f.oem4f (.const:ti_sysbios_knl_Clock_Module__diagsEnabled__C)
                  000090cc    00000004     AM2302_pem4f.oem4f (.const:ti_sysbios_knl_Clock_Module__diagsIncluded__C)
                  000090d0    00000004     AM2302_pem4f.oem4f (.const:ti_sysbios_knl_Clock_Module__diagsMask__C)
                  000090d4    00000004     AM2302_pem4f.oem4f (.const:ti_sysbios_knl_Clock_Module__loggerFxn1__C)
                  000090d8    00000004     AM2302_pem4f.oem4f (.const:ti_sysbios_knl_Clock_Module__loggerFxn2__C)
                  000090dc    00000004     AM2302_pem4f.oem4f (.const:ti_sysbios_knl_Clock_Module__loggerObj__C)
                  000090e0    00000004     AM2302_pem4f.oem4f (.const:ti_sysbios_knl_Clock_tickPeriod__C)
                  000090e4    00000004     AM2302_pem4f.oem4f (.const:ti_sysbios_knl_Clock_triggerClock__C)
                  000090e8    00000004     AM2302_pem4f.oem4f (.const:ti_sysbios_knl_Idle_funcList__A)
                  000090ec    00000004     AM2302_pem4f.oem4f (.const:ti_sysbios_knl_Mailbox_Instance_State_dataQue__O)
                  000090f0    00000004     AM2302_pem4f.oem4f (.const:ti_sysbios_knl_Mailbox_Instance_State_dataSem__O)
                  000090f4    00000004     AM2302_pem4f.oem4f (.const:ti_sysbios_knl_Mailbox_Instance_State_freeQue__O)
                  000090f8    00000004     AM2302_pem4f.oem4f (.const:ti_sysbios_knl_Mailbox_Instance_State_freeSem__O)
                  000090fc    00000004     AM2302_pem4f.oem4f (.const:ti_sysbios_knl_Mailbox_Object__count__C)
                  00009100    00000004     AM2302_pem4f.oem4f (.const:ti_sysbios_knl_Mailbox_maxTypeAlign__C)
                  00009104    00000004     AM2302_pem4f.oem4f (.const:ti_sysbios_knl_Semaphore_Instance_State_pendQ__O)
                  00009108    00000004     AM2302_pem4f.oem4f (.const:ti_sysbios_knl_Semaphore_LM_pend__C)
                  0000910c    00000004     AM2302_pem4f.oem4f (.const:ti_sysbios_knl_Semaphore_LM_post__C)
                  00009110    00000004     AM2302_pem4f.oem4f (.const:ti_sysbios_knl_Semaphore_Module__diagsEnabled__C)
                  00009114    00000004     AM2302_pem4f.oem4f (.const:ti_sysbios_knl_Semaphore_Module__diagsIncluded__C)
                  00009118    00000004     AM2302_pem4f.oem4f (.const:ti_sysbios_knl_Semaphore_Module__diagsMask__C)
                  0000911c    00000004     AM2302_pem4f.oem4f (.const:ti_sysbios_knl_Semaphore_Module__loggerFxn2__C)
                  00009120    00000004     AM2302_pem4f.oem4f (.const:ti_sysbios_knl_Semaphore_Module__loggerFxn4__C)
                  00009124    00000004     AM2302_pem4f.oem4f (.const:ti_sysbios_knl_Semaphore_Module__loggerObj__C)
                  00009128    00000004     AM2302_pem4f.oem4f (.const:ti_sysbios_knl_Swi_LD_end__C)
                  0000912c    00000004     AM2302_pem4f.oem4f (.const:ti_sysbios_knl_Swi_LM_begin__C)
                  00009130    00000004     AM2302_pem4f.oem4f (.const:ti_sysbios_knl_Swi_LM_post__C)
                  00009134    00000004     AM2302_pem4f.oem4f (.const:ti_sysbios_knl_Swi_Module__diagsEnabled__C)
                  00009138    00000004     AM2302_pem4f.oem4f (.const:ti_sysbios_knl_Swi_Module__diagsIncluded__C)
                  0000913c    00000004     AM2302_pem4f.oem4f (.const:ti_sysbios_knl_Swi_Module__diagsMask__C)
                  00009140    00000004     AM2302_pem4f.oem4f (.const:ti_sysbios_knl_Swi_Module__loggerFxn1__C)
                  00009144    00000004     AM2302_pem4f.oem4f (.const:ti_sysbios_knl_Swi_Module__loggerFxn4__C)
                  00009148    00000004     AM2302_pem4f.oem4f (.const:ti_sysbios_knl_Swi_Module__loggerObj__C)
                  0000914c    00000004     AM2302_pem4f.oem4f (.const:ti_sysbios_knl_Swi_Object__count__C)
                  00009150    00000004     AM2302_pem4f.oem4f (.const:ti_sysbios_knl_Swi_numPriorities__C)
                  00009154    00000004     AM2302_pem4f.oem4f (.const:ti_sysbios_knl_Task_LD_block__C)
                  00009158    00000004     AM2302_pem4f.oem4f (.const:ti_sysbios_knl_Task_LD_exit__C)
                  0000915c    00000004     AM2302_pem4f.oem4f (.const:ti_sysbios_knl_Task_LD_ready__C)
                  00009160    00000004     AM2302_pem4f.oem4f (.const:ti_sysbios_knl_Task_LM_sleep__C)
                  00009164    00000004     AM2302_pem4f.oem4f (.const:ti_sysbios_knl_Task_LM_switch__C)
                  00009168    00000004     AM2302_pem4f.oem4f (.const:ti_sysbios_knl_Task_Module_State_inactiveQ__O)
                  0000916c    00000004     AM2302_pem4f.oem4f (.const:ti_sysbios_knl_Task_Module__diagsEnabled__C)
                  00009170    00000004     AM2302_pem4f.oem4f (.const:ti_sysbios_knl_Task_Module__diagsIncluded__C)
                  00009174    00000004     AM2302_pem4f.oem4f (.const:ti_sysbios_knl_Task_Module__diagsMask__C)
                  00009178    00000004     AM2302_pem4f.oem4f (.const:ti_sysbios_knl_Task_Module__loggerFxn2__C)
[...]
00008d90  ti_sysbios_gates_GateMutex_Object__DESC__C                         
00008db0  ti_sysbios_heaps_HeapMem_Object__DESC__C                           
00008dd0  ti_sysbios_knl_Clock_Object__DESC__C                               
00008df0  ti_sysbios_knl_Mailbox_Object__DESC__C                             
00008e10  ti_sysbios_knl_Queue_Object__DESC__C                               
00008e30  ti_sysbios_knl_Semaphore_Object__DESC__C                           
00008e50  ti_sysbios_knl_Swi_Object__DESC__C                                 
00008e70  ti_sysbios_knl_Task_Object__DESC__C                                
00008e90  ti_uia_loggers_LoggerStopMode_Object__DESC__C                      
00008ecc  BoardGpioInitTable                                                 
00008efc  ti_sysbios_gates_GateHwi_Object__PARAMS__C                         
00008f14  ti_sysbios_gates_GateMutex_Object__PARAMS__C                       
00008f2c  ti_sysbios_knl_Queue_Object__PARAMS__C                             
00008f44  xdc_runtime_Startup_sfxnRts__A                                     
00008f5a  ti_sysbios_family_arm_cc26xx_TimestampProvider_useClockTimer__C    
00008f70  GPIOCC26XX_config                                                  
00008f84  PowerCC26X2_config                                                 
00008f98  outPinTypes                                                        
00008fa8  GPTimerCC26XX_config                                               
00008fb4  gptimerCC26XXHWAttrs                                               
00008fc0  inPinTypes                                                         
00008fcc  outPinStrengths                                                    
00008fd8  xdc_runtime_Startup_firstFxns__A                                   
00008ffc  PINCC26XX_hwAttrs                                                  
00009004  UART2_config                                                       
0000900c  UDMACC26XX_config                                                  
00009014  ti_sysbios_knl_Idle_funcList__C                                    
0000901c  udmaCC26XXHWAttrs                                                  
00009024  xdc_runtime_Startup_firstFxns__C                                   
0000902c  xdc_runtime_Startup_lastFxns__C                                    
00009034  CONFIG_GPIO_LED_0_CONST                                            
00009035  CONFIG_GPIO_LED_1_CONST                                            
00009036  CONFIG_GPIO_23_CONST                                               
00009037  CONFIG_UART2_0_CONST                                               
00009038  UART2_count                                                        
00009039  CONFIG_GPTIMER_1_CONST                                             
0000903a  GPTimer_count                                                      
0000904e  ti_sysbios_family_arm_m3_Hwi_Module__id__C                         
00009050  ti_sysbios_family_arm_cc26xx_Timer_funcHookCH1__C                  
00009054  ti_sysbios_family_arm_cc26xx_Timer_funcHookCH2__C                  
00009058  ti_sysbios_family_arm_cc26xx_Timer_startupNeeded__C                
0000905c  ti_sysbios_family_arm_m3_Hwi_E_alreadyDefined__C                   
00009060  ti_sysbios_family_arm_m3_Hwi_E_badIntNum__C                        
00009064  ti_sysbios_family_arm_m3_Hwi_LD_end__C                             
00009068  ti_sysbios_family_arm_m3_Hwi_LM_begin__C                           
0000906c  ti_sysbios_family_arm_m3_Hwi_Module__diagsEnabled__C               
00009070  ti_sysbios_family_arm_m3_Hwi_Module__diagsIncluded__C              
00009074  ti_sysbios_family_arm_m3_Hwi_Module__diagsMask__C                  
00009078  ti_sysbios_family_arm_m3_Hwi_Module__loggerFxn1__C                 
0000907c  ti_sysbios_family_arm_m3_Hwi_Module__loggerFxn8__C                 
00009080  ti_sysbios_family_arm_m3_Hwi_Module__loggerObj__C                  
00009084  ti_sysbios_family_arm_m3_Hwi_NUM_INTERRUPTS__C                     
00009088  ti_sysbios_family_arm_m3_Hwi_Object__count__C                      
0000908c  ti_sysbios_family_arm_m3_Hwi_ccr__C                                
00009090  ti_sysbios_family_arm_m3_Hwi_excHandlerFunc__C                     
00009094  ti_sysbios_family_arm_m3_Hwi_nullIsrFunc__C                        
00009098  ti_sysbios_family_arm_m3_Hwi_priGroup__C                           
0000909c  ti_sysbios_family_arm_m3_TaskSupport_stackAlignment__C             
000090a0  ti_sysbios_gates_GateMutex_Instance_State_sem__O                   
000090a4  ti_sysbios_heaps_HeapMem_E_memory__C                               
000090a8  ti_sysbios_heaps_HeapMem_Module__gateObj__C                        
000090ac  ti_sysbios_heaps_HeapMem_Object__count__C                          
000090b0  ti_sysbios_heaps_HeapMem_primaryHeapBaseAddr__C                    
000090b4  ti_sysbios_heaps_HeapMem_primaryHeapEndAddr__C                     
000090b8  ti_sysbios_heaps_HeapMem_reqAlign__C                               
000090bc  ti_sysbios_knl_Clock_LM_begin__C                                   
000090c0  ti_sysbios_knl_Clock_LM_tick__C                                    
000090c4  ti_sysbios_knl_Clock_Module_State_clockQ__O                        
000090c8  ti_sysbios_knl_Clock_Module__diagsEnabled__C                       
000090cc  ti_sysbios_knl_Clock_Module__diagsIncluded__C                      
000090d0  ti_sysbios_knl_Clock_Module__diagsMask__C                          
000090d4  ti_sysbios_knl_Clock_Module__loggerFxn1__C                         
000090d8  ti_sysbios_knl_Clock_Module__loggerFxn2__C                         
000090dc  ti_sysbios_knl_Clock_Module__loggerObj__C                          
000090e0  ti_sysbios_knl_Clock_tickPeriod__C                                 
000090e4  ti_sysbios_knl_Clock_triggerClock__C                               
000090e8  ti_sysbios_knl_Idle_funcList__A                                    
000090ec  ti_sysbios_knl_Mailbox_Instance_State_dataQue__O                   
000090f0  ti_sysbios_knl_Mailbox_Instance_State_dataSem__O                   
000090f4  ti_sysbios_knl_Mailbox_Instance_State_freeQue__O                   
000090f8  ti_sysbios_knl_Mailbox_Instance_State_freeSem__O                   
000090fc  ti_sysbios_knl_Mailbox_Object__count__C                            
00009100  ti_sysbios_knl_Mailbox_maxTypeAlign__C                             
00009104  ti_sysbios_knl_Semaphore_Instance_State_pendQ__O                   
00009108  ti_sysbios_knl_Semaphore_LM_pend__C                                
0000910c  ti_sysbios_knl_Semaphore_LM_post__C                                
00009110  ti_sysbios_knl_Semaphore_Module__diagsEnabled__C                   
00009114  ti_sysbios_knl_Semaphore_Module__diagsIncluded__C                  
00009118  ti_sysbios_knl_Semaphore_Module__diagsMask__C                      
0000911c  ti_sysbios_knl_Semaphore_Module__loggerFxn2__C                     
00009120  ti_sysbios_knl_Semaphore_Module__loggerFxn4__C                     
00009124  ti_sysbios_knl_Semaphore_Module__loggerObj__C                      
00009128  ti_sysbios_knl_Swi_LD_end__C                                       
0000912c  ti_sysbios_knl_Swi_LM_begin__C                                     
00009130  ti_sysbios_knl_Swi_LM_post__C                                      
00009134  ti_sysbios_knl_Swi_Module__diagsEnabled__C                         
00009138  ti_sysbios_knl_Swi_Module__diagsIncluded__C                        
0000913c  ti_sysbios_knl_Swi_Module__diagsMask__C                            
00009140  ti_sysbios_knl_Swi_Module__loggerFxn1__C                           
00009144  ti_sysbios_knl_Swi_Module__loggerFxn4__C                           
00009148  ti_sysbios_knl_Swi_Module__loggerObj__C                            
0000914c  ti_sysbios_knl_Swi_Object__count__C                                
00009150  ti_sysbios_knl_Swi_numPriorities__C                                
00009154  ti_sysbios_knl_Task_LD_block__C                                    
00009158  ti_sysbios_knl_Task_LD_exit__C                                     
0000915c  ti_sysbios_knl_Task_LD_ready__C                                    
00009160  ti_sysbios_knl_Task_LM_sleep__C                                    
00009164  ti_sysbios_knl_Task_LM_switch__C                                   
00009168  ti_sysbios_knl_Task_Module_State_inactiveQ__O                      
0000916c  ti_sysbios_knl_Task_Module__diagsEnabled__C                        
00009170  ti_sysbios_knl_Task_Module__diagsIncluded__C                       
00009174  ti_sysbios_knl_Task_Module__diagsMask__C                           
00009178  ti_sysbios_knl_Task_Module__loggerFxn2__C                          
0000917c  ti_sysbios_knl_Task_Module__loggerFxn4__C                          
00009180  ti_sysbios_knl_Task_Module__loggerObj__C                           
00009184  ti_sysbios_knl_Task_Object__count__C                               
00009188  ti_sysbios_knl_Task_allBlockedFunc__C                              
0000918c  ti_sysbios_knl_Task_defaultStackHeap__C                            
00009190  ti_sysbios_knl_Task_defaultStackSize__C                            
00009194  ti_sysbios_knl_Task_numConstructedTasks__C                         
00009198  ti_uia_loggers_LoggerStopMode_Module__diagsEnabled__C              
0000919c  ti_uia_loggers_LoggerStopMode_Module__diagsIncluded__C             
000091a0  ti_uia_loggers_LoggerStopMode_Module__diagsMask__C                 
000091a4  ti_uia_loggers_LoggerStopMode_Object__count__C                     
000091a8  ti_uia_runtime_ILoggerSnapshot_Interface__BASE__C                  
000091ac  ti_uia_runtime_IUIATransfer_Interface__BASE__C                     
000091b0  xdc_runtime_Assert_E_assertFailed__C                               
000091b4  xdc_runtime_Error_E_memory__C                                      
000091b8  xdc_runtime_Error_policyFxn__C                                     
000091bc  xdc_runtime_IFilterLogger_Interface__BASE__C                       
000091c0  xdc_runtime_IGateProvider_Interface__BASE__C                       
000091c4  xdc_runtime_IHeap_Interface__BASE__C                               
000091c8  xdc_runtime_ILogger_Interface__BASE__C                             
000091cc  xdc_runtime_IModule_Interface__BASE__C                             
000091d0  xdc_runtime_Memory_defaultHeapInstance__C                          
000091d4  xdc_runtime_Startup_execImpl__C                                    
000091d8  xdc_runtime_Startup_maxPasses__C                                   
000091dc  xdc_runtime_Startup_sfxnRts__C                                     
000091e0  xdc_runtime_Startup_sfxnTab__C                                     
000091e4  xdc_runtime_SysMin_bufSize__C                                      
000091e8  xdc_runtime_SysMin_outputFunc__C                                   
000091ec  xdc_runtime_System_Module__gateObj__C                              
000091f0  xdc_runtime_System_abortFxn__C                                     
000091f4  xdc_runtime_System_exitFxn__C                                      
000091f8  xdc_runtime_System_maxAtexitHandlers__C                            
000091fc  xdc_runtime_Text_charTab__C                                        
00009200  ti_sysbios_family_arm_m3_Hwi_Module__loggerDefined__C              
00009202  ti_sysbios_heaps_HeapMem_Module__id__C                             
00009204  ti_sysbios_knl_Clock_Module__id__C                                 
00009206  ti_sysbios_knl_Clock_Module__loggerDefined__C                      
00009208  ti_sysbios_knl_Semaphore_Module__id__C                             
0000920a  ti_sysbios_knl_Semaphore_Module__loggerDefined__C                  
0000920c  ti_sysbios_knl_Swi_Module__id__C                                   
0000920e  ti_sysbios_knl_Swi_Module__loggerDefined__C                        
00009210  ti_sysbios_knl_Task_Module__id__C                                  
00009212  ti_sysbios_knl_Task_Module__loggerDefined__C                       
00009214  ti_uia_loggers_LoggerStopMode_Module__id__C                        
00009216  ti_uia_loggers_LoggerStopMode_isTimestampEnabled__C                
00009218  xdc_runtime_Memory_Module__id__C                                   
0000921a  xdc_runtime_SysMin_flushAtExit__C                                  
0000921c  xdc_runtime_Text_isLoaded__C                                       
0000921e  xdc_runtime_Text_charTab__A                                        
000093b8  __TI_Handler_Table_Base                                            
000093c4  __TI_Handler_Table_Limit                                           
000093f0  __TI_CINIT_Base                                                    
00009420  __TI_CINIT_Limit                                                   
00057fa8  __ccfg                                                             
20000000  __start___llvm_prf_cnts                                            
20000000  __stop___llvm_prf_cnts                                             
20000000  ti_sysbios_family_arm_m3_Hwi_ramVectors                            
200000d8  PowerCC26X2_module                                                 
20000248  ti_uia_loggers_LoggerStopMode_Object__table__V                     
200002b0  ti_sysbios_knl_Task_Object__table__V                               
20000300  ti_sysbios_family_arm_cc26xx_Timer_Object__table__V                
20000348  ti_sysbios_knl_Task_Module__state__V                               
2000038c  ti_sysbios_gates_GateMutex_Object__table__V                        
200003c4  ti_sysbios_family_arm_m3_Hwi_Module__state__V                      
200003f8  ti_sysbios_knl_Swi_Module_State_0_readyQ__A                        
20000428  ti_sysbios_knl_Swi_Object__table__V                                
20000458  ti_sysbios_knl_Clock_Module__state__V                              
20000484  _hposcCoeffs                                                       
200004a8  ti_sysbios_BIOS_Module__state__V                                   
200004cc  ti_sysbios_knl_Clock_Object__table__V                              
200004ec  ti_sysbios_knl_Task_Module_State_0_readyQ__A                       
2000050c  xdc_runtime_Error_IgnoreBlock                                      
2000052c  ti_sysbios_knl_Swi_Module__state__V                                
20000548  ti_sysbios_family_arm_m3_Hwi_Object__table__V                      
20000560  ti_sysbios_heaps_HeapMem_Object__table__V                          
20000578  gpioCallbackFunctions                                              
20000584  gpioPinConfigs                                                     
20000590  ti_sysbios_knl_Task_Module__root__V                                
2000059c  ti_uia_runtime_QueueDescriptor_Module__state__V                    
200005a8  xdc_runtime_SysMin_Module__state__V                                
200005b4  _lock                                                              
200005b8  _unlock                                                            
200005bc  pinUpperBound                                                      
200005c0  pinLowerBound                                                      
200005c4  ti_uia_runtime_QueueDescriptor_gPtrToFirstDescriptor               
200005c8  ti_uia_runtime_QueueDescriptor_gUpdateCount                        
200005cc  ti_sysbios_family_arm_cc26xx_Timer_Module__state__V                
200005d4  ti_sysbios_family_arm_m3_Hwi_Module__root__V                       
200005dc  ti_sysbios_gates_GateHwi_Module__root__V                           
200005e4  ti_sysbios_gates_GateMutex_Module__root__V                         
200005ec  ti_sysbios_heaps_HeapMem_Module__root__V                           
200005f4  ti_sysbios_knl_Clock_Module__root__V                               
200005fc  ti_sysbios_knl_Mailbox_Module__root__V                             
20000604  ti_sysbios_knl_Queue_Module__root__V                               
2000060c  ti_sysbios_knl_Semaphore_Module__root__V                           
20000614  ti_sysbios_knl_Swi_Module__root__V                                 
2000061c  ti_uia_loggers_LoggerStopMode_Module__root__V                      
20000624  xdc_runtime_Startup_Module__state__V                               
2000062c  xdc_runtime_System_Module_State_0_atexitHandlers__A                
20000634  xdc_runtime_System_Module__state__V                                
20000642  ti_sysbios_family_arm_m3_Hwi_Module_State_0_excActive__A           
20000644  errno                                                              
20000648  main_func_sp                                                       
2000064c  ti_sysbios_family_arm_cc26xx_TimestampProvider_Module__state__V    
20000650  ti_sysbios_family_arm_m3_Hwi_Module_State_0_excContext__A          
20000654  ti_sysbios_family_arm_m3_Hwi_Module_State_0_excStack__A            
20000658  ti_sysbios_gates_GateHwi_Object__table__V                          
2000065c  ti_sysbios_knl_Task_Module_State_0_idleTask__A                     
20000660  xdc_runtime_Memory_Module__state__V                                
20001870  __primary_heap_start__                                             
20005870  __primary_heap_end__                                               
20006080  ti_uia_loggers_LoggerStopMode_Instance_State_0_packetArray__A      
20006480  ti_uia_loggers_LoggerStopMode_Instance_State_1_packetArray__A      
20006880  xdc_runtime_SysMin_Module_State_0_outbuf__A                        
20006c80  uart2CC26X2Objects                                                 
20006e90  ti_sysbios_knl_Task_Instance_State_0_stack__A                      
20007090  __CIOBUF_                                                          
200071b0  ti_sysbios_family_arm_m3_Hwi_dispatchTable                         
20007288  pinHandleTable                                                     
20007354  readAM2302Task                                                     
200073a4  gptimerCC26XXObjects                                               
20007480  ti_uia_loggers_LoggerStopMode_Instance_State_0_hdr__A              
200074f0  msg                                                                
20007500  ti_uia_loggers_LoggerStopMode_Instance_State_1_hdr__A              
20007530  udmaCC26XXObject                                                   
2000756c  semTempStruct                                                      
20007588  parmbuf                                                            
20007590  mbxTempHandle                                                      
20007594  semTempHandle                                                      
20007598  timerTempHandle                                                    
2000759c  uart                                                               
200075a0  driverlib_release_0_60278                                          
20013c00  __stack                                                            
20014000  __STACK_END                                                        
e000e000  ti_sysbios_family_arm_m3_Hwi_nvic                                  
ffffffff  __TI_pprof_out_hndl                                                
ffffffff  __TI_prof_data_size                                                
ffffffff  __TI_prof_data_start                                               
ffffffff  __binit__                                                          
ffffffff  __c_args__                                                         
ffffffff  binit                                                              
UNDEFED   SHT$$INIT_ARRAY$$Base                                              
UNDEFED   SHT$$INIT_ARRAY$$Limit                                             

[758 symbols]
