******************************************************************************
                  TI ARM Linker PC v20.2.5                     
******************************************************************************
>> Linked Thu Sep  2 22:15:44 2021

OUTPUT FILE NAME:   <AM2302_CC26X2R1_tirtos_ccs.out>
ENTRY POINT SYMBOL: "ResetISR"  address: 00005c25


MEMORY CONFIGURATION

         name            origin    length      used     unused   attr    fill
----------------------  --------  ---------  --------  --------  ----  --------
  FLASH                 00000000   00058000  00009381  0004ec7f  R  X
  GPRAM                 11000000   00002000  00000000  00002000  RW X
  SRAM                  20000000   00014000  000067c5  0000d83b  RW X
  LOG_DATA              90000000   00040000  00000000  00040000  R   


SEGMENT ALLOCATION MAP

run origin  load origin   length   init length attrs members
----------  ----------- ---------- ----------- ----- -------
00000000    00000000    00009330   00009330    r-x
  00000000    00000000    0000003c   0000003c    r-- .resetVecs
  0000003c    0000003c    0000880e   0000880e    r-x .text
  0000884c    0000884c    000008df   000008df    r-- .const
  00009130    00009130    00000200   00000200    r-- .cinit
00057fa8    00057fa8    00000058   00000058    r--
  00057fa8    00057fa8    00000058   00000058    r-- .ccfg
200000d8    200000d8    0000058c   00000000    rw-
  200000d8    200000d8    0000058c   00000000    rw- .data
20001810    20001810    00000010   00000000    rw-
  20001810    20001810    00000010   00000000    rw- .TI.bound:dmaUart0RxControlTableEntry
20001820    20001820    00000010   00000000    rw-
  20001820    20001820    00000010   00000000    rw- .TI.bound:dmaUart0TxControlTableEntry
20001850    20001850    00000010   00000000    rw-
  20001850    20001850    00000010   00000000    rw- .TI.bound:dmaUart1RxControlTableEntry
20001860    20001860    00000010   00000000    rw-
  20001860    20001860    00000010   00000000    rw- .TI.bound:dmaUart1TxControlTableEntry
20001870    20001870    00004000   00000000    r--
  20001870    20001870    00004000   00000000    r-- .priheap
20005880    20005880    00001d21   00000000    rw-
  20005880    20005880    00001d21   00000000    rw- .bss
20013c00    20013c00    00000400   00000000    rw-
  20013c00    20013c00    00000400   00000000    rw- .stack


SECTION ALLOCATION MAP

 output                                  attributes/
section   page    origin      length       input sections
--------  ----  ----------  ----------   ----------------
.binit     0    00000000    00000000     

.cinit     0    00009130    00000200     
                  00009130    00000198     (.cinit..data.load) [load image, compression = lzss]
                  000092c8    0000000c     (__TI_handler_table)
                  000092d4    00000004     --HOLE-- [fill = 0]
                  000092d8    00000008     (.cinit..TI.bound:dmaUart0RxControlTableEntry.load) [load image, compression = zero_init]
                  000092e0    00000008     (.cinit..TI.bound:dmaUart0TxControlTableEntry.load) [load image, compression = zero_init]
                  000092e8    00000008     (.cinit..TI.bound:dmaUart1RxControlTableEntry.load) [load image, compression = zero_init]
                  000092f0    00000008     (.cinit..TI.bound:dmaUart1TxControlTableEntry.load) [load image, compression = zero_init]
                  000092f8    00000008     (.cinit..bss.load) [load image, compression = zero_init]
                  00009300    00000030     (__TI_cinit_table)

.init_array 
*          0    00000000    00000000     UNINITIALIZED

.ccfg      0    00057fa8    00000058     
                  00057fa8    00000058     ti_devices_config.obj (.ccfg:retain)

.data      0    200000d8    0000058c     UNINITIALIZED
                  200000d8    00000170     drivers_cc26x2.a : PowerCC26X2.oem4f (.data:PowerCC26X2_module)
                  20000248    00000068     AM2302_pem4f.oem4f (.data:ti_uia_loggers_LoggerStopMode_Object__table__V)
                  200002b0    0000004c     AM2302_pem4f.oem4f (.data:ti_sysbios_knl_Task_Object__table__V)
                  200002fc    00000004     drivers_cc26x2.a : GPIOCC26XX.oem4f (.data:gpioPinTable)
                  20000300    00000048     AM2302_pem4f.oem4f (.data:ti_sysbios_family_arm_cc26xx_Timer_Object__table__V)
                  20000348    00000044     AM2302_pem4f.oem4f (.data:ti_sysbios_knl_Task_Module__state__V)
                  2000038c    00000038     AM2302_pem4f.oem4f (.data:ti_sysbios_gates_GateMutex_Object__table__V)
                  200003c4    00000034     AM2302_pem4f.oem4f (.data:ti_sysbios_family_arm_m3_Hwi_Module__state__V)
                  200003f8    00000030     AM2302_pem4f.oem4f (.data:ti_sysbios_knl_Swi_Module_State_0_readyQ__A)
                  20000428    00000030     AM2302_pem4f.oem4f (.data:ti_sysbios_knl_Swi_Object__table__V)
                  20000458    0000002c     AM2302_pem4f.oem4f (.data:ti_sysbios_knl_Clock_Module__state__V)
                  20000484    00000024     driverlib.lib : osc.obj (.data:$O1$$)
                  200004a8    00000024     AM2302_pem4f.oem4f (.data:ti_sysbios_BIOS_Module__state__V)
                  200004cc    00000020     AM2302_pem4f.oem4f (.data:ti_sysbios_knl_Clock_Object__table__V)
                  200004ec    00000020     AM2302_pem4f.oem4f (.data:ti_sysbios_knl_Task_Module_State_0_readyQ__A)
                  2000050c    00000020     AM2302_pem4f.oem4f (.data:xdc_runtime_Error_IgnoreBlock)
                  2000052c    0000001c     AM2302_pem4f.oem4f (.data:ti_sysbios_knl_Swi_Module__state__V)
                  20000548    00000018     AM2302_pem4f.oem4f (.data:ti_sysbios_family_arm_m3_Hwi_Object__table__V)
                  20000560    00000018     AM2302_pem4f.oem4f (.data:ti_sysbios_heaps_HeapMem_Object__table__V)
                  20000578    0000000c     ti_drivers_config.obj (.data:gpioCallbackFunctions)
                  20000584    0000000c     ti_drivers_config.obj (.data:gpioPinConfigs)
                  20000590    0000000c     AM2302_pem4f.oem4f (.data:ti_sysbios_knl_Task_Module__root__V)
                  2000059c    0000000c     AM2302_pem4f.oem4f (.data:ti_uia_runtime_QueueDescriptor_Module__state__V)
                  200005a8    0000000c     AM2302_pem4f.oem4f (.data:xdc_runtime_SysMin_Module__state__V)
                  200005b4    00000008     rtsv7M4_T_le_v4SPD16_eabi.lib : _lock.c.obj (.data:$O1$$)
                  200005bc    00000008     drivers_cc26x2.a : PINCC26XX.oem4f (.data)
                  200005c4    00000008     ti.uia.runtime.aem4f : QueueDescriptor.oem4f (.data)
                  200005cc    00000008     AM2302_pem4f.oem4f (.data:ti_sysbios_family_arm_cc26xx_Timer_Module__state__V)
                  200005d4    00000008     AM2302_pem4f.oem4f (.data:ti_sysbios_family_arm_m3_Hwi_Module__root__V)
                  200005dc    00000008     AM2302_pem4f.oem4f (.data:ti_sysbios_gates_GateHwi_Module__root__V)
                  200005e4    00000008     AM2302_pem4f.oem4f (.data:ti_sysbios_gates_GateMutex_Module__root__V)
                  200005ec    00000008     AM2302_pem4f.oem4f (.data:ti_sysbios_heaps_HeapMem_Module__root__V)
                  200005f4    00000008     AM2302_pem4f.oem4f (.data:ti_sysbios_knl_Clock_Module__root__V)
                  200005fc    00000008     AM2302_pem4f.oem4f (.data:ti_sysbios_knl_Mailbox_Module__root__V)
                  20000604    00000008     AM2302_pem4f.oem4f (.data:ti_sysbios_knl_Queue_Module__root__V)
                  2000060c    00000008     AM2302_pem4f.oem4f (.data:ti_sysbios_knl_Semaphore_Module__root__V)
                  20000614    00000008     AM2302_pem4f.oem4f (.data:ti_sysbios_knl_Swi_Module__root__V)
                  2000061c    00000008     AM2302_pem4f.oem4f (.data:ti_uia_loggers_LoggerStopMode_Module__root__V)
                  20000624    00000008     AM2302_pem4f.oem4f (.data:xdc_runtime_Startup_Module__state__V)
                  2000062c    00000008     AM2302_pem4f.oem4f (.data:xdc_runtime_System_Module_State_0_atexitHandlers__A)
                  20000634    00000008     AM2302_pem4f.oem4f (.data:xdc_runtime_System_Module__state__V)
                  2000063c    00000005     drivers_cc26x2.a : GPIOCC26XX.oem4f (.data)
                  20000641    00000001     --HOLE--
                  20000642    00000002     AM2302_pem4f.oem4f (.data:ti_sysbios_family_arm_m3_Hwi_Module_State_0_excActive__A)
                  20000644    00000004     rtsv7M4_T_le_v4SPD16_eabi.lib : errno.c.obj (.data)
                  20000648    00000004                                   : stkdepth_vars.c.obj (.data)
                  2000064c    00000004     AM2302_pem4f.oem4f (.data:ti_sysbios_family_arm_cc26xx_TimestampProvider_Module__state__V)
                  20000650    00000004     AM2302_pem4f.oem4f (.data:ti_sysbios_family_arm_m3_Hwi_Module_State_0_excContext__A)
                  20000654    00000004     AM2302_pem4f.oem4f (.data:ti_sysbios_family_arm_m3_Hwi_Module_State_0_excStack__A)
                  20000658    00000004     AM2302_pem4f.oem4f (.data:ti_sysbios_gates_GateHwi_Object__table__V)
                  2000065c    00000004     AM2302_pem4f.oem4f (.data:ti_sysbios_knl_Task_Module_State_0_idleTask__A)
                  20000660    00000004     AM2302_pem4f.oem4f (.data:xdc_runtime_Memory_Module__state__V)

.bss       0    20005880    00001d21     UNINITIALIZED
                  20005880    00000800     AM2302.obj (.bss:readAM2302TaskStack)
                  20006080    00000400     (.common:ti_uia_loggers_LoggerStopMode_Instance_State_0_packetArray__A)
                  20006480    00000400     (.common:ti_uia_loggers_LoggerStopMode_Instance_State_1_packetArray__A)
                  20006880    00000400     (.common:xdc_runtime_SysMin_Module_State_0_outbuf__A)
                  20006c80    00000210     (.common:uart2CC26X2Objects)
                  20006e90    00000200     AM2302_pem4f.oem4f (.bss:taskStackSection)
                  20007090    00000120     rtsv7M4_T_le_v4SPD16_eabi.lib : trgmsg.c.obj (.bss:_CIOBUF_)
                  200071b0    000000d8     (.common:ti_sysbios_family_arm_m3_Hwi_dispatchTable)
                  20007288    0000007c     (.common:pinHandleTable)
                  20007304    00000050     drivers_cc26x2.a : PINCC26XX.oem4f (.bss:pinSemaphore)
                  20007354    00000050     (.common:readAM2302Task)
                  200073a4    0000004c     (.common:gptimerCC26XXObjects)
                  200073f0    0000003c                      : PINCC26XX.oem4f (.bss:pinSwi)
                  2000742c    00000020                      : GPIOCC26XX.oem4f (.bss:gpioCallbackInfo)
                  2000744c    00000020                      : PINCC26XX.oem4f (.bss:pinGpioConfigTable)
                  2000746c    0000000c                      : GPIOCC26XX.oem4f (.bss:gpioPinState)
                  20007478    00000008                      : GPIOCC26XX.oem4f (.bss)
                  20007480    00000030     (.common:ti_uia_loggers_LoggerStopMode_Instance_State_0_hdr__A)
                  200074b0    00000020     ti_drivers_config.obj (.bss:uart2RxRingBuffer0)
                  200074d0    00000020     ti_drivers_config.obj (.bss:uart2TxRingBuffer0)
                  200074f0    0000000c     (.common:msg)
                  200074fc    00000004     drivers_cc26x2.a : PINCC26XX.oem4f (.bss)
                  20007500    00000030     (.common:ti_uia_loggers_LoggerStopMode_Instance_State_1_hdr__A)
                  20007530    00000020     (.common:udmaCC26XXObject)
                  20007550    0000001c                      : PINCC26XX.oem4f (.bss:pinHwi)
                  2000756c    0000001c     (.common:semTempStruct)
                  20007588    00000008     (.common:parmbuf)
                  20007590    00000004     (.common:mbxTempHandle)
                  20007594    00000004     (.common:semTempHandle)
                  20007598    00000004     (.common:timerTempHandle)
                  2000759c    00000004     (.common:uart)
                  200075a0    00000001     (.common:driverlib_release_0_60278)

.stack     0    20013c00    00000400     UNINITIALIZED
                  20013c00    00000400     --HOLE--

.priheap   0    20001870    00004000     UNINITIALIZED
                  20001870    00004000     --HOLE--

.log_data 
*          0    90000000    00000000     COPY SECTION

.bootVecs 
*          0    00000000    00000008     DSECT
                  00000000    00000008     boot.aem4f : boot.oem4f (.bootVecs)

.resetVecs 
*          0    00000000    0000003c     
                  00000000    0000003c     AM2302_pem4f.oem4f (.resetVecs)

.vecs      0    20000000    000000d8     NOLOAD SECTION
                  20000000    000000d8     AM2302_pem4f.oem4f (.vecs)

xdc.meta   0    00000000    000000f2     COPY SECTION
                  00000000    000000f2     AM2302_pem4f.oem4f (xdc.meta)

xdc.noload 
*          0    00000000    00000000     COPY SECTION

__llvm_prf_cnts 
*          0    20000000    00000000     UNINITIALIZED

.TI.bound:dmaUart0RxControlTableEntry 
*          0    20001810    00000010     UNINITIALIZED
                  20001810    00000010     drivers_cc26x2.a : UART2CC26X2.oem4f (.TI.bound:dmaUart0RxControlTableEntry)

.TI.bound:dmaUart0TxControlTableEntry 
*          0    20001820    00000010     UNINITIALIZED
                  20001820    00000010     drivers_cc26x2.a : UART2CC26X2.oem4f (.TI.bound:dmaUart0TxControlTableEntry)

.TI.bound:dmaUart1RxControlTableEntry 
*          0    20001850    00000010     UNINITIALIZED
                  20001850    00000010     drivers_cc26x2.a : UART2CC26X2.oem4f (.TI.bound:dmaUart1RxControlTableEntry)

.TI.bound:dmaUart1TxControlTableEntry 
*          0    20001860    00000010     UNINITIALIZED
                  20001860    00000010     drivers_cc26x2.a : UART2CC26X2.oem4f (.TI.bound:dmaUart1TxControlTableEntry)

.text      0    0000003c    0000880e     
                  0000003c    00000a4e     rtsv7M4_T_le_v4SPD16_eabi.lib : _printfi.c.obj (.text:__TI_printfi)
                  00000a8a    00000002     ti_drivers_config.obj (.text:Board_initHook)
                  00000a8c    000002ac     AM2302.obj (.text:readAM2302TaskFunc)
                  00000d38    00000278     drivers_cc26x2.a : UART2.oem4f (.text:UART2_writeTimeout)
                  00000fb0    00000270     rtsv7M4_T_le_v4SPD16_eabi.lib : _printfi.c.obj (.text:_pconv_a)
                  00001220    00000230     drivers_cc26x2.a : UART2CC26X2.oem4f (.text:UART2_open)
                  00001450    000001f4                      : PINCC26XX.oem4f (.text:PIN_init)
                  00001644    000001f4                      : UART2CC26X2.oem4f (.text:UART2CC26X2_hwiIntFxn)
                  00001838    000001d0     rtsv7M4_T_le_v4SPD16_eabi.lib : _printfi.c.obj (.text:_pconv_g)
                  00001a08    000001b6                                   : fd_add_t2.asm.obj (.text)
                  00001bbe    00000002     drivers_cc26x2.a : UART2CC26X2.oem4f (.text:UART2CC26X2_eventCallback)
                  00001bc0    00000190                      : PowerCC26X2_calibrateRCOSC.oem4f (.text:calibrateRcoscHf1)
                  00001d50    0000018c                      : PowerCC26X2_calibrateRCOSC.oem4f (.text:runCalibrateFsm)
                  00001edc    00000174                      : PowerCC26X2.oem4f (.text:Power_init)
                  00002050    0000013e     AM2302_pem4f.oem4f (.text:ti_uia_loggers_LoggerStopMode_writeMemoryRange__E)
                  0000218e    00000002     rtsv7M4_T_le_v4SPD16_eabi.lib : _lock.c.obj (.text:_nop)
                  00002190    0000013c                                   : _printfi.c.obj (.text:_pconv_e)
                  000022cc    00000136                                   : fd_div_t2.asm.obj (.text)
                  00002402    00000002     drivers_cc26x2.a : PowerCC26X2.oem4f (.text:emptyClockFunc)
                  00002404    0000012c                      : UART2CC26X2.oem4f (.text:UART2CC26X2_initHw)
                  00002530    0000012c     sysbios.aem4f : BIOS.obj (.text:ti_sysbios_knl_Semaphore_pend__E)
                  0000265c    00000124     rtsv7M4_T_le_v4SPD16_eabi.lib : _printfi.c.obj (.text:fcvt)
                  00002780    00000120     drivers_cc26x2.a : PowerCC26X2.oem4f (.text:configureXOSCHF)
                  000028a0    0000011c     sysbios.aem4f : BIOS.obj (.text:ti_sysbios_family_arm_m3_Hwi_dispatchC__I)
                  000029bc    00000114     drivers_cc26x2.a : PINCC26XX.oem4f (.text:PINCC26XX_setIoCfg)
                  00002ad0    00000114     sysbios.aem4f : BIOS.obj (.text:ti_sysbios_knl_Swi_run__I)
                  00002be4    00000110     drivers_cc26x2.a : GPIOCC26XX.oem4f (.text:GPIO_setConfig)
                  00002cf4    00000110     rtsv7M4_T_le_v4SPD16_eabi.lib : s_scalbn.c.obj (.text:scalbn)
                  00002e04    0000010c     AM2302_pem4f.oem4f (.text:ti_uia_loggers_LoggerStopMode_write8__E)
                  00002f10    000000fc     rtsv7M4_T_le_v4SPD16_eabi.lib : fd_mul_t2.asm.obj (.text)
                  0000300c    000000f8     sysbios.aem4f : BIOS.obj (.text:xdc_runtime_Startup_startMods__I)
                  00003104    000000f4     AM2302_pem4f.oem4f (.text:ti_uia_loggers_LoggerStopMode_write4__E)
                  000031f8    000000f0     sysbios.aem4f : m3_Hwi_asm.obj (.text:ti_sysbios_family_arm_m3_Hwi_dispatch__I)
                  000032e8    000000e8     drivers_cc26x2.a : UART2CC26X2.oem4f (.text:UART2Support_dmaStartRx)
                  000033d0    000000e8     AM2302_pem4f.oem4f (.text:ti_uia_loggers_LoggerStopMode_write2__E)
                  000034b8    000000e4     AM2302_pem4f.oem4f (.text:ti_uia_loggers_LoggerStopMode_write1__E)
                  0000359c    000000e0     sysbios.aem4f : BIOS.obj (.text:ti_sysbios_knl_Clock_walkQueueDynamic__E)
                  0000367c    000000dc                   : BIOS.obj (.text:ti_sysbios_knl_Task_sleep__E)
                  00003758    000000d8     AM2302_pem4f.oem4f (.text:ti_uia_loggers_LoggerStopMode_write0__E)
                  00003830    000000d4     drivers_cc26x2.a : UART2CC26X2.oem4f (.text:UART2CC26X2_initIO)
                  00003904    000000cc     sysbios.aem4f : BIOS.obj (.text:ti_sysbios_knl_Mailbox_Instance_init__E)
                  000039d0    000000c4     drivers_cc26x2.a : GPIOCC26XX.oem4f (.text:GPIO_init)
                  00003a94    000000c4     sysbios.aem4f : BIOS.obj (.text:ti_sysbios_knl_Task_schedule__I)
                  00003b58    000000c0     drivers_cc26x2.a : PowerCC26X2.oem4f (.text:Power_releaseDependency)
                  00003c18    000000b8                      : PowerCC26X2.oem4f (.text:Power_setDependency)
                  00003cd0    000000b8     sysbios.aem4f : BIOS.obj (.text:ti_sysbios_knl_Semaphore_post__E)
                  00003d88    000000b8                   : BIOS.obj (.text:ti_sysbios_knl_Task_Instance_init__E)
                  00003e40    000000b8                   : BIOS.obj (.text:ti_sysbios_knl_Task_startCore__E)
                  00003ef8    000000b1     rtsv7M4_T_le_v4SPD16_eabi.lib : _printfi.c.obj (.text:_ltostr)
                  00003fa9    00000001     --HOLE-- [fill = 0]
                  00003faa    00000002                                   : div0.asm.obj (.text)
                  00003fac    000000ac     drivers_cc26x2.a : PINCC26XX.oem4f (.text:PIN_open)
                  00004058    000000ac     driverlib.lib : setup.obj (.text:TrimAfterColdResetWakeupFromShutDown)
                  00004104    000000ac     drivers_cc26x2.a : UART2CC26X2.oem4f (.text:UART2Support_dmaStartTx)
                  000041b0    000000a8     sysbios.aem4f : BIOS.obj (.text:ti_sysbios_knl_Swi_post__E)
                  00004258    000000a4                   : BIOS.obj (.text:ti_sysbios_family_arm_m3_Hwi_Instance_init__E)
                  000042fc    000000a0     auto_init.aem4f : auto_init.oem4f (.text)
                  0000439c    0000009c     rtsv7M4_T_le_v4SPD16_eabi.lib : memcpy_t2.asm.obj (.text)
                  00004438    0000009c     sysbios.aem4f : BIOS.obj (.text:ti_sysbios_knl_Task_blockI__E)
                  000044d4    00000098     driverlib.lib : setup.obj (.text:NOROM_SetupTrimDevice)
                  0000456c    00000098     sysbios.aem4f : BIOS.obj (.text:ti_sysbios_knl_Clock_workFuncDynamic__E)
                  00004604    00000096     rtsv7M4_T_le_v4SPD16_eabi.lib : ull_div_t2.asm.obj (.text)
                  0000469a    00000002     sysbios.aem4f : BIOS.obj (.text:ti_sysbios_BIOS_linkedWithIncorrectBootLibrary__E)
                  0000469c    00000094                   : BIOS.obj (.text:ti_sysbios_knl_Task_Instance_finalize__E)
                  00004730    00000094                   : BIOS.obj (.text:ti_sysbios_knl_Task_exit__E)
                  000047c4    00000090                   : BIOS.obj (.text:ti_sysbios_knl_Task_unblockI__E)
                  00004854    00000090     ti.uia.loggers.aem4f : LoggerStopMode.oem4f (.text:ti_uia_loggers_LoggerStopMode_initQueueDescriptor__E)
                  000048e4    0000008c     sysbios.aem4f : BIOS.obj (.text:ti_sysbios_family_arm_m3_Hwi_initNVIC__E)
                  00004970    0000008c                   : m3_TaskSupport_asm.obj (.text:ti_sysbios_family_arm_m3_TaskSupport_buildTaskStack)
                  000049fc    00000088     drivers_cc26x2.a : GPTimerCC26XX.oem4f (.text:GPTimerCC26XX_open)
                  00004a84    00000088     driverlib.lib : osc.obj (.text:NOROM_OSCHF_AttemptToSwitchToXosc)
                  00004b0c    00000088     drivers_cc26x2.a : PowerCC26X2_calibrateRCOSC.oem4f (.text:calibrateRcoscHf2)
                  00004b94    00000088                      : PowerCC26X2.oem4f (.text:disableLFClockQualifiers)
                  00004c1c    00000088                      : PowerCC26X2_calibrateRCOSC.oem4f (.text:updateSubSecInc)
                  00004ca4    00000086     rtsv7M4_T_le_v4SPD16_eabi.lib : fd_cmp_t2.asm.obj (.text:__aeabi_cdcmple)
                  00004d2a    00000086                                   : fd_cmp_t2.asm.obj (.text:__aeabi_cdrcmple)
                  00004db0    00000084     ti_drivers_config.obj (.text:Board_sendExtFlashByte)
                  00004e34    00000084     sysbios.aem4f : BIOS.obj (.text:ti_sysbios_knl_Mailbox_post__E)
                  00004eb8    00000084                   : BIOS.obj (.text:ti_sysbios_knl_Task_postInit__I)
                  00004f3c    00000080     driverlib.lib : chipinfo.obj (.text:NOROM_ChipInfo_GetChipType)
                  00004fbc    00000080     sysbios.aem4f : BIOS.obj (.text:ti_sysbios_family_arm_cc26xx_Timer_start__E)
                  0000503c    0000007a     rtsv7M4_T_le_v4SPD16_eabi.lib : memset_t2.asm.obj (.text)
                  000050b6    00000078     sysbios.aem4f : BIOS.obj (.text:ti_sysbios_heaps_HeapMem_allocUnprotected__E)
                  0000512e    00000002     AM2302_pem4f.oem4f (.text:ti_sysbios_BIOS_nullFunc__I)
                  00005130    00000074     drivers_cc26x2.a : PowerCC26X2_calibrateRCOSC.oem4f (.text:PowerCC26X2_auxISR)
                  000051a4    00000074                      : UART2CC26X2.oem4f (.text:UART2CC26X2_readCallback)
                  00005218    00000074     ti.uia.runtime.aem4f : QueueDescriptor.oem4f (.text:ti_uia_runtime_QueueDescriptor_addToList__E)
                  0000528c    00000070     drivers_cc26x2.a : PINCC26XX.oem4f (.text:PIN_add)
                  000052fc    00000070     AM2302.obj (.text:init_Timer_Temp)
                  0000536c    00000070     sysbios.aem4f : BIOS.obj (.text:ti_sysbios_knl_Mailbox_Instance_finalize__E)
                  000053dc    00000070                   : BIOS.obj (.text:ti_sysbios_knl_Mailbox_pend__E)
                  0000544c    00000070                   : BIOS.obj (.text:xdc_runtime_Memory_alloc__E)
                  000054bc    0000006e     rtsv7M4_T_le_v4SPD16_eabi.lib : _printfi.c.obj (.text:_mcpy)
                  0000552a    0000006e     sysbios.aem4f : BIOS.obj (.text:xdc_runtime_Core_createObject__I)
                  00005598    0000006c     drivers_cc26x2.a : UART2CC26X2.oem4f (.text:UART2Support_dmaStopTx)
                  00005604    00000068     driverlib.lib : osc.obj (.text:NOROM_OSCHF_SwitchToRcOscTurnOffXosc)
                  0000566c    00000068     rtsv7M4_T_le_v4SPD16_eabi.lib : copy_decompress_lzss.c.obj (.text:decompress:lzss:__TI_decompress_lzss)
                  000056d4    00000068     sysbios.aem4f : BIOS.obj (.text:ti_sysbios_knl_Clock_startI__E)
                  0000573c    00000068                   : BIOS.obj (.text:ti_sysbios_knl_Swi_restoreHwi__E)
                  000057a4    00000066     ti.uia.loggers.aem4f : LoggerStopMode.oem4f (.text:ti_uia_loggers_LoggerStopMode_flush__E)
                  0000580a    00000066     sysbios.aem4f : BIOS.obj (.text:xdc_runtime_Core_deleteObject__I)
                  00005870    00000064     drivers_cc26x2.a : UART2CC26X2.oem4f (.text:UART2Support_dmaStopRx)
                  000058d4    00000064     rtsv7M4_T_le_v4SPD16_eabi.lib : s_frexp.c.obj (.text:frexp)
                  00005938    00000064     sysbios.aem4f : BIOS.obj (.text:ti_sysbios_heaps_HeapMem_initPrimary__I)
                  0000599c    00000060     drivers_cc26x2.a : GPIOCC26XX.oem4f (.text:GPIO_write)
                  000059fc    00000060     sysbios.aem4f : BIOS.obj (.text:ti_sysbios_knl_Clock_logTick__E)
                  00005a5c    0000005e                   : BIOS.obj (.text:ti_sysbios_heaps_HeapMem_freeUnprotected__E)
                  00005aba    00000002                   : BIOS.obj (.text:ti_sysbios_gates_GateHwi_Instance_init__E)
                  00005abc    0000005c     drivers_cc26x2.a : PINCC26XX.oem4f (.text:PIN_remove)
                  00005b18    0000005c     sysbios.aem4f : BIOS.obj (.text:ti_sysbios_knl_Task_Module_startup__E)
                  00005b74    00000058     rtsv7M4_T_le_v4SPD16_eabi.lib : hostwrite.c.obj (.text:HOSTwrite)
                  00005bcc    00000058     drivers_cc26x2.a : PowerCC26X2_calibrateRCOSC.oem4f (.text:PowerCC26X2_initiateCalibration)
                  00005c24    00000058     boot.aem4f : boot.oem4f (.text)
                  00005c7c    00000058     sysbios.aem4f : m3_Hwi_asm_switch.obj (.text:ti_sysbios_family_arm_m3_Hwi_initStacks__E)
                  00005cd4    00000058                   : BIOS.obj (.text:ti_sysbios_family_arm_m3_Hwi_postInit__I)
                  00005d2c    00000058                   : BIOS.obj (.text:ti_sysbios_heaps_HeapMem_alloc__E)
                  00005d84    00000056     rtsv7M4_T_le_v4SPD16_eabi.lib : _printfi.c.obj (.text:_pconv_f)
                  00005dda    00000002     sysbios.aem4f : BIOS.obj (.text:ti_sysbios_knl_Clock_triggerFunc__I)
                  00005ddc    00000054     driverlib.lib : prcm.obj (.text:NOROM_PRCMPowerDomainsAllOff)
                  00005e30    00000054     dpl_cc26x2.a : SwiP_tirtos.oem4f (.text:SwiP_construct)
                  00005e84    00000054     rtsv7M4_T_le_v4SPD16_eabi.lib : _ltoa.c.obj (.text:__TI_ltoa)
                  00005ed8    00000054     AM2302_pem4f.oem4f (.text:ti_sysbios_knl_Mailbox_create)
                  00005f2c    00000054     sysbios.aem4f : BIOS.obj (.text:ti_sysbios_knl_Swi_schedule__I)
                  00005f80    00000052     rtsv7M4_T_le_v4SPD16_eabi.lib : _printfi.c.obj (.text:_ecpy)
                  00005fd2    00000002     sysbios.aem4f : BIOS.obj (.text:ti_sysbios_knl_Swi_Instance_finalize__E)
                  00005fd4    00000050     drivers_cc26x2.a : GPIOCC26XX.oem4f (.text:GPIO_enableInt)
                  00006024    00000050                      : GPTimerCC26XX.oem4f (.text:GPTimerCC26XX_registerInterrupt)
                  00006074    00000050     AM2302_pem4f.oem4f (.text:ti_sysbios_family_arm_m3_Hwi_construct)
                  000060c4    00000050     sysbios.aem4f : BIOS.obj (.text:ti_sysbios_knl_Swi_Instance_init__E)
                  00006114    00000050                   : BIOS.obj (.text:ti_sysbios_knl_Swi_runLoop__I)
                  00006164    00000050                   : BIOS.obj (.text:xdc_runtime_Startup_exec__E)
                  000061b4    0000004c     ti_drivers_config.obj (.text:Board_wakeUpExtFlash)
                  00006200    0000004c     drivers_cc26x2.a : GPTimerCC26XX.oem4f (.text:GPTimerCC26XX_initHw)
                  0000624c    0000004c                      : GPTimerCC26XX.oem4f (.text:GPTimerCC26XX_start)
                  00006298    0000004c     driverlib.lib : prcm.obj (.text:NOROM_PRCMPowerDomainsAllOn)
                  000062e4    0000004c     drivers_cc26x2.a : UDMACC26XX.oem4f (.text:UDMACC26XX_open)
                  00006330    0000004c     rtsv7M4_T_le_v4SPD16_eabi.lib : atoi.c.obj (.text:atoi)
                  0000637c    0000004c                                   : cpy_tbl.c.obj (.text:copy_in)
                  000063c8    0000004c     AM2302_pem4f.oem4f (.text:ti_sysbios_knl_Swi_construct)
                  00006414    0000004c     AM2302_pem4f.oem4f (.text:ti_sysbios_knl_Task_construct)
                  00006460    0000004c     ti.uia.loggers.aem4f : LoggerStopMode.oem4f (.text:ti_uia_loggers_LoggerStopMode_Module_startup__E)
                  000064ac    0000004c     sysbios.aem4f : BIOS.obj (.text:xdc_runtime_Assert_raise__I)
                  000064f8    0000004c                   : BIOS.obj (.text:xdc_runtime_Core_assignParams__I)
                  00006544    00000048     drivers_cc26x2.a : GPTimerCC26XX.oem4f (.text:GPTimerCC26XXHwiFxn)
                  0000658c    00000048                      : PowerCC26X2_calibrateRCOSC.oem4f (.text:PowerCC26X2_RCOSC_clockFunc)
                  000065d4    00000048     main.obj (.text:main)
                  0000661c    00000048     rtsv7M4_T_le_v4SPD16_eabi.lib : fd_toi_t2.asm.obj (.text)
                  00006664    00000048     drivers_cc26x2.a : PowerCC26X2.oem4f (.text:switchXOSCHF)
                  000066ac    00000048     sysbios.aem4f : BIOS.obj (.text:ti_sysbios_family_arm_m3_Hwi_Module_startup__E)
                  000066f4    00000048                   : BIOS.obj (.text:ti_sysbios_heaps_HeapMem_getStats__E)
                  0000673c    00000048                   : BIOS.obj (.text:xdc_runtime_Core_constructObject__I)
                  00006784    00000046     drivers_cc26x2.a : RingBuf.oem4f (.text:RingBuf_put)
                  000067ca    00000002     AM2302_pem4f.oem4f (.text:ti_uia_loggers_LoggerStopMode_setFilterLevel__E)
                  000067cc    00000044     drivers_cc26x2.a : GPIOCC26XX.oem4f (.text:GPIO_disableInt)
                  00006810    00000044     driverlib.lib : chipinfo.obj (.text:NOROM_ChipInfo_GetHwRevision)
                  00006854    00000044     drivers_cc26x2.a : PINCC26XX.oem4f (.text:PIN_swi)
                  00006898    00000044     sysbios.aem4f : BIOS.obj (.text:ti_sysbios_family_arm_m3_Hwi_disableInterrupt__E)
                  000068dc    00000044                   : BIOS.obj (.text:ti_sysbios_family_arm_m3_Hwi_enableInterrupt__E)
                  00006920    00000044                   : BIOS.obj (.text:ti_sysbios_knl_Mailbox_Module_startup__E)
                  00006964    00000044                   : BIOS.obj (.text:ti_sysbios_knl_Task_allBlockedFunction__I)
                  000069a8    00000044     ti.uia.loggers.aem4f : LoggerStopMode.oem4f (.text:ti_uia_loggers_LoggerStopMode_initBuffer__I)
                  000069ec    00000044     sysbios.aem4f : BIOS.obj (.text:xdc_runtime_SysMin_flush__E)
                  00006a30    00000040     ti_drivers_config.obj (.text:Board_shutDownExtFlash)
                  00006a70    00000040     dpl_cc26x2.a : ClockP_tirtos.oem4f (.text:ClockP_construct)
                  00006ab0    00000040     driverlib.lib : osc.obj (.text:NOROM_OSC_HPOSCRelativeFrequencyOffsetGet)
                  00006af0    00000040     rtsv7M4_T_le_v4SPD16_eabi.lib : sprintf.c.obj (.text:sprintf)
                  00006b30    00000040     sysbios.aem4f : BIOS.obj (.text:ti_sysbios_family_arm_cc26xx_Timer_setThreshold__I)
                  00006b70    00000040                   : BIOS.obj (.text:ti_sysbios_family_arm_m3_Hwi_getStackInfo__E)
                  00006bb0    0000003e     dpl_cc26x2.a : HwiP_tirtos.oem4f (.text:HwiP_construct)
                  00006bee    0000003e     drivers_cc26x2.a : RingBuf.oem4f (.text:RingBuf_putAdvance)
                  00006c2c    0000003e     rtsv7M4_T_le_v4SPD16_eabi.lib : _printfi.c.obj (.text:_fcpy)
                  00006c6a    00000002     ti.uia.loggers.aem4f : LoggerStopMode.oem4f (.text:ti_uia_loggers_LoggerStopMode_setPriority__E)
                  00006c6c    0000003c     drivers_cc26x2.a : PINCC26XX.oem4f (.text:PIN_setInterrupt)
                  00006ca8    0000003c                      : PINCC26XX.oem4f (.text:PIN_setOutputValue)
                  00006ce4    0000003c     sysbios.aem4f : BIOS.obj (.text:ti_sysbios_family_arm_m3_Hwi_construct2__E)
                  00006d20    00000038     drivers_cc26x2.a : PINCC26XX.oem4f (.text:PIN_setConfig)
                  00006d58    00000038                      : UART2CC26X2.oem4f (.text:UART2Support_sendData)
                  00006d90    00000038     rtsv7M4_T_le_v4SPD16_eabi.lib : trgmsg.c.obj (.text:__TI_writemsg)
                  00006dc8    00000038     AM2302.obj (.text:init_task_Temp)
                  00006e00    00000038     drivers_cc26x2.a : PowerCC26X2.oem4f (.text:notify)
                  00006e38    00000038     sysbios.aem4f : BIOS.obj (.text:ti_sysbios_family_arm_cc26xx_Timer_getCurrentTick__E)
                  00006e70    00000038                   : BIOS.obj (.text:ti_sysbios_family_arm_m3_Hwi_Instance_finalize__E)
                  00006ea8    00000038                   : BIOS.obj (.text:ti_sysbios_heaps_HeapMem_Instance_init__E)
                  00006ee0    00000038                   : BIOS.obj (.text:ti_sysbios_knl_Clock_Instance_init__E)
                  00006f18    00000038                   : BIOS.obj (.text:xdc_runtime_System_atexit__E)
                  00006f50    00000034     drivers_cc26x2.a : GPTimerCC26XX.oem4f (.text:GPTimerCC26XXSetLoadMatch)
                  00006f84    00000034                      : GPTimerCC26XX.oem4f (.text:GPTimerCC26XX_configureDebugStall)
                  00006fb8    00000034     driverlib.lib : aux_sysif.obj (.text:NOROM_AUXSYSIFOpModeChange)
                  00006fec    00000034     drivers_cc26x2.a : RingBuf.oem4f (.text:RingBuf_getConsume)
                  00007020    00000034                      : RingBuf.oem4f (.text:RingBuf_putPointer)
                  00007054    00000034     rtsv7M4_T_le_v4SPD16_eabi.lib : trgmsg.c.obj (.text:__TI_readmsg)
                  00007088    00000034     AM2302_pem4f.oem4f (.text:ti_sysbios_knl_Semaphore_create)
                  000070bc    00000034     sysbios.aem4f : BIOS.obj (.text:ti_sysbios_knl_Swi_restore__E)
                  000070f0    00000034     ti.uia.loggers.aem4f : LoggerStopMode.oem4f (.text:ti_uia_loggers_LoggerStopMode_reset__E)
                  00007124    00000034     sysbios.aem4f : BIOS.obj (.text:xdc_runtime_SysMin_abort__E)
                  00007158    00000034                   : BIOS.obj (.text:xdc_runtime_SysMin_putch__E)
                  0000718c    00000032                   : BIOS.obj (.text:ti_sysbios_family_arm_cc26xx_Timer_setNextTick__E)
                  000071be    00000002                   : BIOS.obj (.text:xdc_runtime_Error_policySpin__E)
                  000071c0    00000030     drivers_cc26x2.a : GPIOCC26XX.oem4f (.text:GPIO_hwiIntFxn)
                  000071f0    00000030                      : GPIOCC26XX.oem4f (.text:GPIO_setCallback)
                  00007220    00000030                      : PINCC26XX.oem4f (.text:PINCC26XX_setMux)
                  00007250    00000030                      : PowerCC26X2.oem4f (.text:Power_releaseConstraint)
                  00007280    00000030                      : PowerCC26X2.oem4f (.text:Power_setConstraint)
                  000072b0    00000030     AM2302_pem4f.oem4f (.text:ti_sysbios_BIOS_atExitFunc__I)
                  000072e0    00000030     AM2302_pem4f.oem4f (.text:ti_sysbios_BIOS_startFunc__I)
                  00007310    00000030     sysbios.aem4f : BIOS.obj (.text:ti_sysbios_family_arm_cc26xx_Timer_initDevice__I)
                  00007340    00000030     AM2302_pem4f.oem4f (.text:ti_sysbios_gates_GateHwi_Object__create__S)
                  00007370    00000030     AM2302_pem4f.oem4f (.text:ti_sysbios_gates_GateMutex_Object__create__S)
                  000073a0    00000030     sysbios.aem4f : BIOS.obj (.text:ti_sysbios_gates_GateMutex_enter__E)
                  000073d0    00000030     AM2302_pem4f.oem4f (.text:ti_sysbios_heaps_HeapMem_Object__create__S)
                  00007400    00000030     sysbios.aem4f : BIOS.obj (.text:ti_sysbios_heaps_HeapMem_free__E)
                  00007430    00000030     AM2302_pem4f.oem4f (.text:ti_sysbios_knl_Clock_construct)
                  00007460    00000030     AM2302_pem4f.oem4f (.text:ti_sysbios_knl_Semaphore_construct)
                  00007490    00000030     sysbios.aem4f : BIOS.obj (.text:ti_sysbios_knl_Task_processVitalTaskFlag__I)
                  000074c0    00000030     AM2302_pem4f.oem4f (.text:ti_uia_loggers_LoggerStopMode_Object__create__S)
                  000074f0    00000030     sysbios.aem4f : BIOS.obj (.text:xdc_runtime_System_processAtExit__E)
                  00007520    0000002e     rtsv7M4_T_le_v4SPD16_eabi.lib : i_tofd_t2.asm.obj (.text)
                  0000754e    0000002e     sysbios.aem4f : BIOS.obj (.text:ti_sysbios_family_arm_m3_TaskSupport_start__E)
                  0000757c    0000002e                   : BIOS.obj (.text:ti_sysbios_hal_Hwi_initStack)
                  000075aa    00000002                   : BIOS.obj (.text:xdc_runtime_System_abortSpin__E)
                  000075ac    0000002c     drivers_cc26x2.a : GPTimerCC26XX.oem4f (.text:GPTimerCC26XX_getTimerValue)
                  000075d8    0000002c     dpl_cc26x2.a : SemaphoreP_tirtos.oem4f (.text:SemaphoreP_constructBinary)
                  00007604    0000002c                  : SemaphoreP_tirtos.oem4f (.text:SemaphoreP_createBinary)
                  00007630    0000002c     AM2302.obj (.text:init_sem_Temp)
                  0000765c    0000002c     AM2302_pem4f.oem4f (.text:ti_sysbios_gates_GateHwi_Handle__label__S)
                  00007688    0000002c     AM2302_pem4f.oem4f (.text:ti_sysbios_gates_GateMutex_Handle__label__S)
                  000076b4    0000002c     AM2302_pem4f.oem4f (.text:ti_sysbios_heaps_HeapMem_Handle__label__S)
                  000076e0    0000002c     sysbios.aem4f : BIOS.obj (.text:ti_sysbios_knl_Mailbox_postInit__I)
                  0000770c    0000002c     AM2302_pem4f.oem4f (.text:ti_sysbios_knl_Queue_construct)
                  00007738    0000002c     sysbios.aem4f : BIOS.obj (.text:ti_sysbios_knl_Semaphore_pendTimeout__I)
                  00007764    0000002c                   : BIOS.obj (.text:ti_sysbios_knl_Task_restore__E)
                  00007790    0000002c     AM2302_pem4f.oem4f (.text:ti_uia_loggers_LoggerStopMode_Handle__label__S)
                  000077bc    0000002a     drivers_cc26x2.a : RingBuf.oem4f (.text:RingBuf_getPointer)
                  000077e6    00000002     sysbios.aem4f : BIOS.obj (.text:xdc_runtime_System_exitSpin__E)
                  000077e8    00000028     AM2302.obj (.text:ISR_GPIO_23)
                  00007810    00000028     drivers_cc26x2.a : PowerCC26X2.oem4f (.text:Power_registerNotify)
                  00007838    00000028                      : PowerCC26X2.oem4f (.text:oscillatorISR)
                  00007860    00000028     sysbios.aem4f : m3_Hwi_asm.obj (.text:ti_sysbios_family_arm_m3_Hwi_excHandlerAsm__I)
                  00007888    00000028                   : BIOS.obj (.text:ti_sysbios_knl_Clock_addI__E)
                  000078b0    00000026     drivers_cc26x2.a : GPTimerCC26XX.oem4f (.text:GPTimerCC26XXLookupMask)
                  000078d6    00000026                      : List.oem4f (.text:List_put)
                  000078fc    00000026     sysbios.aem4f : m3_Hwi_asm.obj (.text:ti_sysbios_family_arm_m3_Hwi_pendSV__I)
                  00007922    00000002     --HOLE-- [fill = 0]
                  00007924    00000024     drivers_cc26x2.a : GPTimerCC26XX.oem4f (.text:GPTimerCC26XX_enableInterrupt)
                  00007948    00000024     driverlib.lib : osc.obj (.text:NOROM_OSCHF_TurnOnXosc)
                  0000796c    00000024     drivers_cc26x2.a : PowerCC26X2_calibrateRCOSC.oem4f (.text:getTdcSemaphore)
                  00007990    00000024     AM2302.obj (.text:init_mbx_Temp)
                  000079b4    00000024     AM2302_pem4f.oem4f (.text:ti_sysbios_BIOS_registerRTSLock__I)
                  000079d8    00000024     AM2302_pem4f.oem4f (.text:ti_sysbios_BIOS_removeRTSLock__I)
                  000079fc    00000024     sysbios.aem4f : BIOS.obj (.text:ti_sysbios_family_arm_cc26xx_Timer_Module_startup__E)
                  00007a20    00000024                   : BIOS.obj (.text:ti_sysbios_family_arm_cc26xx_Timer_getMaxTicks__E)
                  00007a44    00000024                   : BIOS.obj (.text:ti_sysbios_family_arm_cc26xx_Timer_startup__E)
                  00007a68    00000024     AM2302_pem4f.oem4f (.text:ti_sysbios_gates_GateMutex_Object__delete__S)
                  00007a8c    00000024     sysbios.aem4f : BIOS.obj (.text:ti_sysbios_knl_Clock_Module_startup__E)
                  00007ab0    00000024                   : BIOS.obj (.text:ti_sysbios_knl_Semaphore_Instance_init__E)
                  00007ad4    00000024     AM2302_pem4f.oem4f (.text:ti_sysbios_knl_Semaphore_Object__delete__S)
                  00007af8    00000024     sysbios.aem4f : BIOS.obj (.text:ti_sysbios_knl_Swi_Module_startup__E)
                  00007b1c    00000024                   : BIOS.obj (.text:ti_sysbios_knl_Task_restoreHwi__E)
                  00007b40    00000022     drivers_cc26x2.a : GPTimerCC26XX.oem4f (.text:GPTimerCC26XXReverseLookupMask)
                  00007b62    00000022     sysbios.aem4f : BIOS.obj (.text:ti_sysbios_family_arm_cc26xx_Timer_postInit__I)
                  00007b84    00000022     AM2302_pem4f.oem4f (.text:xdc_runtime_SysMin_output__I)
                  00007ba6    00000002     --HOLE-- [fill = 0]
                  00007ba8    00000020     ti_drivers_config.obj (.text:Board_init)
                  00007bc8    00000020     drivers_cc26x2.a : PINCC26XX.oem4f (.text:PINCC26XX_setIoCfgMux)
                  00007be8    00000020                      : UART2CC26X2.oem4f (.text:UART2CC26X2_getPowerMgrId)
                  00007c08    00000020     AM2302_pem4f.oem4f (.text:ti_sysbios_BIOS_rtsLock__I)
                  00007c28    00000020     sysbios.aem4f : BIOS.obj (.text:ti_sysbios_family_arm_cc26xx_Timer_dynamicStub__E)
                  00007c48    00000020                   : BIOS.obj (.text:ti_sysbios_family_arm_cc26xx_TimestampProvider_Module_startup__E)
                  00007c68    00000020     AM2302_pem4f.oem4f (.text:ti_sysbios_gates_GateHwi_Object__delete__S)
                  00007c88    00000020     AM2302_pem4f.oem4f (.text:ti_sysbios_heaps_HeapMem_Object__delete__S)
                  00007ca8    00000020     sysbios.aem4f : BIOS.obj (.text:ti_sysbios_knl_Clock_getTicks__E)
                  00007cc8    00000020                   : BIOS.obj (.text:ti_sysbios_knl_Clock_stop__E)
                  00007ce8    00000020                   : BIOS.obj (.text:ti_sysbios_knl_Idle_run__E)
                  00007d08    00000020     AM2302_pem4f.oem4f (.text:ti_sysbios_knl_Semaphore_destruct)
                  00007d28    00000020     AM2302_pem4f.oem4f (.text:ti_uia_loggers_LoggerStopMode_Object__delete__S)
                  00007d48    00000020     sysbios.aem4f : BIOS.obj (.text:xdc_runtime_SysMin_Module_startup__E)
                  00007d68    0000001e     drivers_cc26x2.a : PINCC26XX.oem4f (.text:PIN_close)
                  00007d86    0000001e     sysbios.aem4f : m3_Hwi_asm_switch.obj (.text:ti_sysbios_family_xxx_Hwi_switchAndRunFunc)
                  00007da4    0000001c     AM2302.obj (.text:ISR_Timer_Temp)
                  00007dc0    0000001c     driverlib.lib : chipinfo.obj (.text:NOROM_ChipInfo_GetChipFamily)
                  00007ddc    0000001c     drivers_cc26x2.a : PINCC26XX.oem4f (.text:PIN_hwi)
                  00007df8    0000001c                      : UDMACC26XX.oem4f (.text:UDMACC26XX_initHw)
                  00007e14    0000001c     rtsv7M4_T_le_v4SPD16_eabi.lib : memccpy.c.obj (.text:memccpy)
                  00007e30    0000001c     sysbios.aem4f : BIOS.obj (.text:ti_sysbios_family_arm_m3_Hwi_excHandler__I)
                  00007e4c    0000001c                   : BIOS.obj (.text:ti_sysbios_family_arm_m3_Hwi_setPriority__E)
                  00007e68    0000001c                   : BIOS.obj (.text:ti_sysbios_gates_GateMutex_Instance_init__E)
                  00007e84    0000001c                   : BIOS.obj (.text:ti_sysbios_knl_Clock_scheduleNextTick__E)
                  00007ea0    0000001c     AM2302_pem4f.oem4f (.text:ti_sysbios_knl_Queue_destruct)
                  00007ebc    0000001c     sysbios.aem4f : BIOS.obj (.text:ti_sysbios_knl_Queue_get__E)
                  00007ed8    0000001c                   : BIOS.obj (.text:ti_sysbios_knl_Queue_put__E)
                  00007ef4    0000001c                   : BIOS.obj (.text:ti_sysbios_knl_Swi_construct2__E)
                  00007f10    0000001c                   : BIOS.obj (.text:ti_sysbios_knl_Task_enter__I)
                  00007f2c    0000001c     ti.uia.loggers.aem4f : LoggerStopMode.oem4f (.text:ti_uia_loggers_LoggerStopMode_Instance_init__E)
                  00007f48    0000001c     sysbios.aem4f : BIOS.obj (.text:xdc_runtime_Error_check__E)
                  00007f64    0000001c                   : BIOS.obj (.text:xdc_runtime_Error_raiseX__E)
                  00007f80    0000001c                   : BIOS.obj (.text:xdc_runtime_Memory_valloc__E)
                  00007f9c    0000001c                   : BIOS.obj (.text:xdc_runtime_SysMin_exit__E)
                  00007fb8    0000001c                   : BIOS.obj (.text:xdc_runtime_System_abort__E)
                  00007fd4    0000001a     drivers_cc26x2.a : PowerCC26X2.oem4f (.text:PowerCC26XX_calibrate)
                  00007fee    0000001a     rtsv7M4_T_le_v4SPD16_eabi.lib : s_copysign.c.obj (.text:copysign)
                  00008008    0000001a     sysbios.aem4f : BIOS.obj (.text:ti_sysbios_knl_Task_sleepTimeout__I)
                  00008022    00000002     --HOLE-- [fill = 0]
                  00008024    00000018     driverlib.lib : chipinfo.obj (.text:NOROM_ChipInfo_GetPackageType)
                  0000803c    00000018     drivers_cc26x2.a : PowerCC26X2.oem4f (.text:Power_idleFunc)
                  00008054    00000018                      : UART2.oem4f (.text:UART2_Params_init)
                  0000806c    00000018     rtsv7M4_T_le_v4SPD16_eabi.lib : args_main.c.obj (.text:_args_main)
                  00008084    00000018                                   : sprintf.c.obj (.text:_outs)
                  0000809c    00000018     AM2302.obj (.text:init_GPIO_Temp)
                  000080b4    00000018     rtsv7M4_T_le_v4SPD16_eabi.lib : ll_mul_t2.asm.obj (.text)
                  000080cc    00000018     drivers_cc26x2.a : PowerCC26X2.oem4f (.text:switchToTCXO)
                  000080e4    00000018     AM2302_pem4f.oem4f (.text:ti_sysbios_BIOS_rtsUnlock__I)
                  000080fc    00000018     AM2302_pem4f.oem4f (.text:ti_sysbios_family_arm_cc26xx_Timer_Module__startupDone__F)
                  00008114    00000018     AM2302_pem4f.oem4f (.text:ti_sysbios_family_arm_m3_Hwi_Module__startupDone__F)
                  0000812c    00000018     sysbios.aem4f : BIOS.obj (.text:ti_sysbios_family_arm_m3_Hwi_plug__E)
                  00008144    00000018                   : m3_TaskSupport_asm.obj (.text:ti_sysbios_family_arm_m3_TaskSupport_swap__E)
                  0000815c    00000018                   : BIOS.obj (.text:ti_sysbios_gates_GateMutex_leave__E)
                  00008174    00000018                   : BIOS.obj (.text:ti_sysbios_knl_Swi_or__E)
                  0000818c    00000018                   : BIOS.obj (.text:ti_sysbios_knl_Task_unblock__E)
                  000081a4    00000018                   : BIOS.obj (.text:xdc_runtime_System_exit__E)
                  000081bc    00000018                   : BIOS.obj (.text:xdc_runtime_Text_ropeText__E)
                  000081d4    00000016     driverlib.lib : chipinfo.obj (.text:NOROM_ThisLibraryIsFor_CC13x2_CC26x2_HwRev20AndLater_HaltIfViolated)
                  000081ea    00000016     rtsv7M4_T_le_v4SPD16_eabi.lib : strchr.c.obj (.text:strchr)
                  00008200    00000016     AM2302_pem4f.oem4f (.text:ti_sysbios_BIOS_exitFunc__I)
                  00008216    00000016     sysbios.aem4f : BIOS.obj (.text:ti_sysbios_family_arm_cc26xx_TimestampProvider_get64__E)
                  0000822c    00000016                   : BIOS.obj (.text:ti_sysbios_knl_Clock_start__E)
                  00008242    00000016     AM2302.obj (.text:ti_sysbios_knl_Mailbox_Params_init)
                  00008258    00000016     AM2302.obj (.text:ti_sysbios_knl_Semaphore_Params_init)
                  0000826e    00000016     AM2302.obj (.text:ti_sysbios_knl_Task_Params_init)
                  00008284    00000016     ti.uia.loggers.aem4f : LoggerStopMode.oem4f (.text:ti_uia_loggers_LoggerStopMode_disable__E)
                  0000829a    00000016                          : LoggerStopMode.oem4f (.text:ti_uia_loggers_LoggerStopMode_enable__E)
                  000082b0    00000014     dpl_cc26x2.a : HwiP_tirtos.oem4f (.text:HwiP_interruptsEnabled)
                  000082c4    00000014     drivers_cc26x2.a : PINCC26XX.oem4f (.text:PINCC26XX_getPinCount)
                  000082d8    00000014                      : PowerCC26X2_calibrateRCOSC.oem4f (.text:PowerCC26X2_calibrate)
                  000082ec    00000014     rtsv7M4_T_le_v4SPD16_eabi.lib : strlen.c.obj (.text:strlen)
                  00008300    00000014     sysbios.aem4f : BIOS.obj (.text:ti_sysbios_family_arm_cc26xx_Timer_getCount64__E)
                  00008314    00000014     AM2302_pem4f.oem4f (.text:ti_sysbios_family_arm_m3_Hwi_Object__get__S)
                  00008328    00000014     sysbios.aem4f : BIOS.obj (.text:ti_sysbios_family_arm_m3_Hwi_switchFromBootStack__E)
                  0000833c    00000014     AM2302_pem4f.oem4f (.text:ti_sysbios_heaps_HeapMem_Object__get__S)
                  00008350    00000014     AM2302_pem4f.oem4f (.text:ti_sysbios_knl_Clock_doTick__I)
                  00008364    00000014     AM2302_pem4f.oem4f (.text:ti_sysbios_knl_Swi_Object__get__S)
                  00008378    00000012     drivers_cc26x2.a : GPTimerCC26XX.oem4f (.text:GPTimerCC26XX_Params_init)
                  0000838a    00000012                      : RingBuf.oem4f (.text:RingBuf_construct)
                  0000839c    00000012     dpl_cc26x2.a : SemaphoreP_tirtos.oem4f (.text:SemaphoreP_pend)
                  000083ae    00000012     drivers_cc26x2.a : UART2CC26X2.oem4f (.text:UART2CC26X2_writeTimeout)
                  000083c0    00000012     sysbios.aem4f : BIOS.obj (.text:ti_sysbios_hal_Hwi_Module_startup__E)
                  000083d2    00000012     rtsv7M4_T_le_v4SPD16_eabi.lib : wcslen.c.obj (.text:wcslen)
                  000083e4    00000012     AM2302_pem4f.oem4f (.text:xdc_runtime_Startup_exec__I)
                  000083f6    00000010     dpl_cc26x2.a : HwiP_tirtos.oem4f (.text:HwiP_Params_init)
                  00008406    00000010                  : SwiP_tirtos.oem4f (.text:SwiP_Params_init)
                  00008416    00000010     drivers_cc26x2.a : UART2CC26X2.oem4f (.text:UART2CC26X2_postNotifyFxn)
                  00008426    00000010                      : UART2CC26X2.oem4f (.text:UART2CC26X2_readTimeout)
                  00008436    00000010                      : UART2CC26X2.oem4f (.text:UART2Support_rxStatus2ErrorCode)
                  00008446    00000010                      : UART2CC26X2.oem4f (.text:UART2Support_txDone)
                  00008456    00000002     --HOLE-- [fill = 0]
                  00008458    00000010     sysbios.aem4f : BIOS.obj (.text:ti_sysbios_BIOS_exit__E)
                  00008468    00000010                   : BIOS.obj (.text:ti_sysbios_BIOS_getCpuFreq__E)
                  00008478    00000010                   : BIOS.obj (.text:ti_sysbios_BIOS_setThreadType__E)
                  00008488    00000010                   : BIOS.obj (.text:ti_sysbios_BIOS_start__E)
                  00008498    00000010                   : m3_TaskSupport_asm.obj (.text:ti_sysbios_family_arm_m3_TaskSupport_glue)
                  000084a8    00000010                   : BIOS.obj (.text:ti_sysbios_gates_GateMutex_Instance_finalize__E)
                  000084b8    00000010     AM2302_pem4f.oem4f (.text:ti_sysbios_knl_Mailbox_Object__get__S)
                  000084c8    00000010     sysbios.aem4f : BIOS.obj (.text:ti_sysbios_knl_Semaphore_Instance_finalize__E)
                  000084d8    00000010                   : BIOS.obj (.text:ti_sysbios_knl_Swi_disable__E)
                  000084e8    00000010                   : BIOS.obj (.text:ti_sysbios_knl_Swi_enabled__E)
                  000084f8    00000010     AM2302_pem4f.oem4f (.text:ti_sysbios_knl_Task_Object__get__S)
                  00008508    00000010     sysbios.aem4f : BIOS.obj (.text:ti_sysbios_knl_Task_disable__E)
                  00008518    00000010     AM2302_pem4f.oem4f (.text:ti_uia_loggers_LoggerStopMode_Object__get__S)
                  00008528    00000010     ti.uia.loggers.aem4f : LoggerStopMode.oem4f (.text:ti_uia_loggers_LoggerStopMode_isEmpty__E)
                  00008538    00000010     sysbios.aem4f : BIOS.obj (.text:xdc_runtime_Gate_leaveSystem__E)
                  00008548    00000010                   : BIOS.obj (.text:xdc_runtime_Memory_free__E)
                  00008558    0000000e     drivers_cc26x2.a : UART2.oem4f (.text:UART2_write)
                  00008566    0000000e     rtsv7M4_T_le_v4SPD16_eabi.lib : copy_decompress_none.c.obj (.text:decompress:none:__TI_decompress_none)
                  00008574    0000000e     sysbios.aem4f : BIOS.obj (.text:ti_sysbios_heaps_HeapMem_restore__E)
                  00008582    0000000e                   : BIOS.obj (.text:ti_sysbios_knl_Queue_empty__E)
                  00008590    0000000e                   : BIOS.obj (.text:ti_sysbios_knl_Queue_remove__E)
                  0000859e    00000002     --HOLE-- [fill = 0]
                  000085a0    0000000c     dpl_cc26x2.a : ClockP_tirtos.oem4f (.text:ClockP_getSystemTickPeriod)
                  000085ac    0000000c     driverlib.lib : cpu.obj (.text:NOROM_CPUcpsid)
                  000085b8    0000000c                   : cpu.obj (.text:NOROM_CPUcpsie)
                  000085c4    0000000c     drivers_cc26x2.a : PINCC26XX.oem4f (.text:PIN_registerIntCb)
                  000085d0    0000000c                      : PowerCC26X2.oem4f (.text:Power_getConstraintMask)
                  000085dc    0000000c     dpl_cc26x2.a : SemaphoreP_tirtos.oem4f (.text:SemaphoreP_delete)
                  000085e8    0000000c     drivers_cc26x2.a : UART2CC26X2.oem4f (.text:UART2Support_disableTx)
                  000085f4    0000000c                      : UART2CC26X2.oem4f (.text:UART2Support_enableTx)
                  00008600    0000000c     rtsv7M4_T_le_v4SPD16_eabi.lib : _lock.c.obj (.text:_register_lock)
                  0000860c    0000000c                                   : _lock.c.obj (.text:_register_unlock)
                  00008618    0000000c                                   : copy_zero_init.c.obj (.text:decompress:ZI:__TI_zero_init)
                  00008624    0000000c     AM2302_pem4f.oem4f (.text:ti_sysbios_family_arm_m3_Hwi_Params__init__S)
                  00008630    0000000c     sysbios.aem4f : BIOS.obj (.text:ti_sysbios_family_arm_m3_Hwi_disableFxn__E)
                  0000863c    0000000c                   : BIOS.obj (.text:ti_sysbios_family_arm_m3_TaskSupport_getStackAlignment__E)
                  00008648    0000000c                   : BIOS.obj (.text:ti_sysbios_gates_GateHwi_enter__E)
                  00008654    0000000c     AM2302_pem4f.oem4f (.text:ti_sysbios_knl_Clock_Params__init__S)
                  00008660    0000000c     sysbios.aem4f : BIOS.obj (.text:ti_sysbios_knl_Clock_getTimerHandle__E)
                  0000866c    0000000c     AM2302_pem4f.oem4f (.text:ti_sysbios_knl_Mailbox_Params__init__S)
                  00008678    0000000c     AM2302_pem4f.oem4f (.text:ti_sysbios_knl_Queue_Object__get__S)
                  00008684    0000000c     sysbios.aem4f : BIOS.obj (.text:ti_sysbios_knl_Queue_dequeue__E)
                  00008690    0000000c                   : BIOS.obj (.text:ti_sysbios_knl_Queue_enqueue__E)
                  0000869c    0000000c     AM2302_pem4f.oem4f (.text:ti_sysbios_knl_Semaphore_Params__init__S)
                  000086a8    0000000c     AM2302.obj (.text:ti_sysbios_knl_Semaphore_handle)
                  000086b4    0000000c     AM2302_pem4f.oem4f (.text:ti_sysbios_knl_Swi_Params__init__S)
                  000086c0    0000000c     sysbios.aem4f : BIOS.obj (.text:ti_sysbios_knl_Swi_getTrigger__E)
                  000086cc    0000000c     AM2302_pem4f.oem4f (.text:ti_sysbios_knl_Task_Params__init__S)
                  000086d8    0000000c     sysbios.aem4f : BIOS.obj (.text:ti_sysbios_knl_Task_self__E)
                  000086e4    0000000c                   : BIOS.obj (.text:xdc_runtime_Gate_enterSystem__E)
                  000086f0    0000000c                   : BIOS.obj (.text:xdc_runtime_Memory_calloc__E)
                  000086fc    0000000c                   : BIOS.obj (.text:xdc_runtime_Memory_getMaxDefaultTypeAlign__E)
                  00008708    0000000c                   : BIOS.obj (.text:xdc_runtime_Startup_rtsDone__E)
                  00008714    0000000a     dpl_cc26x2.a : ClockP_tirtos.oem4f (.text:ClockP_Params_init)
                  0000871e    0000000a     drivers_cc26x2.a : UDMACC26XX.oem4f (.text:UDMACC26XX_hwiIntFxn)
                  00008728    0000000a     rtsv7M4_T_le_v4SPD16_eabi.lib : sprintf.c.obj (.text:_outc)
                  00008732    0000000a     AM2302_pem4f.oem4f (.text:xdc_runtime_IHeap_alloc)
                  0000873c    0000000a     AM2302_pem4f.oem4f (.text:xdc_runtime_IHeap_free)
                  00008746    00000008     drivers_cc26x2.a : GPTimerCC26XX.oem4f (.text:GPTimerCC26XX_setLoadValue)
                  0000874e    00000002     --HOLE-- [fill = 0]
                  00008750    00000008     rtsv7M4_T_le_v4SPD16_eabi.lib : errno.c.obj (.text:__aeabi_errno_addr)
                  00008758    00000008     sysbios.aem4f : BIOS.obj (.text:ti_sysbios_family_arm_m3_Hwi_doSwiRestore__I)
                  00008760    00000008                   : BIOS.obj (.text:ti_sysbios_family_arm_m3_Hwi_startup__E)
                  00008768    00000008                   : BIOS.obj (.text:ti_sysbios_knl_Idle_loop__E)
                  00008770    00000006     drivers_cc26x2.a : GPTimerCC26XX.oem4f (.text:GPTimerCC26XX_getFreeRunValue)
                  00008776    00000006     driverlib.lib : cpu.obj (.text:NOROM_CPUdelay)
                  0000877c    00000006     drivers_cc26x2.a : PowerCC26X2.oem4f (.text:delayUs)
                  00008782    00000006     sysbios.aem4f : BIOS.obj (.text:ti_sysbios_family_arm_m3_Hwi_doTaskRestore__I)
                  00008788    00000006                   : BIOS.obj (.text:ti_sysbios_family_arm_m3_Hwi_restoreFxn__E)
                  0000878e    00000006                   : BIOS.obj (.text:ti_sysbios_gates_GateHwi_leave__E)
                  00008794    00000006                   : BIOS.obj (.text:ti_sysbios_heaps_HeapMem_isBlocking__E)
                  0000879a    00000006                   : BIOS.obj (.text:ti_sysbios_knl_Queue_Instance_init__E)
                  000087a0    00000006                   : BIOS.obj (.text:ti_sysbios_knl_Queue_elemClear__E)
                  000087a6    00000006                   : BIOS.obj (.text:ti_sysbios_knl_Swi_startup__E)
                  000087ac    00000006                   : BIOS.obj (.text:xdc_runtime_System_Module_startup__E)
                  000087b2    00000004     dpl_cc26x2.a : ClockP_tirtos.oem4f (.text:ClockP_getCpuFreq)
                  000087b6    00000004                  : ClockP_tirtos.oem4f (.text:ClockP_setTimeout)
                  000087ba    00000004                  : ClockP_tirtos.oem4f (.text:ClockP_start)
                  000087be    00000004                  : ClockP_tirtos.oem4f (.text:ClockP_stop)
                  000087c2    00000004                  : HwiP_tirtos.oem4f (.text:HwiP_disable)
                  000087c6    00000004     drivers_cc26x2.a : PowerCC26X2.oem4f (.text:PowerCC26XX_doWFI)
                  000087ca    00000004     dpl_cc26x2.a : SemaphoreP_tirtos.oem4f (.text:SemaphoreP_post)
                  000087ce    00000004                  : SwiP_tirtos.oem4f (.text:SwiP_getTrigger)
                  000087d2    00000004                  : SwiP_tirtos.oem4f (.text:SwiP_or)
                  000087d6    00000004     drivers_cc26x2.a : PowerCC26X2.oem4f (.text:configureRFCoreClocks)
                  000087da    00000004                      : PowerCC26X2.oem4f (.text:nopResourceHandler)
                  000087de    00000004     AM2302_pem4f.oem4f (.text:ti_sysbios_BIOS_RtsGateProxy_enter__E)
                  000087e2    00000004     AM2302_pem4f.oem4f (.text:ti_sysbios_BIOS_RtsGateProxy_leave__E)
                  000087e6    00000004     sysbios.aem4f : BIOS.obj (.text:ti_sysbios_family_arm_cc26xx_Timer_setPeriod__E)
                  000087ea    00000004     AM2302_pem4f.oem4f (.text:ti_sysbios_family_arm_m3_TaskSupport_Module__startupDone__S)
                  000087ee    00000004     sysbios.aem4f : BIOS.obj (.text:ti_sysbios_gates_GateHwi_query__E)
                  000087f2    00000004                   : BIOS.obj (.text:ti_sysbios_gates_GateMutex_query__E)
                  000087f6    00000004     AM2302_pem4f.oem4f (.text:ti_sysbios_heaps_HeapMem_Module_GateProxy_enter__E)
                  000087fa    00000004     AM2302_pem4f.oem4f (.text:ti_sysbios_heaps_HeapMem_Module_GateProxy_leave__E)
                  000087fe    00000004     AM2302_pem4f.oem4f (.text:ti_sysbios_knl_Clock_TimerProxy_getCurrentTick__E)
                  00008802    00000004     AM2302_pem4f.oem4f (.text:ti_sysbios_knl_Clock_TimerProxy_getMaxTicks__E)
                  00008806    00000004     AM2302_pem4f.oem4f (.text:ti_sysbios_knl_Clock_TimerProxy_setNextTick__E)
                  0000880a    00000004     sysbios.aem4f : BIOS.obj (.text:ti_sysbios_knl_Clock_removeI__E)
                  0000880e    00000004                   : BIOS.obj (.text:ti_sysbios_knl_Clock_setTimeout__E)
                  00008812    00000004                   : BIOS.obj (.text:ti_sysbios_knl_Queue_head__E)
                  00008816    00000004                   : BIOS.obj (.text:ti_sysbios_knl_Queue_next__E)
                  0000881a    00000004                   : BIOS.obj (.text:ti_sysbios_knl_Queue_prev__E)
                  0000881e    00000004     AM2302_pem4f.oem4f (.text:ti_sysbios_knl_Semaphore_delete)
                  00008822    00000004     sysbios.aem4f : BIOS.obj (.text:ti_sysbios_knl_Swi_postInit__I)
                  00008826    00000004                   : BIOS.obj (.text:ti_sysbios_knl_Task_startup__E)
                  0000882a    00000004     ti.uia.loggers.aem4f : LoggerStopMode.oem4f (.text:ti_uia_loggers_LoggerStopMode_getContents__E)
                  0000882e    00000004     AM2302_pem4f.oem4f (.text:ti_uia_loggers_LoggerStopMode_getFilterLevel__E)
                  00008832    00000004     ti.uia.loggers.aem4f : LoggerStopMode.oem4f (.text:ti_uia_loggers_LoggerStopMode_getInstanceId__E)
                  00008836    00000004                          : LoggerStopMode.oem4f (.text:ti_uia_loggers_LoggerStopMode_getMaxLength__E)
                  0000883a    00000004                          : LoggerStopMode.oem4f (.text:ti_uia_loggers_LoggerStopMode_getPriority__E)
                  0000883e    00000004                          : LoggerStopMode.oem4f (.text:ti_uia_loggers_LoggerStopMode_getTransferType__E)
                  00008842    00000004     AM2302_pem4f.oem4f (.text:xdc_runtime_System_Module_GateProxy_enter__E)
                  00008846    00000004     AM2302_pem4f.oem4f (.text:xdc_runtime_System_Module_GateProxy_leave__E)

.const     0    0000884c    000008df     
                  0000884c    00000101     rtsv7M4_T_le_v4SPD16_eabi.lib : ctype.c.obj (.const:.string:_ctypes_)
                  0000894d    00000002     drivers_cc26x2.a : UART2CC26X2.oem4f (.const:.string:stopBits)
                  0000894f    00000001     AM2302_pem4f.oem4f (.const:xdc_runtime_Error_policy__C)
                  00008950    00000060     AM2302_pem4f.oem4f (.const:ti_uia_loggers_LoggerStopMode_Module__FXNS__C)
                  000089b0    00000054     drivers_cc26x2.a : PowerCC26X2.oem4f (.const:resourceDB)
                  00008a04    0000003c     AM2302_pem4f.oem4f (.const:ti_sysbios_knl_Task_Object__PARAMS__C)
                  00008a40    0000003c     ti_drivers_config.obj (.const:uart2CC26X2HWAttrs)
                  00008a7c    00000034     AM2302_pem4f.oem4f (.const:ti_sysbios_knl_Mailbox_Object__PARAMS__C)
                  00008ab0    00000030     AM2302_pem4f.oem4f (.const:ti_sysbios_family_arm_m3_Hwi_Object__PARAMS__C)
                  00008ae0    0000002c     AM2302_pem4f.oem4f (.const:xdc_runtime_Startup_sfxnTab__A)
                  00008b0c    00000028     AM2302_pem4f.oem4f (.const:ti_sysbios_heaps_HeapMem_Module__FXNS__C)
                  00008b34    00000028     AM2302_pem4f.oem4f (.const:ti_sysbios_knl_Swi_Object__PARAMS__C)
                  00008b5c    00000028     AM2302_pem4f.oem4f (.const:ti_uia_loggers_LoggerStopMode_Object__PARAMS__C)
                  00008b84    00000024     drivers_cc26x2.a : UART2.oem4f (.const:UART2_defaultParams)
                  00008ba8    00000024     AM2302_pem4f.oem4f (.const:ti_sysbios_gates_GateHwi_Module__FXNS__C)
                  00008bcc    00000024     AM2302_pem4f.oem4f (.const:ti_sysbios_gates_GateMutex_Module__FXNS__C)
                  00008bf0    00000024     AM2302_pem4f.oem4f (.const:ti_sysbios_heaps_HeapMem_Object__PARAMS__C)
                  00008c14    00000024     AM2302_pem4f.oem4f (.const:ti_sysbios_knl_Clock_Object__PARAMS__C)
                  00008c38    00000024     AM2302_pem4f.oem4f (.const:ti_sysbios_knl_Semaphore_Object__PARAMS__C)
                  00008c5c    00000020     AM2302_pem4f.oem4f (.const:ti_sysbios_family_arm_m3_Hwi_Object__DESC__C)
                  00008c7c    00000020     AM2302_pem4f.oem4f (.const:ti_sysbios_gates_GateHwi_Object__DESC__C)
                  00008c9c    00000020     AM2302_pem4f.oem4f (.const:ti_sysbios_gates_GateMutex_Object__DESC__C)
                  00008cbc    00000020     AM2302_pem4f.oem4f (.const:ti_sysbios_heaps_HeapMem_Object__DESC__C)
                  00008cdc    00000020     AM2302_pem4f.oem4f (.const:ti_sysbios_knl_Clock_Object__DESC__C)
                  00008cfc    00000020     AM2302_pem4f.oem4f (.const:ti_sysbios_knl_Mailbox_Object__DESC__C)
                  00008d1c    00000020     AM2302_pem4f.oem4f (.const:ti_sysbios_knl_Queue_Object__DESC__C)
                  00008d3c    00000020     AM2302_pem4f.oem4f (.const:ti_sysbios_knl_Semaphore_Object__DESC__C)
                  00008d5c    00000020     AM2302_pem4f.oem4f (.const:ti_sysbios_knl_Swi_Object__DESC__C)
                  00008d7c    00000020     AM2302_pem4f.oem4f (.const:ti_sysbios_knl_Task_Object__DESC__C)
                  00008d9c    00000020     AM2302_pem4f.oem4f (.const:ti_uia_loggers_LoggerStopMode_Object__DESC__C)
                  00008dbc    0000001c     drivers_cc26x2.a : GPTimerCC26XX.oem4f (.const:GPT_LUT)
                  00008dd8    00000018     ti_drivers_config.obj (.const:BoardGpioInitTable)
                  00008df0    00000018     drivers_cc26x2.a : GPIOCC26XX.oem4f (.const:interruptType)
                  00008e08    00000018     AM2302_pem4f.oem4f (.const:ti_sysbios_gates_GateHwi_Object__PARAMS__C)
                  00008e20    00000018     AM2302_pem4f.oem4f (.const:ti_sysbios_gates_GateMutex_Object__PARAMS__C)
                  00008e38    00000018     AM2302_pem4f.oem4f (.const:ti_sysbios_knl_Queue_Object__PARAMS__C)
                  00008e50    00000016     AM2302_pem4f.oem4f (.const:xdc_runtime_Startup_sfxnRts__A)
                  00008e66    00000002     AM2302_pem4f.oem4f (.const:ti_sysbios_family_arm_cc26xx_TimestampProvider_useClockTimer__C)
                  00008e68    00000014     ti_drivers_config.obj (.const:$P$T1$2)
                  00008e7c    00000014     ti_drivers_config.obj (.const:GPIOCC26XX_config)
                  00008e90    00000014     ti_drivers_config.obj (.const:PowerCC26X2_config)
                  00008ea4    00000010     drivers_cc26x2.a : GPIOCC26XX.oem4f (.const:outPinTypes)
                  00008eb4    0000000c     ti_drivers_config.obj (.const:GPTimerCC26XX_config)
                  00008ec0    0000000c     ti_drivers_config.obj (.const:gptimerCC26XXHWAttrs)
                  00008ecc    0000000c     drivers_cc26x2.a : GPIOCC26XX.oem4f (.const:inPinTypes)
                  00008ed8    0000000c                      : GPIOCC26XX.oem4f (.const:outPinStrengths)
                  00008ee4    0000000c     AM2302_pem4f.oem4f (.const:xdc_runtime_Startup_firstFxns__A)
                  00008ef0    00000008     driverlib.lib : aux_sysif.obj (.const:$O1$$)
                  00008ef8    00000008     ti_drivers_config.obj (.const:$P$T0$1)
                  00008f00    00000008     drivers_cc26x2.a : GPTimerCC26XX.oem4f (.const:GPT_DefaultParams)
                  00008f08    00000008     ti_drivers_config.obj (.const:PINCC26XX_hwAttrs)
                  00008f10    00000008     ti_drivers_config.obj (.const:UART2_config)
                  00008f18    00000008     ti_drivers_config.obj (.const:UDMACC26XX_config)
                  00008f20    00000008     AM2302_pem4f.oem4f (.const:ti_sysbios_knl_Idle_funcList__C)
                  00008f28    00000008     ti_drivers_config.obj (.const:udmaCC26XXHWAttrs)
                  00008f30    00000008     AM2302_pem4f.oem4f (.const:xdc_runtime_Startup_firstFxns__C)
                  00008f38    00000008     AM2302_pem4f.oem4f (.const:xdc_runtime_Startup_lastFxns__C)
                  00008f40    00000007     ti_drivers_config.obj (.const)
                  00008f47    00000005     drivers_cc26x2.a : UART2CC26X2.oem4f (.const:.string:parityType)
                  00008f4c    00000005                      : UART2CC26X2.oem4f (.const:.string:rxFifoThreshold)
                  00008f51    00000005                      : UART2CC26X2.oem4f (.const:.string:txFifoThreshold)
                  00008f56    00000004                      : UART2CC26X2.oem4f (.const:.string:dataLength)
                  00008f5a    00000002     AM2302_pem4f.oem4f (.const:ti_sysbios_family_arm_m3_Hwi_Module__id__C)
                  00008f5c    00000004     AM2302_pem4f.oem4f (.const:ti_sysbios_family_arm_cc26xx_Timer_funcHookCH1__C)
                  00008f60    00000004     AM2302_pem4f.oem4f (.const:ti_sysbios_family_arm_cc26xx_Timer_funcHookCH2__C)
                  00008f64    00000004     AM2302_pem4f.oem4f (.const:ti_sysbios_family_arm_cc26xx_Timer_startupNeeded__C)
                  00008f68    00000004     AM2302_pem4f.oem4f (.const:ti_sysbios_family_arm_m3_Hwi_E_alreadyDefined__C)
                  00008f6c    00000004     AM2302_pem4f.oem4f (.const:ti_sysbios_family_arm_m3_Hwi_E_badIntNum__C)
                  00008f70    00000004     AM2302_pem4f.oem4f (.const:ti_sysbios_family_arm_m3_Hwi_LD_end__C)
                  00008f74    00000004     AM2302_pem4f.oem4f (.const:ti_sysbios_family_arm_m3_Hwi_LM_begin__C)
                  00008f78    00000004     AM2302_pem4f.oem4f (.const:ti_sysbios_family_arm_m3_Hwi_Module__diagsEnabled__C)
                  00008f7c    00000004     AM2302_pem4f.oem4f (.const:ti_sysbios_family_arm_m3_Hwi_Module__diagsIncluded__C)
                  00008f80    00000004     AM2302_pem4f.oem4f (.const:ti_sysbios_family_arm_m3_Hwi_Module__diagsMask__C)
                  00008f84    00000004     AM2302_pem4f.oem4f (.const:ti_sysbios_family_arm_m3_Hwi_Module__loggerFxn1__C)
                  00008f88    00000004     AM2302_pem4f.oem4f (.const:ti_sysbios_family_arm_m3_Hwi_Module__loggerFxn8__C)
                  00008f8c    00000004     AM2302_pem4f.oem4f (.const:ti_sysbios_family_arm_m3_Hwi_Module__loggerObj__C)
                  00008f90    00000004     AM2302_pem4f.oem4f (.const:ti_sysbios_family_arm_m3_Hwi_NUM_INTERRUPTS__C)
                  00008f94    00000004     AM2302_pem4f.oem4f (.const:ti_sysbios_family_arm_m3_Hwi_Object__count__C)
                  00008f98    00000004     AM2302_pem4f.oem4f (.const:ti_sysbios_family_arm_m3_Hwi_ccr__C)
                  00008f9c    00000004     AM2302_pem4f.oem4f (.const:ti_sysbios_family_arm_m3_Hwi_excHandlerFunc__C)
                  00008fa0    00000004     AM2302_pem4f.oem4f (.const:ti_sysbios_family_arm_m3_Hwi_nullIsrFunc__C)
                  00008fa4    00000004     AM2302_pem4f.oem4f (.const:ti_sysbios_family_arm_m3_Hwi_priGroup__C)
                  00008fa8    00000004     AM2302_pem4f.oem4f (.const:ti_sysbios_family_arm_m3_TaskSupport_stackAlignment__C)
                  00008fac    00000004     AM2302_pem4f.oem4f (.const:ti_sysbios_gates_GateMutex_Instance_State_sem__O)
                  00008fb0    00000004     AM2302_pem4f.oem4f (.const:ti_sysbios_heaps_HeapMem_E_memory__C)
                  00008fb4    00000004     AM2302_pem4f.oem4f (.const:ti_sysbios_heaps_HeapMem_Module__gateObj__C)
                  00008fb8    00000004     AM2302_pem4f.oem4f (.const:ti_sysbios_heaps_HeapMem_Object__count__C)
                  00008fbc    00000004     AM2302_pem4f.oem4f (.const:ti_sysbios_heaps_HeapMem_primaryHeapBaseAddr__C)
                  00008fc0    00000004     AM2302_pem4f.oem4f (.const:ti_sysbios_heaps_HeapMem_primaryHeapEndAddr__C)
                  00008fc4    00000004     AM2302_pem4f.oem4f (.const:ti_sysbios_heaps_HeapMem_reqAlign__C)
                  00008fc8    00000004     AM2302_pem4f.oem4f (.const:ti_sysbios_knl_Clock_LM_begin__C)
                  00008fcc    00000004     AM2302_pem4f.oem4f (.const:ti_sysbios_knl_Clock_LM_tick__C)
                  00008fd0    00000004     AM2302_pem4f.oem4f (.const:ti_sysbios_knl_Clock_Module_State_clockQ__O)
                  00008fd4    00000004     AM2302_pem4f.oem4f (.const:ti_sysbios_knl_Clock_Module__diagsEnabled__C)
                  00008fd8    00000004     AM2302_pem4f.oem4f (.const:ti_sysbios_knl_Clock_Module__diagsIncluded__C)
                  00008fdc    00000004     AM2302_pem4f.oem4f (.const:ti_sysbios_knl_Clock_Module__diagsMask__C)
                  00008fe0    00000004     AM2302_pem4f.oem4f (.const:ti_sysbios_knl_Clock_Module__loggerFxn1__C)
                  00008fe4    00000004     AM2302_pem4f.oem4f (.const:ti_sysbios_knl_Clock_Module__loggerFxn2__C)
                  00008fe8    00000004     AM2302_pem4f.oem4f (.const:ti_sysbios_knl_Clock_Module__loggerObj__C)
                  00008fec    00000004     AM2302_pem4f.oem4f (.const:ti_sysbios_knl_Clock_tickPeriod__C)
                  00008ff0    00000004     AM2302_pem4f.oem4f (.const:ti_sysbios_knl_Clock_triggerClock__C)
                  00008ff4    00000004     AM2302_pem4f.oem4f (.const:ti_sysbios_knl_Idle_funcList__A)
                  00008ff8    00000004     AM2302_pem4f.oem4f (.const:ti_sysbios_knl_Mailbox_Instance_State_dataQue__O)
                  00008ffc    00000004     AM2302_pem4f.oem4f (.const:ti_sysbios_knl_Mailbox_Instance_State_dataSem__O)
                  00009000    00000004     AM2302_pem4f.oem4f (.const:ti_sysbios_knl_Mailbox_Instance_State_freeQue__O)
                  00009004    00000004     AM2302_pem4f.oem4f (.const:ti_sysbios_knl_Mailbox_Instance_State_freeSem__O)
                  00009008    00000004     AM2302_pem4f.oem4f (.const:ti_sysbios_knl_Mailbox_Object__count__C)
                  0000900c    00000004     AM2302_pem4f.oem4f (.const:ti_sysbios_knl_Mailbox_maxTypeAlign__C)
                  00009010    00000004     AM2302_pem4f.oem4f (.const:ti_sysbios_knl_Semaphore_Instance_State_pendQ__O)
                  00009014    00000004     AM2302_pem4f.oem4f (.const:ti_sysbios_knl_Semaphore_LM_pend__C)
                  00009018    00000004     AM2302_pem4f.oem4f (.const:ti_sysbios_knl_Semaphore_LM_post__C)
                  0000901c    00000004     AM2302_pem4f.oem4f (.const:ti_sysbios_knl_Semaphore_Module__diagsEnabled__C)
                  00009020    00000004     AM2302_pem4f.oem4f (.const:ti_sysbios_knl_Semaphore_Module__diagsIncluded__C)
                  00009024    00000004     AM2302_pem4f.oem4f (.const:ti_sysbios_knl_Semaphore_Module__diagsMask__C)
                  00009028    00000004     AM2302_pem4f.oem4f (.const:ti_sysbios_knl_Semaphore_Module__loggerFxn2__C)
                  0000902c    00000004     AM2302_pem4f.oem4f (.const:ti_sysbios_knl_Semaphore_Module__loggerFxn4__C)
                  00009030    00000004     AM2302_pem4f.oem4f (.const:ti_sysbios_knl_Semaphore_Module__loggerObj__C)
                  00009034    00000004     AM2302_pem4f.oem4f (.const:ti_sysbios_knl_Swi_LD_end__C)
                  00009038    00000004     AM2302_pem4f.oem4f (.const:ti_sysbios_knl_Swi_LM_begin__C)
                  0000903c    00000004     AM2302_pem4f.oem4f (.const:ti_sysbios_knl_Swi_LM_post__C)
                  00009040    00000004     AM2302_pem4f.oem4f (.const:ti_sysbios_knl_Swi_Module__diagsEnabled__C)
                  00009044    00000004     AM2302_pem4f.oem4f (.const:ti_sysbios_knl_Swi_Module__diagsIncluded__C)
                  00009048    00000004     AM2302_pem4f.oem4f (.const:ti_sysbios_knl_Swi_Module__diagsMask__C)
                  0000904c    00000004     AM2302_pem4f.oem4f (.const:ti_sysbios_knl_Swi_Module__loggerFxn1__C)
                  00009050    00000004     AM2302_pem4f.oem4f (.const:ti_sysbios_knl_Swi_Module__loggerFxn4__C)
                  00009054    00000004     AM2302_pem4f.oem4f (.const:ti_sysbios_knl_Swi_Module__loggerObj__C)
                  00009058    00000004     AM2302_pem4f.oem4f (.const:ti_sysbios_knl_Swi_Object__count__C)
                  0000905c    00000004     AM2302_pem4f.oem4f (.const:ti_sysbios_knl_Swi_numPriorities__C)
                  00009060    00000004     AM2302_pem4f.oem4f (.const:ti_sysbios_knl_Task_LD_block__C)
                  00009064    00000004     AM2302_pem4f.oem4f (.const:ti_sysbios_knl_Task_LD_exit__C)
                  00009068    00000004     AM2302_pem4f.oem4f (.const:ti_sysbios_knl_Task_LD_ready__C)
                  0000906c    00000004     AM2302_pem4f.oem4f (.const:ti_sysbios_knl_Task_LM_sleep__C)
                  00009070    00000004     AM2302_pem4f.oem4f (.const:ti_sysbios_knl_Task_LM_switch__C)
                  00009074    00000004     AM2302_pem4f.oem4f (.const:ti_sysbios_knl_Task_Module_State_inactiveQ__O)
                  00009078    00000004     AM2302_pem4f.oem4f (.const:ti_sysbios_knl_Task_Module__diagsEnabled__C)
[...]
00008c9c  ti_sysbios_gates_GateMutex_Object__DESC__C                         
00008cbc  ti_sysbios_heaps_HeapMem_Object__DESC__C                           
00008cdc  ti_sysbios_knl_Clock_Object__DESC__C                               
00008cfc  ti_sysbios_knl_Mailbox_Object__DESC__C                             
00008d1c  ti_sysbios_knl_Queue_Object__DESC__C                               
00008d3c  ti_sysbios_knl_Semaphore_Object__DESC__C                           
00008d5c  ti_sysbios_knl_Swi_Object__DESC__C                                 
00008d7c  ti_sysbios_knl_Task_Object__DESC__C                                
00008d9c  ti_uia_loggers_LoggerStopMode_Object__DESC__C                      
00008dd8  BoardGpioInitTable                                                 
00008e08  ti_sysbios_gates_GateHwi_Object__PARAMS__C                         
00008e20  ti_sysbios_gates_GateMutex_Object__PARAMS__C                       
00008e38  ti_sysbios_knl_Queue_Object__PARAMS__C                             
00008e50  xdc_runtime_Startup_sfxnRts__A                                     
00008e66  ti_sysbios_family_arm_cc26xx_TimestampProvider_useClockTimer__C    
00008e7c  GPIOCC26XX_config                                                  
00008e90  PowerCC26X2_config                                                 
00008ea4  outPinTypes                                                        
00008eb4  GPTimerCC26XX_config                                               
00008ec0  gptimerCC26XXHWAttrs                                               
00008ecc  inPinTypes                                                         
00008ed8  outPinStrengths                                                    
00008ee4  xdc_runtime_Startup_firstFxns__A                                   
00008f08  PINCC26XX_hwAttrs                                                  
00008f10  UART2_config                                                       
00008f18  UDMACC26XX_config                                                  
00008f20  ti_sysbios_knl_Idle_funcList__C                                    
00008f28  udmaCC26XXHWAttrs                                                  
00008f30  xdc_runtime_Startup_firstFxns__C                                   
00008f38  xdc_runtime_Startup_lastFxns__C                                    
00008f40  CONFIG_GPIO_LED_0_CONST                                            
00008f41  CONFIG_GPIO_LED_1_CONST                                            
00008f42  CONFIG_GPIO_23_CONST                                               
00008f43  CONFIG_UART2_0_CONST                                               
00008f44  UART2_count                                                        
00008f45  CONFIG_GPTIMER_1_CONST                                             
00008f46  GPTimer_count                                                      
00008f5a  ti_sysbios_family_arm_m3_Hwi_Module__id__C                         
00008f5c  ti_sysbios_family_arm_cc26xx_Timer_funcHookCH1__C                  
00008f60  ti_sysbios_family_arm_cc26xx_Timer_funcHookCH2__C                  
00008f64  ti_sysbios_family_arm_cc26xx_Timer_startupNeeded__C                
00008f68  ti_sysbios_family_arm_m3_Hwi_E_alreadyDefined__C                   
00008f6c  ti_sysbios_family_arm_m3_Hwi_E_badIntNum__C                        
00008f70  ti_sysbios_family_arm_m3_Hwi_LD_end__C                             
00008f74  ti_sysbios_family_arm_m3_Hwi_LM_begin__C                           
00008f78  ti_sysbios_family_arm_m3_Hwi_Module__diagsEnabled__C               
00008f7c  ti_sysbios_family_arm_m3_Hwi_Module__diagsIncluded__C              
00008f80  ti_sysbios_family_arm_m3_Hwi_Module__diagsMask__C                  
00008f84  ti_sysbios_family_arm_m3_Hwi_Module__loggerFxn1__C                 
00008f88  ti_sysbios_family_arm_m3_Hwi_Module__loggerFxn8__C                 
00008f8c  ti_sysbios_family_arm_m3_Hwi_Module__loggerObj__C                  
00008f90  ti_sysbios_family_arm_m3_Hwi_NUM_INTERRUPTS__C                     
00008f94  ti_sysbios_family_arm_m3_Hwi_Object__count__C                      
00008f98  ti_sysbios_family_arm_m3_Hwi_ccr__C                                
00008f9c  ti_sysbios_family_arm_m3_Hwi_excHandlerFunc__C                     
00008fa0  ti_sysbios_family_arm_m3_Hwi_nullIsrFunc__C                        
00008fa4  ti_sysbios_family_arm_m3_Hwi_priGroup__C                           
00008fa8  ti_sysbios_family_arm_m3_TaskSupport_stackAlignment__C             
00008fac  ti_sysbios_gates_GateMutex_Instance_State_sem__O                   
00008fb0  ti_sysbios_heaps_HeapMem_E_memory__C                               
00008fb4  ti_sysbios_heaps_HeapMem_Module__gateObj__C                        
00008fb8  ti_sysbios_heaps_HeapMem_Object__count__C                          
00008fbc  ti_sysbios_heaps_HeapMem_primaryHeapBaseAddr__C                    
00008fc0  ti_sysbios_heaps_HeapMem_primaryHeapEndAddr__C                     
00008fc4  ti_sysbios_heaps_HeapMem_reqAlign__C                               
00008fc8  ti_sysbios_knl_Clock_LM_begin__C                                   
00008fcc  ti_sysbios_knl_Clock_LM_tick__C                                    
00008fd0  ti_sysbios_knl_Clock_Module_State_clockQ__O                        
00008fd4  ti_sysbios_knl_Clock_Module__diagsEnabled__C                       
00008fd8  ti_sysbios_knl_Clock_Module__diagsIncluded__C                      
00008fdc  ti_sysbios_knl_Clock_Module__diagsMask__C                          
00008fe0  ti_sysbios_knl_Clock_Module__loggerFxn1__C                         
00008fe4  ti_sysbios_knl_Clock_Module__loggerFxn2__C                         
00008fe8  ti_sysbios_knl_Clock_Module__loggerObj__C                          
00008fec  ti_sysbios_knl_Clock_tickPeriod__C                                 
00008ff0  ti_sysbios_knl_Clock_triggerClock__C                               
00008ff4  ti_sysbios_knl_Idle_funcList__A                                    
00008ff8  ti_sysbios_knl_Mailbox_Instance_State_dataQue__O                   
00008ffc  ti_sysbios_knl_Mailbox_Instance_State_dataSem__O                   
00009000  ti_sysbios_knl_Mailbox_Instance_State_freeQue__O                   
00009004  ti_sysbios_knl_Mailbox_Instance_State_freeSem__O                   
00009008  ti_sysbios_knl_Mailbox_Object__count__C                            
0000900c  ti_sysbios_knl_Mailbox_maxTypeAlign__C                             
00009010  ti_sysbios_knl_Semaphore_Instance_State_pendQ__O                   
00009014  ti_sysbios_knl_Semaphore_LM_pend__C                                
00009018  ti_sysbios_knl_Semaphore_LM_post__C                                
0000901c  ti_sysbios_knl_Semaphore_Module__diagsEnabled__C                   
00009020  ti_sysbios_knl_Semaphore_Module__diagsIncluded__C                  
00009024  ti_sysbios_knl_Semaphore_Module__diagsMask__C                      
00009028  ti_sysbios_knl_Semaphore_Module__loggerFxn2__C                     
0000902c  ti_sysbios_knl_Semaphore_Module__loggerFxn4__C                     
00009030  ti_sysbios_knl_Semaphore_Module__loggerObj__C                      
00009034  ti_sysbios_knl_Swi_LD_end__C                                       
00009038  ti_sysbios_knl_Swi_LM_begin__C                                     
0000903c  ti_sysbios_knl_Swi_LM_post__C                                      
00009040  ti_sysbios_knl_Swi_Module__diagsEnabled__C                         
00009044  ti_sysbios_knl_Swi_Module__diagsIncluded__C                        
00009048  ti_sysbios_knl_Swi_Module__diagsMask__C                            
0000904c  ti_sysbios_knl_Swi_Module__loggerFxn1__C                           
00009050  ti_sysbios_knl_Swi_Module__loggerFxn4__C                           
00009054  ti_sysbios_knl_Swi_Module__loggerObj__C                            
00009058  ti_sysbios_knl_Swi_Object__count__C                                
0000905c  ti_sysbios_knl_Swi_numPriorities__C                                
00009060  ti_sysbios_knl_Task_LD_block__C                                    
00009064  ti_sysbios_knl_Task_LD_exit__C                                     
00009068  ti_sysbios_knl_Task_LD_ready__C                                    
0000906c  ti_sysbios_knl_Task_LM_sleep__C                                    
00009070  ti_sysbios_knl_Task_LM_switch__C                                   
00009074  ti_sysbios_knl_Task_Module_State_inactiveQ__O                      
00009078  ti_sysbios_knl_Task_Module__diagsEnabled__C                        
0000907c  ti_sysbios_knl_Task_Module__diagsIncluded__C                       
00009080  ti_sysbios_knl_Task_Module__diagsMask__C                           
00009084  ti_sysbios_knl_Task_Module__loggerFxn2__C                          
00009088  ti_sysbios_knl_Task_Module__loggerFxn4__C                          
0000908c  ti_sysbios_knl_Task_Module__loggerObj__C                           
00009090  ti_sysbios_knl_Task_Object__count__C                               
00009094  ti_sysbios_knl_Task_allBlockedFunc__C                              
00009098  ti_sysbios_knl_Task_defaultStackHeap__C                            
0000909c  ti_sysbios_knl_Task_defaultStackSize__C                            
000090a0  ti_sysbios_knl_Task_numConstructedTasks__C                         
000090a4  ti_uia_loggers_LoggerStopMode_Module__diagsEnabled__C              
000090a8  ti_uia_loggers_LoggerStopMode_Module__diagsIncluded__C             
000090ac  ti_uia_loggers_LoggerStopMode_Module__diagsMask__C                 
000090b0  ti_uia_loggers_LoggerStopMode_Object__count__C                     
000090b4  ti_uia_runtime_ILoggerSnapshot_Interface__BASE__C                  
000090b8  ti_uia_runtime_IUIATransfer_Interface__BASE__C                     
000090bc  xdc_runtime_Assert_E_assertFailed__C                               
000090c0  xdc_runtime_Error_E_memory__C                                      
000090c4  xdc_runtime_Error_policyFxn__C                                     
000090c8  xdc_runtime_IFilterLogger_Interface__BASE__C                       
000090cc  xdc_runtime_IGateProvider_Interface__BASE__C                       
000090d0  xdc_runtime_IHeap_Interface__BASE__C                               
000090d4  xdc_runtime_ILogger_Interface__BASE__C                             
000090d8  xdc_runtime_IModule_Interface__BASE__C                             
000090dc  xdc_runtime_Memory_defaultHeapInstance__C                          
000090e0  xdc_runtime_Startup_execImpl__C                                    
000090e4  xdc_runtime_Startup_maxPasses__C                                   
000090e8  xdc_runtime_Startup_sfxnRts__C                                     
000090ec  xdc_runtime_Startup_sfxnTab__C                                     
000090f0  xdc_runtime_SysMin_bufSize__C                                      
000090f4  xdc_runtime_SysMin_outputFunc__C                                   
000090f8  xdc_runtime_System_Module__gateObj__C                              
000090fc  xdc_runtime_System_abortFxn__C                                     
00009100  xdc_runtime_System_exitFxn__C                                      
00009104  xdc_runtime_System_maxAtexitHandlers__C                            
00009108  xdc_runtime_Text_charTab__C                                        
0000910c  ti_sysbios_family_arm_m3_Hwi_Module__loggerDefined__C              
0000910e  ti_sysbios_heaps_HeapMem_Module__id__C                             
00009110  ti_sysbios_knl_Clock_Module__id__C                                 
00009112  ti_sysbios_knl_Clock_Module__loggerDefined__C                      
00009114  ti_sysbios_knl_Semaphore_Module__id__C                             
00009116  ti_sysbios_knl_Semaphore_Module__loggerDefined__C                  
00009118  ti_sysbios_knl_Swi_Module__id__C                                   
0000911a  ti_sysbios_knl_Swi_Module__loggerDefined__C                        
0000911c  ti_sysbios_knl_Task_Module__id__C                                  
0000911e  ti_sysbios_knl_Task_Module__loggerDefined__C                       
00009120  ti_uia_loggers_LoggerStopMode_Module__id__C                        
00009122  ti_uia_loggers_LoggerStopMode_isTimestampEnabled__C                
00009124  xdc_runtime_Memory_Module__id__C                                   
00009126  xdc_runtime_SysMin_flushAtExit__C                                  
00009128  xdc_runtime_Text_isLoaded__C                                       
0000912a  xdc_runtime_Text_charTab__A                                        
000092c8  __TI_Handler_Table_Base                                            
000092d4  __TI_Handler_Table_Limit                                           
00009300  __TI_CINIT_Base                                                    
00009330  __TI_CINIT_Limit                                                   
00057fa8  __ccfg                                                             
20000000  __start___llvm_prf_cnts                                            
20000000  __stop___llvm_prf_cnts                                             
20000000  ti_sysbios_family_arm_m3_Hwi_ramVectors                            
200000d8  PowerCC26X2_module                                                 
20000248  ti_uia_loggers_LoggerStopMode_Object__table__V                     
200002b0  ti_sysbios_knl_Task_Object__table__V                               
20000300  ti_sysbios_family_arm_cc26xx_Timer_Object__table__V                
20000348  ti_sysbios_knl_Task_Module__state__V                               
2000038c  ti_sysbios_gates_GateMutex_Object__table__V                        
200003c4  ti_sysbios_family_arm_m3_Hwi_Module__state__V                      
200003f8  ti_sysbios_knl_Swi_Module_State_0_readyQ__A                        
20000428  ti_sysbios_knl_Swi_Object__table__V                                
20000458  ti_sysbios_knl_Clock_Module__state__V                              
20000484  _hposcCoeffs                                                       
200004a8  ti_sysbios_BIOS_Module__state__V                                   
200004cc  ti_sysbios_knl_Clock_Object__table__V                              
200004ec  ti_sysbios_knl_Task_Module_State_0_readyQ__A                       
2000050c  xdc_runtime_Error_IgnoreBlock                                      
2000052c  ti_sysbios_knl_Swi_Module__state__V                                
20000548  ti_sysbios_family_arm_m3_Hwi_Object__table__V                      
20000560  ti_sysbios_heaps_HeapMem_Object__table__V                          
20000578  gpioCallbackFunctions                                              
20000584  gpioPinConfigs                                                     
20000590  ti_sysbios_knl_Task_Module__root__V                                
2000059c  ti_uia_runtime_QueueDescriptor_Module__state__V                    
200005a8  xdc_runtime_SysMin_Module__state__V                                
200005b4  _lock                                                              
200005b8  _unlock                                                            
200005bc  pinUpperBound                                                      
200005c0  pinLowerBound                                                      
200005c4  ti_uia_runtime_QueueDescriptor_gPtrToFirstDescriptor               
200005c8  ti_uia_runtime_QueueDescriptor_gUpdateCount                        
200005cc  ti_sysbios_family_arm_cc26xx_Timer_Module__state__V                
200005d4  ti_sysbios_family_arm_m3_Hwi_Module__root__V                       
200005dc  ti_sysbios_gates_GateHwi_Module__root__V                           
200005e4  ti_sysbios_gates_GateMutex_Module__root__V                         
200005ec  ti_sysbios_heaps_HeapMem_Module__root__V                           
200005f4  ti_sysbios_knl_Clock_Module__root__V                               
200005fc  ti_sysbios_knl_Mailbox_Module__root__V                             
20000604  ti_sysbios_knl_Queue_Module__root__V                               
2000060c  ti_sysbios_knl_Semaphore_Module__root__V                           
20000614  ti_sysbios_knl_Swi_Module__root__V                                 
2000061c  ti_uia_loggers_LoggerStopMode_Module__root__V                      
20000624  xdc_runtime_Startup_Module__state__V                               
2000062c  xdc_runtime_System_Module_State_0_atexitHandlers__A                
20000634  xdc_runtime_System_Module__state__V                                
20000642  ti_sysbios_family_arm_m3_Hwi_Module_State_0_excActive__A           
20000644  errno                                                              
20000648  main_func_sp                                                       
2000064c  ti_sysbios_family_arm_cc26xx_TimestampProvider_Module__state__V    
20000650  ti_sysbios_family_arm_m3_Hwi_Module_State_0_excContext__A          
20000654  ti_sysbios_family_arm_m3_Hwi_Module_State_0_excStack__A            
20000658  ti_sysbios_gates_GateHwi_Object__table__V                          
2000065c  ti_sysbios_knl_Task_Module_State_0_idleTask__A                     
20000660  xdc_runtime_Memory_Module__state__V                                
20001870  __primary_heap_start__                                             
20005870  __primary_heap_end__                                               
20006080  ti_uia_loggers_LoggerStopMode_Instance_State_0_packetArray__A      
20006480  ti_uia_loggers_LoggerStopMode_Instance_State_1_packetArray__A      
20006880  xdc_runtime_SysMin_Module_State_0_outbuf__A                        
20006c80  uart2CC26X2Objects                                                 
20006e90  ti_sysbios_knl_Task_Instance_State_0_stack__A                      
20007090  __CIOBUF_                                                          
200071b0  ti_sysbios_family_arm_m3_Hwi_dispatchTable                         
20007288  pinHandleTable                                                     
20007354  readAM2302Task                                                     
200073a4  gptimerCC26XXObjects                                               
20007480  ti_uia_loggers_LoggerStopMode_Instance_State_0_hdr__A              
200074f0  msg                                                                
20007500  ti_uia_loggers_LoggerStopMode_Instance_State_1_hdr__A              
20007530  udmaCC26XXObject                                                   
2000756c  semTempStruct                                                      
20007588  parmbuf                                                            
20007590  mbxTempHandle                                                      
20007594  semTempHandle                                                      
20007598  timerTempHandle                                                    
2000759c  uart                                                               
200075a0  driverlib_release_0_60278                                          
20013c00  __stack                                                            
20014000  __STACK_END                                                        
e000e000  ti_sysbios_family_arm_m3_Hwi_nvic                                  
ffffffff  __TI_pprof_out_hndl                                                
ffffffff  __TI_prof_data_size                                                
ffffffff  __TI_prof_data_start                                               
ffffffff  __binit__                                                          
ffffffff  __c_args__                                                         
ffffffff  binit                                                              
UNDEFED   SHT$$INIT_ARRAY$$Base                                              
UNDEFED   SHT$$INIT_ARRAY$$Limit                                             

[762 symbols]
