******************************************************************************
                  TI ARM Linker PC v20.2.5                     
******************************************************************************
>> Linked Wed Sep  1 03:14:26 2021

OUTPUT FILE NAME:   <hello_CC26X2R1_LAUNCHXL_tirtos_ccs.out>
ENTRY POINT SYMBOL: "ResetISR"  address: 00003be9


MEMORY CONFIGURATION

         name            origin    length      used     unused   attr    fill
----------------------  --------  ---------  --------  --------  ----  --------
  FLASH                 00000000   00058000  00006c1a  000513e6  R  X
  GPRAM                 11000000   00002000  00000000  00002000  RW X
  SRAM                  20000000   00014000  00006899  0000d767  RW X
  LOG_DATA              90000000   00040000  00000000  00040000  R   


SEGMENT ALLOCATION MAP

run origin  load origin   length   init length attrs members
----------  ----------- ---------- ----------- ----- -------
00000000    00000000    00006bc8   00006bc8    r-x
  00000000    00000000    0000003c   0000003c    r-- .resetVecs
  0000003c    0000003c    0000626c   0000626c    r-x .text
  000062a8    000062a8    00000762   00000762    r-- .const
  00006a10    00006a10    000001b8   000001b8    r-- .cinit
00057fa8    00057fa8    00000058   00000058    r--
  00057fa8    00057fa8    00000058   00000058    r-- .ccfg
200000d8    200000d8    00004000   00000000    r--
  200000d8    200000d8    00004000   00000000    r-- .priheap
20004100    20004100    000023c8   00000000    rw-
  20004100    20004100    00001e39   00000000    rw- .bss
  20005f40    20005f40    00000588   00000000    rw- .data
20013c00    20013c00    00000400   00000000    rw-
  20013c00    20013c00    00000400   00000000    rw- .stack


SECTION ALLOCATION MAP

 output                                  attributes/
section   page    origin      length       input sections
--------  ----  ----------  ----------   ----------------
.binit     0    00000000    00000000     

.cinit     0    00006a10    000001b8     
                  00006a10    00000191     (.cinit..data.load) [load image, compression = lzss]
                  00006ba1    00000003     --HOLE-- [fill = 0]
                  00006ba4    0000000c     (__TI_handler_table)
                  00006bb0    00000008     (.cinit..bss.load) [load image, compression = zero_init]
                  00006bb8    00000010     (__TI_cinit_table)

.init_array 
*          0    00000000    00000000     UNINITIALIZED

.ccfg      0    00057fa8    00000058     
                  00057fa8    00000058     ti_devices_config.obj (.ccfg:retain)

.bss       0    20004100    00001e39     UNINITIALIZED
                  20004100    00000400     hello.obj (.bss:readAM2302TaskStack)
                  20004500    00000400     hello.obj (.bss:urgentWorkTaskStack)
                  20004900    00000400     hello.obj (.bss:workTaskStack)
                  20004d00    00000400     (.common:ti_uia_loggers_LoggerStopMode_Instance_State_0_packetArray__A)
                  20005100    00000400     (.common:ti_uia_loggers_LoggerStopMode_Instance_State_1_packetArray__A)
                  20005500    00000200     hello_pem4f.oem4f (.bss:taskStackSection)
                  20005700    00000200     (.common:xdc_runtime_SysMin_Module_State_0_outbuf__A)
                  20005900    00000120     rtsv7M4_T_le_v4SPD16_eabi.lib : trgmsg.c.obj (.bss:_CIOBUF_)
                  20005a20    000000d8     (.common:ti_sysbios_family_arm_m3_Hwi_dispatchTable)
                  20005af8    000000a0     (.common:mailboxBuffer)
                  20005b98    00000098     (.common:gptimerCC26XXObjects)
                  20005c30    0000007c     (.common:pinHandleTable)
                  20005cac    00000050     drivers_cc26x2.a : PINCC26XX.oem4f (.bss:pinSemaphore)
                  20005cfc    00000050     (.common:readAM2302Task)
                  20005d4c    00000050     (.common:urgentWorkTask)
                  20005d9c    00000050     (.common:workTask)
                  20005dec    0000003c                      : PINCC26XX.oem4f (.bss:pinSwi)
                  20005e28    00000020                      : GPIOCC26XX.oem4f (.bss:gpioCallbackInfo)
                  20005e48    00000020                      : PINCC26XX.oem4f (.bss:pinGpioConfigTable)
                  20005e68    0000000c                      : GPIOCC26XX.oem4f (.bss:gpioPinState)
                  20005e74    00000008                      : GPIOCC26XX.oem4f (.bss)
                  20005e7c    00000004                      : PINCC26XX.oem4f (.bss)
                  20005e80    00000030     (.common:ti_uia_loggers_LoggerStopMode_Instance_State_0_hdr__A)
                  20005eb0    0000001c                      : PINCC26XX.oem4f (.bss:pinHwi)
                  20005ecc    0000001c     (.common:semTempStruct)
                  20005ee8    00000008     (.common:parmbuf)
                  20005ef0    00000004     (.common:PowerCC26XX_swiKey)
                  20005ef4    00000004     (.common:PowerCC26XX_taskKey)
                  20005ef8    00000004     (.common:mbxTempHandle)
                  20005efc    00000004     (.common:semTempHandle)
                  20005f00    00000030     (.common:ti_uia_loggers_LoggerStopMode_Instance_State_1_hdr__A)
                  20005f30    00000004     (.common:timer1Handle)
                  20005f34    00000004     (.common:timerTempHandle)
                  20005f38    00000001     (.common:driverlib_release_0_60278)

.data      0    20005f40    00000588     UNINITIALIZED
                  20005f40    00000170     drivers_cc26x2.a : PowerCC26X2.oem4f (.data:PowerCC26X2_module)
                  200060b0    00000068     hello_pem4f.oem4f (.data:ti_uia_loggers_LoggerStopMode_Object__table__V)
                  20006118    0000004c     hello_pem4f.oem4f (.data:ti_sysbios_knl_Task_Object__table__V)
                  20006164    00000004     drivers_cc26x2.a : GPIOCC26XX.oem4f (.data:gpioPinTable)
                  20006168    00000048     hello_pem4f.oem4f (.data:ti_sysbios_family_arm_cc26xx_Timer_Object__table__V)
                  200061b0    00000044     hello_pem4f.oem4f (.data:ti_sysbios_knl_Task_Module__state__V)
                  200061f4    00000038     hello_pem4f.oem4f (.data:ti_sysbios_gates_GateMutex_Object__table__V)
                  2000622c    00000034     hello_pem4f.oem4f (.data:ti_sysbios_family_arm_m3_Hwi_Module__state__V)
                  20006260    00000030     hello_pem4f.oem4f (.data:ti_sysbios_knl_Swi_Module_State_0_readyQ__A)
                  20006290    00000030     hello_pem4f.oem4f (.data:ti_sysbios_knl_Swi_Object__table__V)
                  200062c0    0000002c     hello_pem4f.oem4f (.data:ti_sysbios_knl_Clock_Module__state__V)
                  200062ec    00000024     driverlib.lib : osc.obj (.data:$O1$$)
                  20006310    00000024     hello_pem4f.oem4f (.data:ti_sysbios_BIOS_Module__state__V)
                  20006334    00000020     hello_pem4f.oem4f (.data:ti_sysbios_knl_Clock_Object__table__V)
                  20006354    00000020     hello_pem4f.oem4f (.data:ti_sysbios_knl_Task_Module_State_0_readyQ__A)
                  20006374    00000020     hello_pem4f.oem4f (.data:xdc_runtime_Error_IgnoreBlock)
                  20006394    0000001c     hello_pem4f.oem4f (.data:ti_sysbios_knl_Swi_Module__state__V)
                  200063b0    00000018     hello_pem4f.oem4f (.data:ti_sysbios_family_arm_m3_Hwi_Object__table__V)
                  200063c8    00000018     hello_pem4f.oem4f (.data:ti_sysbios_heaps_HeapMem_Object__table__V)
                  200063e0    0000000c     ti_drivers_config.obj (.data:gpioCallbackFunctions)
                  200063ec    0000000c     ti_drivers_config.obj (.data:gpioPinConfigs)
                  200063f8    0000000c     hello_pem4f.oem4f (.data:ti_sysbios_knl_Task_Module__root__V)
                  20006404    0000000c     hello_pem4f.oem4f (.data:ti_uia_runtime_QueueDescriptor_Module__state__V)
                  20006410    0000000c     hello_pem4f.oem4f (.data:xdc_runtime_SysMin_Module__state__V)
                  2000641c    00000008     rtsv7M4_T_le_v4SPD16_eabi.lib : _lock.c.obj (.data:$O1$$)
                  20006424    00000008     drivers_cc26x2.a : PINCC26XX.oem4f (.data)
                  2000642c    00000008     ti.uia.runtime.aem4f : QueueDescriptor.oem4f (.data)
                  20006434    00000008     hello_pem4f.oem4f (.data:ti_sysbios_family_arm_cc26xx_Timer_Module__state__V)
                  2000643c    00000008     hello_pem4f.oem4f (.data:ti_sysbios_family_arm_m3_Hwi_Module__root__V)
                  20006444    00000008     hello_pem4f.oem4f (.data:ti_sysbios_gates_GateHwi_Module__root__V)
                  2000644c    00000008     hello_pem4f.oem4f (.data:ti_sysbios_gates_GateMutex_Module__root__V)
                  20006454    00000008     hello_pem4f.oem4f (.data:ti_sysbios_heaps_HeapMem_Module__root__V)
                  2000645c    00000008     hello_pem4f.oem4f (.data:ti_sysbios_knl_Clock_Module__root__V)
                  20006464    00000008     hello_pem4f.oem4f (.data:ti_sysbios_knl_Mailbox_Module__root__V)
                  2000646c    00000008     hello_pem4f.oem4f (.data:ti_sysbios_knl_Queue_Module__root__V)
                  20006474    00000008     hello_pem4f.oem4f (.data:ti_sysbios_knl_Semaphore_Module__root__V)
                  2000647c    00000008     hello_pem4f.oem4f (.data:ti_sysbios_knl_Swi_Module__root__V)
                  20006484    00000008     hello_pem4f.oem4f (.data:ti_uia_loggers_LoggerStopMode_Module__root__V)
                  2000648c    00000008     hello_pem4f.oem4f (.data:xdc_runtime_Startup_Module__state__V)
                  20006494    00000008     hello_pem4f.oem4f (.data:xdc_runtime_System_Module_State_0_atexitHandlers__A)
                  2000649c    00000008     hello_pem4f.oem4f (.data:xdc_runtime_System_Module__state__V)
                  200064a4    00000005     drivers_cc26x2.a : GPIOCC26XX.oem4f (.data)
                  200064a9    00000001     --HOLE--
                  200064aa    00000002     hello_pem4f.oem4f (.data:ti_sysbios_family_arm_m3_Hwi_Module_State_0_excActive__A)
                  200064ac    00000004     rtsv7M4_T_le_v4SPD16_eabi.lib : stkdepth_vars.c.obj (.data)
                  200064b0    00000004     hello_pem4f.oem4f (.data:ti_sysbios_family_arm_cc26xx_TimestampProvider_Module__state__V)
                  200064b4    00000004     hello_pem4f.oem4f (.data:ti_sysbios_family_arm_m3_Hwi_Module_State_0_excContext__A)
                  200064b8    00000004     hello_pem4f.oem4f (.data:ti_sysbios_family_arm_m3_Hwi_Module_State_0_excStack__A)
                  200064bc    00000004     hello_pem4f.oem4f (.data:ti_sysbios_gates_GateHwi_Object__table__V)
                  200064c0    00000004     hello_pem4f.oem4f (.data:ti_sysbios_knl_Task_Module_State_0_idleTask__A)
                  200064c4    00000004     hello_pem4f.oem4f (.data:xdc_runtime_Memory_Module__state__V)

.stack     0    20013c00    00000400     UNINITIALIZED
                  20013c00    00000400     --HOLE--

.priheap   0    200000d8    00004000     UNINITIALIZED
                  200000d8    00004000     --HOLE--

.log_data 
*          0    90000000    00000000     COPY SECTION

.bootVecs 
*          0    00000000    00000008     DSECT
                  00000000    00000008     boot.aem4f : boot.oem4f (.bootVecs)

.resetVecs 
*          0    00000000    0000003c     
                  00000000    0000003c     hello_pem4f.oem4f (.resetVecs)

.vecs      0    20000000    000000d8     NOLOAD SECTION
                  20000000    000000d8     hello_pem4f.oem4f (.vecs)

xdc.meta   0    00000000    000000f9     COPY SECTION
                  00000000    000000f9     hello_pem4f.oem4f (xdc.meta)

xdc.noload 
*          0    00000000    00000000     COPY SECTION

__llvm_prf_cnts 
*          0    20000000    00000000     UNINITIALIZED

.text      0    0000003c    0000626c     
                  0000003c    000001f4     drivers_cc26x2.a : PINCC26XX.oem4f (.text:PIN_init)
                  00000230    000001a4     hello.obj (.text:main)
                  000003d4    00000198     drivers_cc26x2.a : PowerCC26X2.oem4f (.text:Power_sleep)
                  0000056c    00000190                      : PowerCC26X2_calibrateRCOSC.oem4f (.text:calibrateRcoscHf1)
                  000006fc    0000018c                      : PowerCC26X2_calibrateRCOSC.oem4f (.text:runCalibrateFsm)
                  00000888    00000174                      : PowerCC26X2.oem4f (.text:Power_init)
                  000009fc    0000013e     hello_pem4f.oem4f (.text:ti_uia_loggers_LoggerStopMode_writeMemoryRange__E)
                  00000b3a    00000002     ti_drivers_config.obj (.text:Board_initHook)
                  00000b3c    0000012c     sysbios.aem4f : BIOS.obj (.text:ti_sysbios_knl_Semaphore_pend__E)
                  00000c68    00000120     drivers_cc26x2.a : PowerCC26X2.oem4f (.text:configureXOSCHF)
                  00000d88    0000011c     sysbios.aem4f : BIOS.obj (.text:ti_sysbios_family_arm_m3_Hwi_dispatchC__I)
                  00000ea4    00000114     drivers_cc26x2.a : PINCC26XX.oem4f (.text:PINCC26XX_setIoCfg)
                  00000fb8    00000114     sysbios.aem4f : BIOS.obj (.text:ti_sysbios_knl_Swi_run__I)
                  000010cc    00000110     drivers_cc26x2.a : GPIOCC26XX.oem4f (.text:GPIO_setConfig)
                  000011dc    0000010c     hello_pem4f.oem4f (.text:ti_uia_loggers_LoggerStopMode_write8__E)
                  000012e8    00000104     hello.obj (.text:readAM2302TaskFunc)
                  000013ec    000000f8     sysbios.aem4f : BIOS.obj (.text:xdc_runtime_Startup_startMods__I)
                  000014e4    000000f4     hello_pem4f.oem4f (.text:ti_uia_loggers_LoggerStopMode_write4__E)
                  000015d8    000000f0     driverlib.lib : sys_ctrl.obj (.text:NOROM_SysCtrlStandby)
                  000016c8    000000f0     sysbios.aem4f : m3_Hwi_asm.obj (.text:ti_sysbios_family_arm_m3_Hwi_dispatch__I)
                  000017b8    000000e8     hello_pem4f.oem4f (.text:ti_uia_loggers_LoggerStopMode_write2__E)
                  000018a0    000000e4     hello_pem4f.oem4f (.text:ti_uia_loggers_LoggerStopMode_write1__E)
                  00001984    000000e0     sysbios.aem4f : BIOS.obj (.text:ti_sysbios_knl_Clock_walkQueueDynamic__E)
                  00001a64    000000dc                   : BIOS.obj (.text:ti_sysbios_knl_Task_sleep__E)
                  00001b40    000000d8     hello_pem4f.oem4f (.text:ti_uia_loggers_LoggerStopMode_write0__E)
                  00001c18    000000cc     sysbios.aem4f : BIOS.obj (.text:ti_sysbios_knl_Mailbox_Instance_init__E)
                  00001ce4    000000c8     dpl_cc26x2.a : PowerCC26X2_tirtos.oem4f (.text:PowerCC26XX_standbyPolicy)
                  00001dac    000000c4     drivers_cc26x2.a : GPIOCC26XX.oem4f (.text:GPIO_init)
                  00001e70    000000c4     sysbios.aem4f : BIOS.obj (.text:ti_sysbios_knl_Task_schedule__I)
                  00001f34    000000c0     drivers_cc26x2.a : PowerCC26X2.oem4f (.text:Power_releaseDependency)
                  00001ff4    000000b8                      : PowerCC26X2.oem4f (.text:Power_setDependency)
                  000020ac    000000b8     sysbios.aem4f : BIOS.obj (.text:ti_sysbios_knl_Semaphore_post__E)
                  00002164    000000b8                   : BIOS.obj (.text:ti_sysbios_knl_Task_Instance_init__E)
                  0000221c    000000b8                   : BIOS.obj (.text:ti_sysbios_knl_Task_startCore__E)
                  000022d4    000000ac     drivers_cc26x2.a : PINCC26XX.oem4f (.text:PIN_open)
                  00002380    000000ac     driverlib.lib : setup.obj (.text:TrimAfterColdResetWakeupFromShutDown)
                  0000242c    000000a8     sysbios.aem4f : BIOS.obj (.text:ti_sysbios_knl_Swi_post__E)
                  000024d4    000000a4                   : BIOS.obj (.text:ti_sysbios_family_arm_m3_Hwi_Instance_init__E)
                  00002578    000000a0     auto_init.aem4f : auto_init.oem4f (.text)
                  00002618    0000009c     rtsv7M4_T_le_v4SPD16_eabi.lib : memcpy_t2.asm.obj (.text)
                  000026b4    0000009c     sysbios.aem4f : BIOS.obj (.text:ti_sysbios_knl_Task_blockI__E)
                  00002750    00000098     driverlib.lib : setup.obj (.text:NOROM_SetupTrimDevice)
                  000027e8    00000098     sysbios.aem4f : BIOS.obj (.text:ti_sysbios_knl_Clock_workFuncDynamic__E)
                  00002880    00000096     rtsv7M4_T_le_v4SPD16_eabi.lib : ull_div_t2.asm.obj (.text)
                  00002916    00000002                                   : _lock.c.obj (.text:_nop)
                  00002918    00000094     sysbios.aem4f : BIOS.obj (.text:ti_sysbios_knl_Task_Instance_finalize__E)
                  000029ac    00000094                   : BIOS.obj (.text:ti_sysbios_knl_Task_exit__E)
                  00002a40    00000090                   : BIOS.obj (.text:ti_sysbios_knl_Task_unblockI__E)
                  00002ad0    00000090     ti.uia.loggers.aem4f : LoggerStopMode.oem4f (.text:ti_uia_loggers_LoggerStopMode_initQueueDescriptor__E)
                  00002b60    0000008c     sysbios.aem4f : BIOS.obj (.text:ti_sysbios_family_arm_m3_Hwi_initNVIC__E)
                  00002bec    0000008c                   : m3_TaskSupport_asm.obj (.text:ti_sysbios_family_arm_m3_TaskSupport_buildTaskStack)
                  00002c78    00000088     drivers_cc26x2.a : GPTimerCC26XX.oem4f (.text:GPTimerCC26XX_open)
                  00002d00    00000088     driverlib.lib : osc.obj (.text:NOROM_OSCHF_AttemptToSwitchToXosc)
                  00002d88    00000088     drivers_cc26x2.a : PowerCC26X2_calibrateRCOSC.oem4f (.text:calibrateRcoscHf2)
                  00002e10    00000088                      : PowerCC26X2.oem4f (.text:disableLFClockQualifiers)
                  00002e98    00000088                      : PowerCC26X2_calibrateRCOSC.oem4f (.text:updateSubSecInc)
                  00002f20    00000084     ti_drivers_config.obj (.text:Board_sendExtFlashByte)
                  00002fa4    00000084     sysbios.aem4f : BIOS.obj (.text:ti_sysbios_knl_Mailbox_post__E)
                  00003028    00000084                   : BIOS.obj (.text:ti_sysbios_knl_Task_postInit__I)
                  000030ac    00000080     driverlib.lib : chipinfo.obj (.text:NOROM_ChipInfo_GetChipType)
                  0000312c    00000080                   : sys_ctrl.obj (.text:NOROM_SysCtrlSetRechargeBeforePowerDown)
                  000031ac    00000080     sysbios.aem4f : BIOS.obj (.text:ti_sysbios_family_arm_cc26xx_Timer_start__E)
                  0000322c    0000007a     rtsv7M4_T_le_v4SPD16_eabi.lib : memset_t2.asm.obj (.text)
                  000032a6    00000078     sysbios.aem4f : BIOS.obj (.text:ti_sysbios_heaps_HeapMem_allocUnprotected__E)
                  0000331e    00000002     drivers_cc26x2.a : PowerCC26X2.oem4f (.text:emptyClockFunc)
                  00003320    00000074                      : PowerCC26X2_calibrateRCOSC.oem4f (.text:PowerCC26X2_auxISR)
                  00003394    00000074     ti.uia.runtime.aem4f : QueueDescriptor.oem4f (.text:ti_uia_runtime_QueueDescriptor_addToList__E)
                  00003408    00000070     drivers_cc26x2.a : PINCC26XX.oem4f (.text:PIN_add)
                  00003478    00000070     sysbios.aem4f : BIOS.obj (.text:ti_sysbios_knl_Mailbox_Instance_finalize__E)
                  000034e8    00000070                   : BIOS.obj (.text:ti_sysbios_knl_Mailbox_pend__E)
                  00003558    00000070                   : BIOS.obj (.text:xdc_runtime_Memory_alloc__E)
                  000035c8    0000006e                   : BIOS.obj (.text:xdc_runtime_Core_createObject__I)
                  00003636    00000002     rtsv7M4_T_le_v4SPD16_eabi.lib : div0.asm.obj (.text)
                  00003638    00000068     driverlib.lib : osc.obj (.text:NOROM_OSCHF_SwitchToRcOscTurnOffXosc)
                  000036a0    00000068     rtsv7M4_T_le_v4SPD16_eabi.lib : copy_decompress_lzss.c.obj (.text:decompress:lzss:__TI_decompress_lzss)
                  00003708    00000068     sysbios.aem4f : BIOS.obj (.text:ti_sysbios_knl_Clock_startI__E)
                  00003770    00000068                   : BIOS.obj (.text:ti_sysbios_knl_Swi_restoreHwi__E)
                  000037d8    00000066     ti.uia.loggers.aem4f : LoggerStopMode.oem4f (.text:ti_uia_loggers_LoggerStopMode_flush__E)
                  0000383e    00000066     sysbios.aem4f : BIOS.obj (.text:xdc_runtime_Core_deleteObject__I)
                  000038a4    00000064                   : BIOS.obj (.text:ti_sysbios_heaps_HeapMem_initPrimary__I)
                  00003908    00000060     drivers_cc26x2.a : GPIOCC26XX.oem4f (.text:GPIO_write)
                  00003968    00000060     sysbios.aem4f : BIOS.obj (.text:ti_sysbios_knl_Clock_logTick__E)
                  000039c8    0000005e                   : BIOS.obj (.text:ti_sysbios_heaps_HeapMem_freeUnprotected__E)
                  00003a26    00000002                   : BIOS.obj (.text:ti_sysbios_BIOS_linkedWithIncorrectBootLibrary__E)
                  00003a28    0000005c     drivers_cc26x2.a : PINCC26XX.oem4f (.text:PIN_remove)
                  00003a84    0000005c     sysbios.aem4f : BIOS.obj (.text:ti_sysbios_knl_Task_Module_startup__E)
                  00003ae0    00000058     drivers_cc26x2.a : GPTimerCC26XX.oem4f (.text:GPTimerCC26XX_stop)
                  00003b38    00000058     rtsv7M4_T_le_v4SPD16_eabi.lib : hostwrite.c.obj (.text:HOSTwrite)
                  00003b90    00000058     drivers_cc26x2.a : PowerCC26X2_calibrateRCOSC.oem4f (.text:PowerCC26X2_initiateCalibration)
                  00003be8    00000058     boot.aem4f : boot.oem4f (.text)
                  00003c40    00000058     sysbios.aem4f : m3_Hwi_asm_switch.obj (.text:ti_sysbios_family_arm_m3_Hwi_initStacks__E)
                  00003c98    00000058                   : BIOS.obj (.text:ti_sysbios_family_arm_m3_Hwi_postInit__I)
                  00003cf0    00000058                   : BIOS.obj (.text:ti_sysbios_heaps_HeapMem_alloc__E)
                  00003d48    00000054     hello.obj (.text:ISR_GPIO_23)
                  00003d9c    00000054     driverlib.lib : prcm.obj (.text:NOROM_PRCMPowerDomainsAllOff)
                  00003df0    00000054     dpl_cc26x2.a : SwiP_tirtos.oem4f (.text:SwiP_construct)
                  00003e44    00000054     hello_pem4f.oem4f (.text:ti_sysbios_knl_Mailbox_create)
                  00003e98    00000054     sysbios.aem4f : BIOS.obj (.text:ti_sysbios_knl_Swi_schedule__I)
                  00003eec    00000050     drivers_cc26x2.a : GPIOCC26XX.oem4f (.text:GPIO_enableInt)
                  00003f3c    00000050                      : GPTimerCC26XX.oem4f (.text:GPTimerCC26XX_registerInterrupt)
                  00003f8c    00000050     hello_pem4f.oem4f (.text:ti_sysbios_family_arm_m3_Hwi_construct)
                  00003fdc    00000050     sysbios.aem4f : BIOS.obj (.text:ti_sysbios_knl_Swi_Instance_init__E)
                  0000402c    00000050                   : BIOS.obj (.text:ti_sysbios_knl_Swi_runLoop__I)
                  0000407c    00000050                   : BIOS.obj (.text:xdc_runtime_Startup_exec__E)
                  000040cc    0000004c     ti_drivers_config.obj (.text:Board_wakeUpExtFlash)
                  00004118    0000004c     drivers_cc26x2.a : GPTimerCC26XX.oem4f (.text:GPTimerCC26XX_initHw)
                  00004164    0000004c                      : GPTimerCC26XX.oem4f (.text:GPTimerCC26XX_start)
                  000041b0    0000004c     driverlib.lib : prcm.obj (.text:NOROM_PRCMPowerDomainsAllOn)
                  000041fc    0000004c     rtsv7M4_T_le_v4SPD16_eabi.lib : cpy_tbl.c.obj (.text:copy_in)
                  00004248    0000004c     hello_pem4f.oem4f (.text:ti_sysbios_knl_Swi_construct)
                  00004294    0000004c     hello_pem4f.oem4f (.text:ti_sysbios_knl_Task_construct)
                  000042e0    0000004c     ti.uia.loggers.aem4f : LoggerStopMode.oem4f (.text:ti_uia_loggers_LoggerStopMode_Module_startup__E)
                  0000432c    0000004c     sysbios.aem4f : BIOS.obj (.text:xdc_runtime_Assert_raise__I)
                  00004378    0000004c                   : BIOS.obj (.text:xdc_runtime_Core_assignParams__I)
                  000043c4    00000048     drivers_cc26x2.a : GPTimerCC26XX.oem4f (.text:GPTimerCC26XXHwiFxn)
                  0000440c    00000048                      : PowerCC26X2_calibrateRCOSC.oem4f (.text:PowerCC26X2_RCOSC_clockFunc)
                  00004454    00000048                      : PowerCC26X2.oem4f (.text:switchXOSCHF)
                  0000449c    00000048     sysbios.aem4f : BIOS.obj (.text:ti_sysbios_family_arm_m3_Hwi_Module_startup__E)
                  000044e4    00000048                   : BIOS.obj (.text:ti_sysbios_heaps_HeapMem_getStats__E)
                  0000452c    00000048                   : BIOS.obj (.text:xdc_runtime_Core_constructObject__I)
                  00004574    00000044     drivers_cc26x2.a : GPIOCC26XX.oem4f (.text:GPIO_disableInt)
                  000045b8    00000044     driverlib.lib : chipinfo.obj (.text:NOROM_ChipInfo_GetHwRevision)
                  000045fc    00000044     drivers_cc26x2.a : PINCC26XX.oem4f (.text:PIN_swi)
                  00004640    00000044     sysbios.aem4f : BIOS.obj (.text:ti_sysbios_family_arm_m3_Hwi_disableInterrupt__E)
                  00004684    00000044                   : BIOS.obj (.text:ti_sysbios_family_arm_m3_Hwi_enableInterrupt__E)
                  000046c8    00000044                   : BIOS.obj (.text:ti_sysbios_knl_Mailbox_Module_startup__E)
                  0000470c    00000044                   : BIOS.obj (.text:ti_sysbios_knl_Task_allBlockedFunction__I)
                  00004750    00000044     ti.uia.loggers.aem4f : LoggerStopMode.oem4f (.text:ti_uia_loggers_LoggerStopMode_initBuffer__I)
                  00004794    00000044     sysbios.aem4f : BIOS.obj (.text:xdc_runtime_SysMin_flush__E)
                  000047d8    00000040     ti_drivers_config.obj (.text:Board_shutDownExtFlash)
                  00004818    00000040     dpl_cc26x2.a : ClockP_tirtos.oem4f (.text:ClockP_construct)
                  00004858    00000040     driverlib.lib : osc.obj (.text:NOROM_OSC_HPOSCRelativeFrequencyOffsetGet)
                  00004898    00000040     sysbios.aem4f : BIOS.obj (.text:ti_sysbios_family_arm_cc26xx_Timer_setThreshold__I)
                  000048d8    00000040                   : BIOS.obj (.text:ti_sysbios_family_arm_m3_Hwi_getStackInfo__E)
                  00004918    0000003e     dpl_cc26x2.a : HwiP_tirtos.oem4f (.text:HwiP_construct)
                  00004956    00000002     hello_pem4f.oem4f (.text:ti_sysbios_BIOS_nullFunc__I)
                  00004958    0000003c     drivers_cc26x2.a : PINCC26XX.oem4f (.text:PIN_setInterrupt)
                  00004994    0000003c                      : PINCC26XX.oem4f (.text:PIN_setOutputValue)
                  000049d0    0000003c     sysbios.aem4f : BIOS.obj (.text:ti_sysbios_family_arm_m3_Hwi_construct2__E)
                  00004a0c    00000038     drivers_cc26x2.a : PINCC26XX.oem4f (.text:PIN_setConfig)
                  00004a44    00000038     rtsv7M4_T_le_v4SPD16_eabi.lib : trgmsg.c.obj (.text:__TI_writemsg)
                  00004a7c    00000038     drivers_cc26x2.a : PowerCC26X2.oem4f (.text:notify)
                  00004ab4    00000038     sysbios.aem4f : BIOS.obj (.text:ti_sysbios_family_arm_cc26xx_Timer_getCurrentTick__E)
                  00004aec    00000038                   : BIOS.obj (.text:ti_sysbios_family_arm_m3_Hwi_Instance_finalize__E)
                  00004b24    00000038                   : BIOS.obj (.text:ti_sysbios_heaps_HeapMem_Instance_init__E)
                  00004b5c    00000038                   : BIOS.obj (.text:ti_sysbios_knl_Clock_Instance_init__E)
                  00004b94    00000038                   : BIOS.obj (.text:xdc_runtime_System_atexit__E)
                  00004bcc    00000034     drivers_cc26x2.a : GPIOCC26XX.oem4f (.text:GPIO_toggle)
                  00004c00    00000034                      : GPTimerCC26XX.oem4f (.text:GPTimerCC26XXSetLoadMatch)
                  00004c34    00000034                      : GPTimerCC26XX.oem4f (.text:GPTimerCC26XX_configureDebugStall)
                  00004c68    00000034     driverlib.lib : aux_sysif.obj (.text:NOROM_AUXSYSIFOpModeChange)
                  00004c9c    00000034                   : sys_ctrl.obj (.text:NOROM_SysCtrlIdle)
                  00004cd0    00000034     rtsv7M4_T_le_v4SPD16_eabi.lib : trgmsg.c.obj (.text:__TI_readmsg)
                  00004d04    00000034     hello_pem4f.oem4f (.text:ti_sysbios_knl_Semaphore_create)
                  00004d38    00000034     sysbios.aem4f : BIOS.obj (.text:ti_sysbios_knl_Swi_restore__E)
                  00004d6c    00000034     ti.uia.loggers.aem4f : LoggerStopMode.oem4f (.text:ti_uia_loggers_LoggerStopMode_reset__E)
                  00004da0    00000034     sysbios.aem4f : BIOS.obj (.text:xdc_runtime_SysMin_abort__E)
                  00004dd4    00000034                   : BIOS.obj (.text:xdc_runtime_SysMin_putch__E)
                  00004e08    00000032                   : BIOS.obj (.text:ti_sysbios_family_arm_cc26xx_Timer_setNextTick__E)
                  00004e3a    00000002                   : BIOS.obj (.text:ti_sysbios_gates_GateHwi_Instance_init__E)
                  00004e3c    00000030     drivers_cc26x2.a : GPIOCC26XX.oem4f (.text:GPIO_hwiIntFxn)
                  00004e6c    00000030                      : GPIOCC26XX.oem4f (.text:GPIO_setCallback)
                  00004e9c    00000030                      : PowerCC26X2.oem4f (.text:Power_releaseConstraint)
                  00004ecc    00000030                      : PowerCC26X2.oem4f (.text:Power_setConstraint)
                  00004efc    00000030     hello_pem4f.oem4f (.text:ti_sysbios_BIOS_atExitFunc__I)
                  00004f2c    00000030     hello_pem4f.oem4f (.text:ti_sysbios_BIOS_startFunc__I)
                  00004f5c    00000030     sysbios.aem4f : BIOS.obj (.text:ti_sysbios_family_arm_cc26xx_Timer_initDevice__I)
                  00004f8c    00000030     hello_pem4f.oem4f (.text:ti_sysbios_gates_GateHwi_Object__create__S)
                  00004fbc    00000030     hello_pem4f.oem4f (.text:ti_sysbios_gates_GateMutex_Object__create__S)
                  00004fec    00000030     sysbios.aem4f : BIOS.obj (.text:ti_sysbios_gates_GateMutex_enter__E)
                  0000501c    00000030     hello_pem4f.oem4f (.text:ti_sysbios_heaps_HeapMem_Object__create__S)
                  0000504c    00000030     sysbios.aem4f : BIOS.obj (.text:ti_sysbios_heaps_HeapMem_free__E)
                  0000507c    00000030     hello_pem4f.oem4f (.text:ti_sysbios_knl_Clock_construct)
                  000050ac    00000030     hello_pem4f.oem4f (.text:ti_sysbios_knl_Semaphore_construct)
                  000050dc    00000030     sysbios.aem4f : BIOS.obj (.text:ti_sysbios_knl_Task_processVitalTaskFlag__I)
                  0000510c    00000030     hello_pem4f.oem4f (.text:ti_uia_loggers_LoggerStopMode_Object__create__S)
                  0000513c    00000030     sysbios.aem4f : BIOS.obj (.text:xdc_runtime_System_processAtExit__E)
                  0000516c    0000002e                   : BIOS.obj (.text:ti_sysbios_family_arm_m3_TaskSupport_start__E)
                  0000519a    0000002e                   : BIOS.obj (.text:ti_sysbios_hal_Hwi_initStack)
                  000051c8    0000002c     drivers_cc26x2.a : GPTimerCC26XX.oem4f (.text:GPTimerCC26XX_getTimerValue)
                  000051f4    0000002c     dpl_cc26x2.a : SemaphoreP_tirtos.oem4f (.text:SemaphoreP_constructBinary)
                  00005220    0000002c                  : SemaphoreP_tirtos.oem4f (.text:SemaphoreP_createBinary)
                  0000524c    0000002c     hello_pem4f.oem4f (.text:ti_sysbios_gates_GateHwi_Handle__label__S)
                  00005278    0000002c     hello_pem4f.oem4f (.text:ti_sysbios_gates_GateMutex_Handle__label__S)
                  000052a4    0000002c     hello_pem4f.oem4f (.text:ti_sysbios_heaps_HeapMem_Handle__label__S)
                  000052d0    0000002c     sysbios.aem4f : BIOS.obj (.text:ti_sysbios_knl_Clock_getTicksUntilInterrupt__E)
                  000052fc    0000002c                   : BIOS.obj (.text:ti_sysbios_knl_Mailbox_postInit__I)
                  00005328    0000002c     hello_pem4f.oem4f (.text:ti_sysbios_knl_Queue_construct)
                  00005354    0000002c     sysbios.aem4f : BIOS.obj (.text:ti_sysbios_knl_Semaphore_pendTimeout__I)
                  00005380    0000002c                   : BIOS.obj (.text:ti_sysbios_knl_Task_restore__E)
                  000053ac    0000002c     hello_pem4f.oem4f (.text:ti_uia_loggers_LoggerStopMode_Handle__label__S)
                  000053d8    00000028     drivers_cc26x2.a : GPIOCC26XX.oem4f (.text:GPIO_read)
                  00005400    00000028                      : PowerCC26X2.oem4f (.text:oscillatorISR)
                  00005428    00000028     sysbios.aem4f : m3_Hwi_asm.obj (.text:ti_sysbios_family_arm_m3_Hwi_excHandlerAsm__I)
                  00005450    00000028                   : BIOS.obj (.text:ti_sysbios_knl_Clock_addI__E)
                  00005478    00000026     drivers_cc26x2.a : GPTimerCC26XX.oem4f (.text:GPTimerCC26XXLookupMask)
                  0000549e    00000026     sysbios.aem4f : m3_Hwi_asm.obj (.text:ti_sysbios_family_arm_m3_Hwi_pendSV__I)
                  000054c4    00000024     drivers_cc26x2.a : GPTimerCC26XX.oem4f (.text:GPTimerCC26XX_enableInterrupt)
                  000054e8    00000024     driverlib.lib : osc.obj (.text:NOROM_OSCHF_TurnOnXosc)
                  0000550c    00000024     drivers_cc26x2.a : PowerCC26X2_calibrateRCOSC.oem4f (.text:getTdcSemaphore)
                  00005530    00000024     hello_pem4f.oem4f (.text:ti_sysbios_BIOS_registerRTSLock__I)
                  00005554    00000024     hello_pem4f.oem4f (.text:ti_sysbios_BIOS_removeRTSLock__I)
                  00005578    00000024     sysbios.aem4f : BIOS.obj (.text:ti_sysbios_family_arm_cc26xx_Timer_Module_startup__E)
                  0000559c    00000024                   : BIOS.obj (.text:ti_sysbios_family_arm_cc26xx_Timer_getMaxTicks__E)
                  000055c0    00000024                   : BIOS.obj (.text:ti_sysbios_family_arm_cc26xx_Timer_startup__E)
                  000055e4    00000024     hello_pem4f.oem4f (.text:ti_sysbios_gates_GateMutex_Object__delete__S)
                  00005608    00000024     sysbios.aem4f : BIOS.obj (.text:ti_sysbios_knl_Clock_Module_startup__E)
                  0000562c    00000024                   : BIOS.obj (.text:ti_sysbios_knl_Semaphore_Instance_init__E)
                  00005650    00000024     hello_pem4f.oem4f (.text:ti_sysbios_knl_Semaphore_Object__delete__S)
                  00005674    00000024     sysbios.aem4f : BIOS.obj (.text:ti_sysbios_knl_Swi_Module_startup__E)
                  00005698    00000024                   : BIOS.obj (.text:ti_sysbios_knl_Task_restoreHwi__E)
                  000056bc    00000022     drivers_cc26x2.a : GPTimerCC26XX.oem4f (.text:GPTimerCC26XXReverseLookupMask)
                  000056de    00000022     sysbios.aem4f : BIOS.obj (.text:ti_sysbios_family_arm_cc26xx_Timer_postInit__I)
                  00005700    00000022     hello_pem4f.oem4f (.text:xdc_runtime_SysMin_output__I)
                  00005722    00000002     sysbios.aem4f : BIOS.obj (.text:ti_sysbios_knl_Clock_triggerFunc__I)
                  00005724    00000020     ti_drivers_config.obj (.text:Board_init)
                  00005744    00000020     drivers_cc26x2.a : PINCC26XX.oem4f (.text:PINCC26XX_setIoCfgMux)
                  00005764    00000020     hello_pem4f.oem4f (.text:ti_sysbios_BIOS_rtsLock__I)
                  00005784    00000020     sysbios.aem4f : BIOS.obj (.text:ti_sysbios_family_arm_cc26xx_Timer_dynamicStub__E)
                  000057a4    00000020                   : BIOS.obj (.text:ti_sysbios_family_arm_cc26xx_TimestampProvider_Module_startup__E)
                  000057c4    00000020     hello_pem4f.oem4f (.text:ti_sysbios_gates_GateHwi_Object__delete__S)
                  000057e4    00000020     hello_pem4f.oem4f (.text:ti_sysbios_heaps_HeapMem_Object__delete__S)
                  00005804    00000020     sysbios.aem4f : BIOS.obj (.text:ti_sysbios_knl_Clock_getTicks__E)
                  00005824    00000020                   : BIOS.obj (.text:ti_sysbios_knl_Clock_stop__E)
                  00005844    00000020                   : BIOS.obj (.text:ti_sysbios_knl_Idle_run__E)
                  00005864    00000020     hello_pem4f.oem4f (.text:ti_sysbios_knl_Semaphore_destruct)
                  00005884    00000020     hello_pem4f.oem4f (.text:ti_uia_loggers_LoggerStopMode_Object__delete__S)
                  000058a4    00000020     hello.obj (.text:workTaskFunc)
                  000058c4    00000020     sysbios.aem4f : BIOS.obj (.text:xdc_runtime_SysMin_Module_startup__E)
                  000058e4    0000001e     drivers_cc26x2.a : PINCC26XX.oem4f (.text:PIN_close)
                  00005902    0000001e                      : PowerCC26X2.oem4f (.text:Power_getTransitionLatency)
                  00005920    0000001e     sysbios.aem4f : m3_Hwi_asm_switch.obj (.text:ti_sysbios_family_xxx_Hwi_switchAndRunFunc)
                  0000593e    00000002                   : BIOS.obj (.text:ti_sysbios_knl_Swi_Instance_finalize__E)
                  00005940    0000001c     hello.obj (.text:ISR_Timer_Temp)
                  0000595c    0000001c     driverlib.lib : chipinfo.obj (.text:NOROM_ChipInfo_GetChipFamily)
                  00005978    0000001c     drivers_cc26x2.a : PINCC26XX.oem4f (.text:PIN_hwi)
                  00005994    0000001c     dpl_cc26x2.a : PowerCC26X2_tirtos.oem4f (.text:PowerCC26XX_schedulerDisable)
                  000059b0    0000001c                  : PowerCC26X2_tirtos.oem4f (.text:PowerCC26XX_schedulerRestore)
                  000059cc    0000001c     sysbios.aem4f : BIOS.obj (.text:ti_sysbios_family_arm_m3_Hwi_excHandler__I)
                  000059e8    0000001c                   : BIOS.obj (.text:ti_sysbios_family_arm_m3_Hwi_setPriority__E)
                  00005a04    0000001c                   : BIOS.obj (.text:ti_sysbios_gates_GateMutex_Instance_init__E)
                  00005a20    0000001c                   : BIOS.obj (.text:ti_sysbios_knl_Clock_scheduleNextTick__E)
                  00005a3c    0000001c     hello_pem4f.oem4f (.text:ti_sysbios_knl_Queue_destruct)
                  00005a58    0000001c     sysbios.aem4f : BIOS.obj (.text:ti_sysbios_knl_Queue_get__E)
                  00005a74    0000001c                   : BIOS.obj (.text:ti_sysbios_knl_Queue_put__E)
                  00005a90    0000001c                   : BIOS.obj (.text:ti_sysbios_knl_Swi_construct2__E)
                  00005aac    0000001c                   : BIOS.obj (.text:ti_sysbios_knl_Task_enter__I)
                  00005ac8    0000001c     ti.uia.loggers.aem4f : LoggerStopMode.oem4f (.text:ti_uia_loggers_LoggerStopMode_Instance_init__E)
                  00005ae4    0000001c     hello.obj (.text:urgentWorkTaskFunc)
                  00005b00    0000001c     sysbios.aem4f : BIOS.obj (.text:xdc_runtime_Error_check__E)
                  00005b1c    0000001c                   : BIOS.obj (.text:xdc_runtime_Error_raiseX__E)
                  00005b38    0000001c                   : BIOS.obj (.text:xdc_runtime_Memory_valloc__E)
                  00005b54    0000001c                   : BIOS.obj (.text:xdc_runtime_SysMin_exit__E)
                  00005b70    0000001c                   : BIOS.obj (.text:xdc_runtime_System_abort__E)
                  00005b8c    0000001a     drivers_cc26x2.a : PowerCC26X2.oem4f (.text:PowerCC26XX_calibrate)
                  00005ba6    0000001a     sysbios.aem4f : BIOS.obj (.text:ti_sysbios_knl_Task_sleepTimeout__I)
                  00005bc0    00000018     driverlib.lib : chipinfo.obj (.text:NOROM_ChipInfo_GetPackageType)
                  00005bd8    00000018     drivers_cc26x2.a : PowerCC26X2.oem4f (.text:Power_idleFunc)
                  00005bf0    00000018     rtsv7M4_T_le_v4SPD16_eabi.lib : args_main.c.obj (.text:_args_main)
                  00005c08    00000018                                   : ll_mul_t2.asm.obj (.text)
                  00005c20    00000018     drivers_cc26x2.a : PowerCC26X2.oem4f (.text:switchToTCXO)
                  00005c38    00000018     hello_pem4f.oem4f (.text:ti_sysbios_BIOS_rtsUnlock__I)
                  00005c50    00000018     hello_pem4f.oem4f (.text:ti_sysbios_family_arm_cc26xx_Timer_Module__startupDone__F)
                  00005c68    00000018     hello_pem4f.oem4f (.text:ti_sysbios_family_arm_m3_Hwi_Module__startupDone__F)
                  00005c80    00000018     sysbios.aem4f : BIOS.obj (.text:ti_sysbios_family_arm_m3_Hwi_plug__E)
                  00005c98    00000018                   : m3_TaskSupport_asm.obj (.text:ti_sysbios_family_arm_m3_TaskSupport_swap__E)
                  00005cb0    00000018                   : BIOS.obj (.text:ti_sysbios_gates_GateMutex_leave__E)
                  00005cc8    00000018                   : BIOS.obj (.text:ti_sysbios_knl_Swi_or__E)
                  00005ce0    00000018                   : BIOS.obj (.text:ti_sysbios_knl_Task_unblock__E)
                  00005cf8    00000018                   : BIOS.obj (.text:xdc_runtime_System_exit__E)
                  00005d10    00000018                   : BIOS.obj (.text:xdc_runtime_Text_ropeText__E)
                  00005d28    00000016     driverlib.lib : chipinfo.obj (.text:NOROM_ThisLibraryIsFor_CC13x2_CC26x2_HwRev20AndLater_HaltIfViolated)
                  00005d3e    00000016     hello_pem4f.oem4f (.text:ti_sysbios_BIOS_exitFunc__I)
                  00005d54    00000016     sysbios.aem4f : BIOS.obj (.text:ti_sysbios_family_arm_cc26xx_TimestampProvider_get64__E)
                  00005d6a    00000016                   : BIOS.obj (.text:ti_sysbios_knl_Clock_start__E)
                  00005d80    00000016     hello.obj (.text:ti_sysbios_knl_Mailbox_Params_init)
                  00005d96    00000016     hello.obj (.text:ti_sysbios_knl_Semaphore_Params_init)
                  00005dac    00000016     hello.obj (.text:ti_sysbios_knl_Task_Params_init)
                  00005dc2    00000016     ti.uia.loggers.aem4f : LoggerStopMode.oem4f (.text:ti_uia_loggers_LoggerStopMode_disable__E)
                  00005dd8    00000016                          : LoggerStopMode.oem4f (.text:ti_uia_loggers_LoggerStopMode_enable__E)
                  00005dee    00000002     hello_pem4f.oem4f (.text:ti_uia_loggers_LoggerStopMode_setFilterLevel__E)
                  00005df0    00000014     drivers_cc26x2.a : PINCC26XX.oem4f (.text:PINCC26XX_getPinCount)
                  00005e04    00000014                      : PowerCC26X2_calibrateRCOSC.oem4f (.text:PowerCC26X2_calibrate)
                  00005e18    00000014     sysbios.aem4f : BIOS.obj (.text:ti_sysbios_family_arm_cc26xx_Timer_getCount64__E)
                  00005e2c    00000014     hello_pem4f.oem4f (.text:ti_sysbios_family_arm_m3_Hwi_Object__get__S)
                  00005e40    00000014     sysbios.aem4f : BIOS.obj (.text:ti_sysbios_family_arm_m3_Hwi_switchFromBootStack__E)
                  00005e54    00000014     hello_pem4f.oem4f (.text:ti_sysbios_heaps_HeapMem_Object__get__S)
                  00005e68    00000014     hello_pem4f.oem4f (.text:ti_sysbios_knl_Clock_doTick__I)
                  00005e7c    00000014     hello_pem4f.oem4f (.text:ti_sysbios_knl_Swi_Object__get__S)
                  00005e90    00000012     drivers_cc26x2.a : GPTimerCC26XX.oem4f (.text:GPTimerCC26XX_Params_init)
                  00005ea2    00000012     dpl_cc26x2.a : SemaphoreP_tirtos.oem4f (.text:SemaphoreP_pend)
                  00005eb4    00000012     sysbios.aem4f : BIOS.obj (.text:ti_sysbios_hal_Hwi_Module_startup__E)
                  00005ec6    00000012     hello_pem4f.oem4f (.text:xdc_runtime_Startup_exec__I)
                  00005ed8    00000010     dpl_cc26x2.a : HwiP_tirtos.oem4f (.text:HwiP_Params_init)
                  00005ee8    00000010                  : SwiP_tirtos.oem4f (.text:SwiP_Params_init)
                  00005ef8    00000010     sysbios.aem4f : BIOS.obj (.text:ti_sysbios_BIOS_exit__E)
                  00005f08    00000010                   : BIOS.obj (.text:ti_sysbios_BIOS_setThreadType__E)
                  00005f18    00000010                   : BIOS.obj (.text:ti_sysbios_BIOS_start__E)
                  00005f28    00000010                   : m3_TaskSupport_asm.obj (.text:ti_sysbios_family_arm_m3_TaskSupport_glue)
                  00005f38    00000010                   : BIOS.obj (.text:ti_sysbios_gates_GateMutex_Instance_finalize__E)
                  00005f48    00000010     hello_pem4f.oem4f (.text:ti_sysbios_knl_Mailbox_Object__get__S)
                  00005f58    00000010     sysbios.aem4f : BIOS.obj (.text:ti_sysbios_knl_Semaphore_Instance_finalize__E)
                  00005f68    00000010                   : BIOS.obj (.text:ti_sysbios_knl_Swi_disable__E)
                  00005f78    00000010                   : BIOS.obj (.text:ti_sysbios_knl_Swi_enabled__E)
                  00005f88    00000010     hello_pem4f.oem4f (.text:ti_sysbios_knl_Task_Object__get__S)
                  00005f98    00000010     sysbios.aem4f : BIOS.obj (.text:ti_sysbios_knl_Task_disable__E)
                  00005fa8    00000010     hello_pem4f.oem4f (.text:ti_uia_loggers_LoggerStopMode_Object__get__S)
                  00005fb8    00000010     ti.uia.loggers.aem4f : LoggerStopMode.oem4f (.text:ti_uia_loggers_LoggerStopMode_isEmpty__E)
                  00005fc8    00000010     sysbios.aem4f : BIOS.obj (.text:xdc_runtime_Gate_leaveSystem__E)
                  00005fd8    00000010                   : BIOS.obj (.text:xdc_runtime_Memory_free__E)
                  00005fe8    0000000e     rtsv7M4_T_le_v4SPD16_eabi.lib : copy_decompress_none.c.obj (.text:decompress:none:__TI_decompress_none)
                  00005ff6    0000000e     sysbios.aem4f : BIOS.obj (.text:ti_sysbios_heaps_HeapMem_restore__E)
                  00006004    0000000e                   : BIOS.obj (.text:ti_sysbios_knl_Queue_empty__E)
                  00006012    0000000e                   : BIOS.obj (.text:ti_sysbios_knl_Queue_remove__E)
                  00006020    0000000c     dpl_cc26x2.a : ClockP_tirtos.oem4f (.text:ClockP_getSystemTickPeriod)
                  0000602c    0000000c     driverlib.lib : cpu.obj (.text:NOROM_CPUcpsid)
                  00006038    0000000c                   : cpu.obj (.text:NOROM_CPUcpsie)
                  00006044    0000000c     drivers_cc26x2.a : PINCC26XX.oem4f (.text:PIN_registerIntCb)
                  00006050    0000000c                      : PowerCC26X2.oem4f (.text:Power_getConstraintMask)
                  0000605c    0000000c                      : PowerCC26X2.oem4f (.text:Power_getDependencyCount)
                  00006068    0000000c     dpl_cc26x2.a : SemaphoreP_tirtos.oem4f (.text:SemaphoreP_delete)
                  00006074    0000000c     rtsv7M4_T_le_v4SPD16_eabi.lib : _lock.c.obj (.text:_register_lock)
                  00006080    0000000c                                   : _lock.c.obj (.text:_register_unlock)
                  0000608c    0000000c                                   : copy_zero_init.c.obj (.text:decompress:ZI:__TI_zero_init)
                  00006098    0000000c     hello_pem4f.oem4f (.text:ti_sysbios_family_arm_m3_Hwi_Params__init__S)
                  000060a4    0000000c     sysbios.aem4f : BIOS.obj (.text:ti_sysbios_family_arm_m3_Hwi_disableFxn__E)
                  000060b0    0000000c                   : BIOS.obj (.text:ti_sysbios_family_arm_m3_TaskSupport_getStackAlignment__E)
                  000060bc    0000000c                   : BIOS.obj (.text:ti_sysbios_gates_GateHwi_enter__E)
                  000060c8    0000000c     hello_pem4f.oem4f (.text:ti_sysbios_knl_Clock_Params__init__S)
                  000060d4    0000000c     sysbios.aem4f : BIOS.obj (.text:ti_sysbios_knl_Clock_getTimerHandle__E)
                  000060e0    0000000c     hello_pem4f.oem4f (.text:ti_sysbios_knl_Mailbox_Params__init__S)
                  000060ec    0000000c     hello_pem4f.oem4f (.text:ti_sysbios_knl_Queue_Object__get__S)
                  000060f8    0000000c     sysbios.aem4f : BIOS.obj (.text:ti_sysbios_knl_Queue_dequeue__E)
                  00006104    0000000c                   : BIOS.obj (.text:ti_sysbios_knl_Queue_enqueue__E)
                  00006110    0000000c     hello_pem4f.oem4f (.text:ti_sysbios_knl_Semaphore_Params__init__S)
                  0000611c    0000000c     hello.obj (.text:ti_sysbios_knl_Semaphore_handle)
                  00006128    0000000c     hello_pem4f.oem4f (.text:ti_sysbios_knl_Swi_Params__init__S)
                  00006134    0000000c     sysbios.aem4f : BIOS.obj (.text:ti_sysbios_knl_Swi_getTrigger__E)
                  00006140    0000000c     hello_pem4f.oem4f (.text:ti_sysbios_knl_Task_Params__init__S)
                  0000614c    0000000c     sysbios.aem4f : BIOS.obj (.text:ti_sysbios_knl_Task_self__E)
                  00006158    0000000c                   : BIOS.obj (.text:xdc_runtime_Gate_enterSystem__E)
                  00006164    0000000c                   : BIOS.obj (.text:xdc_runtime_Memory_calloc__E)
                  00006170    0000000c                   : BIOS.obj (.text:xdc_runtime_Memory_getMaxDefaultTypeAlign__E)
                  0000617c    0000000c                   : BIOS.obj (.text:xdc_runtime_Startup_rtsDone__E)
                  00006188    0000000a     dpl_cc26x2.a : ClockP_tirtos.oem4f (.text:ClockP_Params_init)
                  00006192    0000000a     hello_pem4f.oem4f (.text:xdc_runtime_IHeap_alloc)
                  0000619c    0000000a     hello_pem4f.oem4f (.text:xdc_runtime_IHeap_free)
                  000061a6    00000008     drivers_cc26x2.a : GPTimerCC26XX.oem4f (.text:GPTimerCC26XX_setLoadValue)
                  000061ae    00000008                      : GPTimerCC26XX.oem4f (.text:GPTimerCC26XX_setMatchValue)
                  000061b6    00000008     sysbios.aem4f : BIOS.obj (.text:ti_sysbios_family_arm_m3_Hwi_doSwiRestore__I)
                  000061be    00000008                   : BIOS.obj (.text:ti_sysbios_family_arm_m3_Hwi_startup__E)
                  000061c6    00000008                   : BIOS.obj (.text:ti_sysbios_knl_Idle_loop__E)
                  000061ce    00000006     drivers_cc26x2.a : GPTimerCC26XX.oem4f (.text:GPTimerCC26XX_getValue)
                  000061d4    00000006     driverlib.lib : cpu.obj (.text:NOROM_CPUdelay)
                  000061da    00000006     drivers_cc26x2.a : PowerCC26X2.oem4f (.text:delayUs)
                  000061e0    00000006     sysbios.aem4f : BIOS.obj (.text:ti_sysbios_family_arm_m3_Hwi_doTaskRestore__I)
                  000061e6    00000006                   : BIOS.obj (.text:ti_sysbios_family_arm_m3_Hwi_restoreFxn__E)
                  000061ec    00000006                   : BIOS.obj (.text:ti_sysbios_gates_GateHwi_leave__E)
                  000061f2    00000006                   : BIOS.obj (.text:ti_sysbios_heaps_HeapMem_isBlocking__E)
                  000061f8    00000006                   : BIOS.obj (.text:ti_sysbios_knl_Queue_Instance_init__E)
                  000061fe    00000006                   : BIOS.obj (.text:ti_sysbios_knl_Queue_elemClear__E)
                  00006204    00000006                   : BIOS.obj (.text:ti_sysbios_knl_Swi_startup__E)
                  0000620a    00000006                   : BIOS.obj (.text:xdc_runtime_System_Module_startup__E)
                  00006210    00000004     dpl_cc26x2.a : PowerCC26X2_tirtos.oem4f (.text:CPUwfi)
                  00006214    00000004                  : ClockP_tirtos.oem4f (.text:ClockP_start)
                  00006218    00000004                  : ClockP_tirtos.oem4f (.text:ClockP_stop)
                  0000621c    00000004                  : HwiP_tirtos.oem4f (.text:HwiP_disable)
                  00006220    00000004                  : SemaphoreP_tirtos.oem4f (.text:SemaphoreP_post)
                  00006224    00000004                  : SwiP_tirtos.oem4f (.text:SwiP_getTrigger)
                  00006228    00000004                  : SwiP_tirtos.oem4f (.text:SwiP_or)
                  0000622c    00000004     drivers_cc26x2.a : PowerCC26X2.oem4f (.text:configureRFCoreClocks)
                  00006230    00000004                      : PowerCC26X2.oem4f (.text:nopResourceHandler)
                  00006234    00000004     hello_pem4f.oem4f (.text:ti_sysbios_BIOS_RtsGateProxy_enter__E)
                  00006238    00000004     hello_pem4f.oem4f (.text:ti_sysbios_BIOS_RtsGateProxy_leave__E)
                  0000623c    00000004     sysbios.aem4f : BIOS.obj (.text:ti_sysbios_family_arm_cc26xx_Timer_setPeriod__E)
                  00006240    00000004     hello_pem4f.oem4f (.text:ti_sysbios_family_arm_m3_TaskSupport_Module__startupDone__S)
                  00006244    00000004     sysbios.aem4f : BIOS.obj (.text:ti_sysbios_gates_GateHwi_query__E)
                  00006248    00000004                   : BIOS.obj (.text:ti_sysbios_gates_GateMutex_query__E)
                  0000624c    00000004     hello_pem4f.oem4f (.text:ti_sysbios_heaps_HeapMem_Module_GateProxy_enter__E)
                  00006250    00000004     hello_pem4f.oem4f (.text:ti_sysbios_heaps_HeapMem_Module_GateProxy_leave__E)
                  00006254    00000004     hello_pem4f.oem4f (.text:ti_sysbios_knl_Clock_TimerProxy_getCurrentTick__E)
                  00006258    00000004     hello_pem4f.oem4f (.text:ti_sysbios_knl_Clock_TimerProxy_getMaxTicks__E)
                  0000625c    00000004     hello_pem4f.oem4f (.text:ti_sysbios_knl_Clock_TimerProxy_setNextTick__E)
                  00006260    00000004     sysbios.aem4f : BIOS.obj (.text:ti_sysbios_knl_Clock_removeI__E)
                  00006264    00000004                   : BIOS.obj (.text:ti_sysbios_knl_Clock_setTimeout__E)
                  00006268    00000004                   : BIOS.obj (.text:ti_sysbios_knl_Queue_head__E)
                  0000626c    00000004                   : BIOS.obj (.text:ti_sysbios_knl_Queue_next__E)
                  00006270    00000004                   : BIOS.obj (.text:ti_sysbios_knl_Queue_prev__E)
                  00006274    00000004     hello_pem4f.oem4f (.text:ti_sysbios_knl_Semaphore_delete)
                  00006278    00000004     sysbios.aem4f : BIOS.obj (.text:ti_sysbios_knl_Swi_postInit__I)
                  0000627c    00000004                   : BIOS.obj (.text:ti_sysbios_knl_Task_startup__E)
                  00006280    00000004     ti.uia.loggers.aem4f : LoggerStopMode.oem4f (.text:ti_uia_loggers_LoggerStopMode_getContents__E)
                  00006284    00000004     hello_pem4f.oem4f (.text:ti_uia_loggers_LoggerStopMode_getFilterLevel__E)
                  00006288    00000004     ti.uia.loggers.aem4f : LoggerStopMode.oem4f (.text:ti_uia_loggers_LoggerStopMode_getInstanceId__E)
                  0000628c    00000004                          : LoggerStopMode.oem4f (.text:ti_uia_loggers_LoggerStopMode_getMaxLength__E)
                  00006290    00000004                          : LoggerStopMode.oem4f (.text:ti_uia_loggers_LoggerStopMode_getPriority__E)
                  00006294    00000004                          : LoggerStopMode.oem4f (.text:ti_uia_loggers_LoggerStopMode_getTransferType__E)
                  00006298    00000004     hello_pem4f.oem4f (.text:xdc_runtime_System_Module_GateProxy_enter__E)
                  0000629c    00000004     hello_pem4f.oem4f (.text:xdc_runtime_System_Module_GateProxy_leave__E)
                  000062a0    00000002     ti.uia.loggers.aem4f : LoggerStopMode.oem4f (.text:ti_uia_loggers_LoggerStopMode_setPriority__E)
                  000062a2    00000002     sysbios.aem4f : BIOS.obj (.text:xdc_runtime_Error_policySpin__E)
                  000062a4    00000002                   : BIOS.obj (.text:xdc_runtime_System_abortSpin__E)
                  000062a6    00000002                   : BIOS.obj (.text:xdc_runtime_System_exitSpin__E)

.const     0    000062a8    00000762     
                  000062a8    00000060     hello_pem4f.oem4f (.const:ti_uia_loggers_LoggerStopMode_Module__FXNS__C)
                  00006308    00000054     drivers_cc26x2.a : PowerCC26X2.oem4f (.const:resourceDB)
                  0000635c    0000003c     hello_pem4f.oem4f (.const:ti_sysbios_knl_Task_Object__PARAMS__C)
                  00006398    00000034     hello_pem4f.oem4f (.const:ti_sysbios_knl_Mailbox_Object__PARAMS__C)
                  000063cc    00000030     hello_pem4f.oem4f (.const:ti_sysbios_family_arm_m3_Hwi_Object__PARAMS__C)
                  000063fc    0000002c     hello_pem4f.oem4f (.const:xdc_runtime_Startup_sfxnTab__A)
                  00006428    00000028     hello_pem4f.oem4f (.const:ti_sysbios_heaps_HeapMem_Module__FXNS__C)
                  00006450    00000028     hello_pem4f.oem4f (.const:ti_sysbios_knl_Swi_Object__PARAMS__C)
                  00006478    00000028     hello_pem4f.oem4f (.const:ti_uia_loggers_LoggerStopMode_Object__PARAMS__C)
                  000064a0    00000024     hello_pem4f.oem4f (.const:ti_sysbios_gates_GateHwi_Module__FXNS__C)
                  000064c4    00000024     hello_pem4f.oem4f (.const:ti_sysbios_gates_GateMutex_Module__FXNS__C)
                  000064e8    00000024     hello_pem4f.oem4f (.const:ti_sysbios_heaps_HeapMem_Object__PARAMS__C)
                  0000650c    00000024     hello_pem4f.oem4f (.const:ti_sysbios_knl_Clock_Object__PARAMS__C)
                  00006530    00000024     hello_pem4f.oem4f (.const:ti_sysbios_knl_Semaphore_Object__PARAMS__C)
                  00006554    00000020     hello_pem4f.oem4f (.const:ti_sysbios_family_arm_m3_Hwi_Object__DESC__C)
                  00006574    00000020     hello_pem4f.oem4f (.const:ti_sysbios_gates_GateHwi_Object__DESC__C)
                  00006594    00000020     hello_pem4f.oem4f (.const:ti_sysbios_gates_GateMutex_Object__DESC__C)
                  000065b4    00000020     hello_pem4f.oem4f (.const:ti_sysbios_heaps_HeapMem_Object__DESC__C)
                  000065d4    00000020     hello_pem4f.oem4f (.const:ti_sysbios_knl_Clock_Object__DESC__C)
                  000065f4    00000020     hello_pem4f.oem4f (.const:ti_sysbios_knl_Mailbox_Object__DESC__C)
                  00006614    00000020     hello_pem4f.oem4f (.const:ti_sysbios_knl_Queue_Object__DESC__C)
                  00006634    00000020     hello_pem4f.oem4f (.const:ti_sysbios_knl_Semaphore_Object__DESC__C)
                  00006654    00000020     hello_pem4f.oem4f (.const:ti_sysbios_knl_Swi_Object__DESC__C)
                  00006674    00000020     hello_pem4f.oem4f (.const:ti_sysbios_knl_Task_Object__DESC__C)
                  00006694    00000020     hello_pem4f.oem4f (.const:ti_uia_loggers_LoggerStopMode_Object__DESC__C)
                  000066b4    0000001c     drivers_cc26x2.a : GPTimerCC26XX.oem4f (.const:GPT_LUT)
                  000066d0    00000018     ti_drivers_config.obj (.const:GPTimerCC26XX_config)
                  000066e8    00000018     ti_drivers_config.obj (.const:gptimerCC26XXHWAttrs)
                  00006700    00000018     drivers_cc26x2.a : GPIOCC26XX.oem4f (.const:interruptType)
                  00006718    00000018     hello_pem4f.oem4f (.const:ti_sysbios_gates_GateHwi_Object__PARAMS__C)
                  00006730    00000018     hello_pem4f.oem4f (.const:ti_sysbios_gates_GateMutex_Object__PARAMS__C)
                  00006748    00000018     hello_pem4f.oem4f (.const:ti_sysbios_knl_Queue_Object__PARAMS__C)
                  00006760    00000016     hello_pem4f.oem4f (.const:xdc_runtime_Startup_sfxnRts__A)
                  00006776    00000002     hello_pem4f.oem4f (.const:ti_sysbios_family_arm_cc26xx_TimestampProvider_useClockTimer__C)
                  00006778    00000014     ti_drivers_config.obj (.const:$P$T1$2)
                  0000678c    00000014     ti_drivers_config.obj (.const:GPIOCC26XX_config)
                  000067a0    00000014     ti_drivers_config.obj (.const:PowerCC26X2_config)
                  000067b4    00000010     ti_drivers_config.obj (.const:BoardGpioInitTable)
                  000067c4    00000010     drivers_cc26x2.a : GPIOCC26XX.oem4f (.const:outPinTypes)
                  000067d4    0000000c                      : GPIOCC26XX.oem4f (.const:inPinTypes)
                  000067e0    0000000c                      : GPIOCC26XX.oem4f (.const:outPinStrengths)
                  000067ec    0000000c     hello_pem4f.oem4f (.const:xdc_runtime_Startup_firstFxns__A)
                  000067f8    00000008     driverlib.lib : aux_sysif.obj (.const:$O1$$)
                  00006800    00000008     ti_drivers_config.obj (.const:$P$T0$1)
                  00006808    00000008     drivers_cc26x2.a : GPTimerCC26XX.oem4f (.const:GPT_DefaultParams)
                  00006810    00000008     ti_drivers_config.obj (.const:PINCC26XX_hwAttrs)
                  00006818    00000008     ti_drivers_config.obj (.const)
                  00006820    00000008     hello_pem4f.oem4f (.const:ti_sysbios_knl_Idle_funcList__C)
                  00006828    00000008     hello_pem4f.oem4f (.const:xdc_runtime_Startup_firstFxns__C)
                  00006830    00000008     hello_pem4f.oem4f (.const:xdc_runtime_Startup_lastFxns__C)
                  00006838    00000004     hello_pem4f.oem4f (.const:ti_sysbios_family_arm_cc26xx_Timer_funcHookCH1__C)
                  0000683c    00000004     hello_pem4f.oem4f (.const:ti_sysbios_family_arm_cc26xx_Timer_funcHookCH2__C)
                  00006840    00000004     hello_pem4f.oem4f (.const:ti_sysbios_family_arm_cc26xx_Timer_startupNeeded__C)
                  00006844    00000004     hello_pem4f.oem4f (.const:ti_sysbios_family_arm_m3_Hwi_E_alreadyDefined__C)
                  00006848    00000004     hello_pem4f.oem4f (.const:ti_sysbios_family_arm_m3_Hwi_E_badIntNum__C)
                  0000684c    00000004     hello_pem4f.oem4f (.const:ti_sysbios_family_arm_m3_Hwi_LD_end__C)
                  00006850    00000004     hello_pem4f.oem4f (.const:ti_sysbios_family_arm_m3_Hwi_LM_begin__C)
                  00006854    00000004     hello_pem4f.oem4f (.const:ti_sysbios_family_arm_m3_Hwi_Module__diagsEnabled__C)
                  00006858    00000004     hello_pem4f.oem4f (.const:ti_sysbios_family_arm_m3_Hwi_Module__diagsIncluded__C)
                  0000685c    00000004     hello_pem4f.oem4f (.const:ti_sysbios_family_arm_m3_Hwi_Module__diagsMask__C)
                  00006860    00000004     hello_pem4f.oem4f (.const:ti_sysbios_family_arm_m3_Hwi_Module__loggerFxn1__C)
                  00006864    00000004     hello_pem4f.oem4f (.const:ti_sysbios_family_arm_m3_Hwi_Module__loggerFxn8__C)
                  00006868    00000004     hello_pem4f.oem4f (.const:ti_sysbios_family_arm_m3_Hwi_Module__loggerObj__C)
                  0000686c    00000004     hello_pem4f.oem4f (.const:ti_sysbios_family_arm_m3_Hwi_NUM_INTERRUPTS__C)
                  00006870    00000004     hello_pem4f.oem4f (.const:ti_sysbios_family_arm_m3_Hwi_Object__count__C)
                  00006874    00000004     hello_pem4f.oem4f (.const:ti_sysbios_family_arm_m3_Hwi_ccr__C)
                  00006878    00000004     hello_pem4f.oem4f (.const:ti_sysbios_family_arm_m3_Hwi_excHandlerFunc__C)
                  0000687c    00000004     hello_pem4f.oem4f (.const:ti_sysbios_family_arm_m3_Hwi_nullIsrFunc__C)
                  00006880    00000004     hello_pem4f.oem4f (.const:ti_sysbios_family_arm_m3_Hwi_priGroup__C)
                  00006884    00000004     hello_pem4f.oem4f (.const:ti_sysbios_family_arm_m3_TaskSupport_stackAlignment__C)
                  00006888    00000004     hello_pem4f.oem4f (.const:ti_sysbios_gates_GateMutex_Instance_State_sem__O)
                  0000688c    00000004     hello_pem4f.oem4f (.const:ti_sysbios_heaps_HeapMem_E_memory__C)
                  00006890    00000004     hello_pem4f.oem4f (.const:ti_sysbios_heaps_HeapMem_Module__gateObj__C)
                  00006894    00000004     hello_pem4f.oem4f (.const:ti_sysbios_heaps_HeapMem_Object__count__C)
                  00006898    00000004     hello_pem4f.oem4f (.const:ti_sysbios_heaps_HeapMem_primaryHeapBaseAddr__C)
                  0000689c    00000004     hello_pem4f.oem4f (.const:ti_sysbios_heaps_HeapMem_primaryHeapEndAddr__C)
                  000068a0    00000004     hello_pem4f.oem4f (.const:ti_sysbios_heaps_HeapMem_reqAlign__C)
                  000068a4    00000004     hello_pem4f.oem4f (.const:ti_sysbios_knl_Clock_LM_begin__C)
                  000068a8    00000004     hello_pem4f.oem4f (.const:ti_sysbios_knl_Clock_LM_tick__C)
                  000068ac    00000004     hello_pem4f.oem4f (.const:ti_sysbios_knl_Clock_Module_State_clockQ__O)
                  000068b0    00000004     hello_pem4f.oem4f (.const:ti_sysbios_knl_Clock_Module__diagsEnabled__C)
                  000068b4    00000004     hello_pem4f.oem4f (.const:ti_sysbios_knl_Clock_Module__diagsIncluded__C)
                  000068b8    00000004     hello_pem4f.oem4f (.const:ti_sysbios_knl_Clock_Module__diagsMask__C)
                  000068bc    00000004     hello_pem4f.oem4f (.const:ti_sysbios_knl_Clock_Module__loggerFxn1__C)
                  000068c0    00000004     hello_pem4f.oem4f (.const:ti_sysbios_knl_Clock_Module__loggerFxn2__C)
                  000068c4    00000004     hello_pem4f.oem4f (.const:ti_sysbios_knl_Clock_Module__loggerObj__C)
                  000068c8    00000004     hello_pem4f.oem4f (.const:ti_sysbios_knl_Clock_tickPeriod__C)
                  000068cc    00000004     hello_pem4f.oem4f (.const:ti_sysbios_knl_Clock_triggerClock__C)
                  000068d0    00000004     hello_pem4f.oem4f (.const:ti_sysbios_knl_Idle_funcList__A)
                  000068d4    00000004     hello_pem4f.oem4f (.const:ti_sysbios_knl_Mailbox_Instance_State_dataQue__O)
                  000068d8    00000004     hello_pem4f.oem4f (.const:ti_sysbios_knl_Mailbox_Instance_State_dataSem__O)
                  000068dc    00000004     hello_pem4f.oem4f (.const:ti_sysbios_knl_Mailbox_Instance_State_freeQue__O)
                  000068e0    00000004     hello_pem4f.oem4f (.const:ti_sysbios_knl_Mailbox_Instance_State_freeSem__O)
                  000068e4    00000004     hello_pem4f.oem4f (.const:ti_sysbios_knl_Mailbox_Object__count__C)
                  000068e8    00000004     hello_pem4f.oem4f (.const:ti_sysbios_knl_Mailbox_maxTypeAlign__C)
                  000068ec    00000004     hello_pem4f.oem4f (.const:ti_sysbios_knl_Semaphore_Instance_State_pendQ__O)
                  000068f0    00000004     hello_pem4f.oem4f (.const:ti_sysbios_knl_Semaphore_LM_pend__C)
                  000068f4    00000004     hello_pem4f.oem4f (.const:ti_sysbios_knl_Semaphore_LM_post__C)
                  000068f8    00000004     hello_pem4f.oem4f (.const:ti_sysbios_knl_Semaphore_Module__diagsEnabled__C)
                  000068fc    00000004     hello_pem4f.oem4f (.const:ti_sysbios_knl_Semaphore_Module__diagsIncluded__C)
                  00006900    00000004     hello_pem4f.oem4f (.const:ti_sysbios_knl_Semaphore_Module__diagsMask__C)
                  00006904    00000004     hello_pem4f.oem4f (.const:ti_sysbios_knl_Semaphore_Module__loggerFxn2__C)
                  00006908    00000004     hello_pem4f.oem4f (.const:ti_sysbios_knl_Semaphore_Module__loggerFxn4__C)
                  0000690c    00000004     hello_pem4f.oem4f (.const:ti_sysbios_knl_Semaphore_Module__loggerObj__C)
                  00006910    00000004     hello_pem4f.oem4f (.const:ti_sysbios_knl_Swi_LD_end__C)
                  00006914    00000004     hello_pem4f.oem4f (.const:ti_sysbios_knl_Swi_LM_begin__C)
                  00006918    00000004     hello_pem4f.oem4f (.const:ti_sysbios_knl_Swi_LM_post__C)
                  0000691c    00000004     hello_pem4f.oem4f (.const:ti_sysbios_knl_Swi_Module__diagsEnabled__C)
                  00006920    00000004     hello_pem4f.oem4f (.const:ti_sysbios_knl_Swi_Module__diagsIncluded__C)
                  00006924    00000004     hello_pem4f.oem4f (.const:ti_sysbios_knl_Swi_Module__diagsMask__C)
                  00006928    00000004     hello_pem4f.oem4f (.const:ti_sysbios_knl_Swi_Module__loggerFxn1__C)
                  0000692c    00000004     hello_pem4f.oem4f (.const:ti_sysbios_knl_Swi_Module__loggerFxn4__C)
                  00006930    00000004     hello_pem4f.oem4f (.const:ti_sysbios_knl_Swi_Module__loggerObj__C)
                  00006934    00000004     hello_pem4f.oem4f (.const:ti_sysbios_knl_Swi_Object__count__C)
                  00006938    00000004     hello_pem4f.oem4f (.const:ti_sysbios_knl_Swi_numPriorities__C)
                  0000693c    00000004     hello_pem4f.oem4f (.const:ti_sysbios_knl_Task_LD_block__C)
                  00006940    00000004     hello_pem4f.oem4f (.const:ti_sysbios_knl_Task_LD_exit__C)
                  00006944    00000004     hello_pem4f.oem4f (.const:ti_sysbios_knl_Task_LD_ready__C)
                  00006948    00000004     hello_pem4f.oem4f (.const:ti_sysbios_knl_Task_LM_sleep__C)
                  0000694c    00000004     hello_pem4f.oem4f (.const:ti_sysbios_knl_Task_LM_switch__C)
                  00006950    00000004     hello_pem4f.oem4f (.const:ti_sysbios_knl_Task_Module_State_inactiveQ__O)
                  00006954    00000004     hello_pem4f.oem4f (.const:ti_sysbios_knl_Task_Module__diagsEnabled__C)
                  00006958    00000004     hello_pem4f.oem4f (.const:ti_sysbios_knl_Task_Module__diagsIncluded__C)
                  0000695c    00000004     hello_pem4f.oem4f (.const:ti_sysbios_knl_Task_Module__diagsMask__C)
                  00006960    00000004     hello_pem4f.oem4f (.const:ti_sysbios_knl_Task_Module__loggerFxn2__C)
                  00006964    00000004     hello_pem4f.oem4f (.const:ti_sysbios_knl_Task_Module__loggerFxn4__C)
                  00006968    00000004     hello_pem4f.oem4f (.const:ti_sysbios_knl_Task_Module__loggerObj__C)
                  0000696c    00000004     hello_pem4f.oem4f (.const:ti_sysbios_knl_Task_Object__count__C)
                  00006970    00000004     hello_pem4f.oem4f (.const:ti_sysbios_knl_Task_allBlockedFunc__C)
                  00006974    00000004     hello_pem4f.oem4f (.const:ti_sysbios_knl_Task_defaultStackHeap__C)
                  00006978    00000004     hello_pem4f.oem4f (.const:ti_sysbios_knl_Task_defaultStackSize__C)
                  0000697c    00000004     hello_pem4f.oem4f (.const:ti_sysbios_knl_Task_numConstructedTasks__C)
                  00006980    00000004     hello_pem4f.oem4f (.const:ti_uia_loggers_LoggerStopMode_Module__diagsEnabled__C)
                  00006984    00000004     hello_pem4f.oem4f (.const:ti_uia_loggers_LoggerStopMode_Module__diagsIncluded__C)
                  00006988    00000004     hello_pem4f.oem4f (.const:ti_uia_loggers_LoggerStopMode_Module__diagsMask__C)
                  0000698c    00000004     hello_pem4f.oem4f (.const:ti_uia_loggers_LoggerStopMode_Object__count__C)
                  00006990    00000004     hello_pem4f.oem4f (.const:ti_uia_runtime_ILoggerSnapshot_Interface__BASE__C)
                  00006994    00000004     hello_pem4f.oem4f (.const:ti_uia_runtime_IUIATransfer_Interface__BASE__C)
                  00006998    00000004     hello_pem4f.oem4f (.const:xdc_runtime_Assert_E_assertFailed__C)
                  0000699c    00000004     hello_pem4f.oem4f (.const:xdc_runtime_Error_E_memory__C)
                  000069a0    00000004     hello_pem4f.oem4f (.const:xdc_runtime_Error_policyFxn__C)
                  000069a4    00000004     hello_pem4f.oem4f (.const:xdc_runtime_IFilterLogger_Interface__BASE__C)
                  000069a8    00000004     hello_pem4f.oem4f (.const:xdc_runtime_IGateProvider_Interface__BASE__C)
                  000069ac    00000004     hello_pem4f.oem4f (.const:xdc_runtime_IHeap_Interface__BASE__C)
                  000069b0    00000004     hello_pem4f.oem4f (.const:xdc_runtime_ILogger_Interface__BASE__C)
                  000069b4    00000004     hello_pem4f.oem4f (.const:xdc_runtime_IModule_Interface__BASE__C)
                  000069b8    00000004     hello_pem4f.oem4f (.const:xdc_runtime_Memory_defaultHeapInstance__C)
                  000069bc    00000004     hello_pem4f.oem4f (.const:xdc_runtime_Startup_execImpl__C)
                  000069c0    00000004     hello_pem4f.oem4f (.const:xdc_runtime_Startup_maxPasses__C)
                  000069c4    00000004     hello_pem4f.oem4f (.const:xdc_runtime_Startup_sfxnRts__C)
                  000069c8    00000004     hello_pem4f.oem4f (.const:xdc_runtime_Startup_sfxnTab__C)
                  000069cc    00000004     hello_pem4f.oem4f (.const:xdc_runtime_SysMin_bufSize__C)
                  000069d0    00000004     hello_pem4f.oem4f (.const:xdc_runtime_SysMin_outputFunc__C)
                  000069d4    00000004     hello_pem4f.oem4f (.const:xdc_runtime_System_Module__gateObj__C)
                  000069d8    00000004     hello_pem4f.oem4f (.const:xdc_runtime_System_abortFxn__C)
                  000069dc    00000004     hello_pem4f.oem4f (.const:xdc_runtime_System_exitFxn__C)
                  000069e0    00000004     hello_pem4f.oem4f (.const:xdc_runtime_System_maxAtexitHandlers__C)
                  000069e4    00000004     hello_pem4f.oem4f (.const:xdc_runtime_Text_charTab__C)
                  000069e8    00000002     hello_pem4f.oem4f (.const:ti_sysbios_family_arm_m3_Hwi_Module__id__C)
                  000069ea    00000002     hello_pem4f.oem4f (.const:ti_sysbios_family_arm_m3_Hwi_Module__loggerDefined__C)
                  000069ec    00000002     hello_pem4f.oem4f (.const:ti_sysbios_heaps_HeapMem_Module__id__C)
                  000069ee    00000002     hello_pem4f.oem4f (.const:ti_sysbios_knl_Clock_Module__id__C)
                  000069f0    00000002     hello_pem4f.oem4f (.const:ti_sysbios_knl_Clock_Module__loggerDefined__C)
                  000069f2    00000002     hello_pem4f.oem4f (.const:ti_sysbios_knl_Semaphore_Module__id__C)
                  000069f4    00000002     hello_pem4f.oem4f (.const:ti_sysbios_knl_Semaphore_Module__loggerDefined__C)
                  000069f6    00000002     hello_pem4f.oem4f (.const:ti_sysbios_knl_Swi_Module__id__C)
                  000069f8    00000002     hello_pem4f.oem4f (.const:ti_sysbios_knl_Swi_Module__loggerDefined__C)
                  000069fa    00000002     hello_pem4f.oem4f (.const:ti_sysbios_knl_Task_Module__id__C)
                  000069fc    00000002     hello_pem4f.oem4f (.const:ti_sysbios_knl_Task_Module__loggerDefined__C)
                  000069fe    00000002     hello_pem4f.oem4f (.const:ti_uia_loggers_LoggerStopMode_Module__id__C)
                  00006a00    00000002     hello_pem4f.oem4f (.const:ti_uia_loggers_LoggerStopMode_isTimestampEnabled__C)
                  00006a02    00000002     hello_pem4f.oem4f (.const:xdc_runtime_Memory_Module__id__C)
                  00006a04    00000002     hello_pem4f.oem4f (.const:xdc_runtime_SysMin_flushAtExit__C)
                  00006a06    00000002     hello_pem4f.oem4f (.const:xdc_runtime_Text_isLoaded__C)
                  00006a08    00000001     hello_pem4f.oem4f (.const:xdc_runtime_Error_policy__C)
                  00006a09    00000001     hello_pem4f.oem4f (.const:xdc_runtime_Text_charTab__A)

MODULE SUMMARY

       Module                             code    ro data   rw data
       ------                             ----    -------   -------
    .\
       hello.obj                          930     0         3516   
    +--+----------------------------------+-------+---------+---------+
       Total:                             930     0         3516   
                                                                   
    .\syscfg\
       ti_drivers_config.obj              306     148       176    
       ti_devices_config.obj              0       88        0      
    +--+----------------------------------+-------+---------+---------+
       Total:                             306     236       176    
                                                                   
    C:\Users\swamb\workspace_v10\hello_CC26X2R1_LAUNCHXL_tirtos_ccs\Debug\configPkg\package\cfg\
       hello_pem4f.oem4f                  3240    1610      4550   
    +--+----------------------------------+-------+---------+---------+
       Total:                             3240    1610      4550   
                                                                   
    C:/ti/simplelink_cc13x2_26x2_sdk_5_20_00_52/kernel/tirtos/packages/ti/dpl/lib/ccs/m4f/dpl_cc26x2.a
       PowerCC26X2_tirtos.oem4f           260     0         8      
       SemaphoreP_tirtos.oem4f            122     0         0      
       SwiP_tirtos.oem4f                  108     0         0      
       ClockP_tirtos.oem4f                94      0         0      
       HwiP_tirtos.oem4f                  82      0         0      
    +--+----------------------------------+-------+---------+---------+
       Total:                             666     0         8      
                                                                   
    C:/ti/simplelink_cc13x2_26x2_sdk_5_20_00_52/source/ti/devices/cc13x2_cc26x2/driverlib/bin/ccs/driverlib.lib
       sys_ctrl.obj                       420     0         0      
       osc.obj                            340     0         36     
       setup.obj                          324     0         0      
       chipinfo.obj                       270     0         0      
       prcm.obj                           160     0         0      
       aux_sysif.obj                      52      8         0      
       cpu.obj                            30      0         0      
       driverlib_release.obj              0       0         1      
    +--+----------------------------------+-------+---------+---------+
       Total:                             1596    8         37     
                                                                   
    C:/ti/simplelink_cc13x2_26x2_sdk_5_20_00_52/source/ti/drivers/lib/ccs/m4f/drivers_cc26x2.a
       PowerCC26X2.oem4f                  1988    84        368    
       PINCC26XX.oem4f                    1518    0         336    
       PowerCC26X2_calibrateRCOSC.oem4f   1400    0         0      
       GPIOCC26XX.oem4f                   900     64        61     
       GPTimerCC26XX.oem4f                824     36        0      
    +--+----------------------------------+-------+---------+---------+
       Total:                             6630    184       765    
                                                                   
    C:\Users\swamb\workspace_v10\hello_CC26X2R1_LAUNCHXL_tirtos_ccs\src\sysbios\sysbios.aem4f
       BIOS.obj                           9390    0         0      
       m3_Hwi_asm.obj                     318     0         0      
       m3_TaskSupport_asm.obj             180     0         0      
       m3_Hwi_asm_switch.obj              118     0         0      
    +--+----------------------------------+-------+---------+---------+
       Total:                             10006   0         0      
                                                                   
    C:\ti\ccs1040\ccs\tools\compiler\ti-cgt-arm_20.2.5.LTS\lib\rtsv7M4_T_le_v4SPD16_eabi.lib
[...]
000065d4  ti_sysbios_knl_Clock_Object__DESC__C                               
000065f4  ti_sysbios_knl_Mailbox_Object__DESC__C                             
00006614  ti_sysbios_knl_Queue_Object__DESC__C                               
00006634  ti_sysbios_knl_Semaphore_Object__DESC__C                           
00006654  ti_sysbios_knl_Swi_Object__DESC__C                                 
00006674  ti_sysbios_knl_Task_Object__DESC__C                                
00006694  ti_uia_loggers_LoggerStopMode_Object__DESC__C                      
000066d0  GPTimerCC26XX_config                                               
000066e8  gptimerCC26XXHWAttrs                                               
00006718  ti_sysbios_gates_GateHwi_Object__PARAMS__C                         
00006730  ti_sysbios_gates_GateMutex_Object__PARAMS__C                       
00006748  ti_sysbios_knl_Queue_Object__PARAMS__C                             
00006760  xdc_runtime_Startup_sfxnRts__A                                     
00006776  ti_sysbios_family_arm_cc26xx_TimestampProvider_useClockTimer__C    
0000678c  GPIOCC26XX_config                                                  
000067a0  PowerCC26X2_config                                                 
000067b4  BoardGpioInitTable                                                 
000067c4  outPinTypes                                                        
000067d4  inPinTypes                                                         
000067e0  outPinStrengths                                                    
000067ec  xdc_runtime_Startup_firstFxns__A                                   
00006810  PINCC26XX_hwAttrs                                                  
00006818  CONFIG_GPIO_LED_0_CONST                                            
00006819  CONFIG_GPIO_LED_1_CONST                                            
0000681a  CONFIG_GPIO_23_CONST                                               
0000681b  CONFIG_TIMER_0_CONST                                               
0000681c  Timer_count                                                        
0000681d  CONFIG_GPTIMER_0_CONST                                             
0000681e  CONFIG_GPTIMER_1_CONST                                             
0000681f  GPTimer_count                                                      
00006820  ti_sysbios_knl_Idle_funcList__C                                    
00006828  xdc_runtime_Startup_firstFxns__C                                   
00006830  xdc_runtime_Startup_lastFxns__C                                    
00006838  ti_sysbios_family_arm_cc26xx_Timer_funcHookCH1__C                  
0000683c  ti_sysbios_family_arm_cc26xx_Timer_funcHookCH2__C                  
00006840  ti_sysbios_family_arm_cc26xx_Timer_startupNeeded__C                
00006844  ti_sysbios_family_arm_m3_Hwi_E_alreadyDefined__C                   
00006848  ti_sysbios_family_arm_m3_Hwi_E_badIntNum__C                        
0000684c  ti_sysbios_family_arm_m3_Hwi_LD_end__C                             
00006850  ti_sysbios_family_arm_m3_Hwi_LM_begin__C                           
00006854  ti_sysbios_family_arm_m3_Hwi_Module__diagsEnabled__C               
00006858  ti_sysbios_family_arm_m3_Hwi_Module__diagsIncluded__C              
0000685c  ti_sysbios_family_arm_m3_Hwi_Module__diagsMask__C                  
00006860  ti_sysbios_family_arm_m3_Hwi_Module__loggerFxn1__C                 
00006864  ti_sysbios_family_arm_m3_Hwi_Module__loggerFxn8__C                 
00006868  ti_sysbios_family_arm_m3_Hwi_Module__loggerObj__C                  
0000686c  ti_sysbios_family_arm_m3_Hwi_NUM_INTERRUPTS__C                     
00006870  ti_sysbios_family_arm_m3_Hwi_Object__count__C                      
00006874  ti_sysbios_family_arm_m3_Hwi_ccr__C                                
00006878  ti_sysbios_family_arm_m3_Hwi_excHandlerFunc__C                     
0000687c  ti_sysbios_family_arm_m3_Hwi_nullIsrFunc__C                        
00006880  ti_sysbios_family_arm_m3_Hwi_priGroup__C                           
00006884  ti_sysbios_family_arm_m3_TaskSupport_stackAlignment__C             
00006888  ti_sysbios_gates_GateMutex_Instance_State_sem__O                   
0000688c  ti_sysbios_heaps_HeapMem_E_memory__C                               
00006890  ti_sysbios_heaps_HeapMem_Module__gateObj__C                        
00006894  ti_sysbios_heaps_HeapMem_Object__count__C                          
00006898  ti_sysbios_heaps_HeapMem_primaryHeapBaseAddr__C                    
0000689c  ti_sysbios_heaps_HeapMem_primaryHeapEndAddr__C                     
000068a0  ti_sysbios_heaps_HeapMem_reqAlign__C                               
000068a4  ti_sysbios_knl_Clock_LM_begin__C                                   
000068a8  ti_sysbios_knl_Clock_LM_tick__C                                    
000068ac  ti_sysbios_knl_Clock_Module_State_clockQ__O                        
000068b0  ti_sysbios_knl_Clock_Module__diagsEnabled__C                       
000068b4  ti_sysbios_knl_Clock_Module__diagsIncluded__C                      
000068b8  ti_sysbios_knl_Clock_Module__diagsMask__C                          
000068bc  ti_sysbios_knl_Clock_Module__loggerFxn1__C                         
000068c0  ti_sysbios_knl_Clock_Module__loggerFxn2__C                         
000068c4  ti_sysbios_knl_Clock_Module__loggerObj__C                          
000068c8  ti_sysbios_knl_Clock_tickPeriod__C                                 
000068cc  ti_sysbios_knl_Clock_triggerClock__C                               
000068d0  ti_sysbios_knl_Idle_funcList__A                                    
000068d4  ti_sysbios_knl_Mailbox_Instance_State_dataQue__O                   
000068d8  ti_sysbios_knl_Mailbox_Instance_State_dataSem__O                   
000068dc  ti_sysbios_knl_Mailbox_Instance_State_freeQue__O                   
000068e0  ti_sysbios_knl_Mailbox_Instance_State_freeSem__O                   
000068e4  ti_sysbios_knl_Mailbox_Object__count__C                            
000068e8  ti_sysbios_knl_Mailbox_maxTypeAlign__C                             
000068ec  ti_sysbios_knl_Semaphore_Instance_State_pendQ__O                   
000068f0  ti_sysbios_knl_Semaphore_LM_pend__C                                
000068f4  ti_sysbios_knl_Semaphore_LM_post__C                                
000068f8  ti_sysbios_knl_Semaphore_Module__diagsEnabled__C                   
000068fc  ti_sysbios_knl_Semaphore_Module__diagsIncluded__C                  
00006900  ti_sysbios_knl_Semaphore_Module__diagsMask__C                      
00006904  ti_sysbios_knl_Semaphore_Module__loggerFxn2__C                     
00006908  ti_sysbios_knl_Semaphore_Module__loggerFxn4__C                     
0000690c  ti_sysbios_knl_Semaphore_Module__loggerObj__C                      
00006910  ti_sysbios_knl_Swi_LD_end__C                                       
00006914  ti_sysbios_knl_Swi_LM_begin__C                                     
00006918  ti_sysbios_knl_Swi_LM_post__C                                      
0000691c  ti_sysbios_knl_Swi_Module__diagsEnabled__C                         
00006920  ti_sysbios_knl_Swi_Module__diagsIncluded__C                        
00006924  ti_sysbios_knl_Swi_Module__diagsMask__C                            
00006928  ti_sysbios_knl_Swi_Module__loggerFxn1__C                           
0000692c  ti_sysbios_knl_Swi_Module__loggerFxn4__C                           
00006930  ti_sysbios_knl_Swi_Module__loggerObj__C                            
00006934  ti_sysbios_knl_Swi_Object__count__C                                
00006938  ti_sysbios_knl_Swi_numPriorities__C                                
0000693c  ti_sysbios_knl_Task_LD_block__C                                    
00006940  ti_sysbios_knl_Task_LD_exit__C                                     
00006944  ti_sysbios_knl_Task_LD_ready__C                                    
00006948  ti_sysbios_knl_Task_LM_sleep__C                                    
0000694c  ti_sysbios_knl_Task_LM_switch__C                                   
00006950  ti_sysbios_knl_Task_Module_State_inactiveQ__O                      
00006954  ti_sysbios_knl_Task_Module__diagsEnabled__C                        
00006958  ti_sysbios_knl_Task_Module__diagsIncluded__C                       
0000695c  ti_sysbios_knl_Task_Module__diagsMask__C                           
00006960  ti_sysbios_knl_Task_Module__loggerFxn2__C                          
00006964  ti_sysbios_knl_Task_Module__loggerFxn4__C                          
00006968  ti_sysbios_knl_Task_Module__loggerObj__C                           
0000696c  ti_sysbios_knl_Task_Object__count__C                               
00006970  ti_sysbios_knl_Task_allBlockedFunc__C                              
00006974  ti_sysbios_knl_Task_defaultStackHeap__C                            
00006978  ti_sysbios_knl_Task_defaultStackSize__C                            
0000697c  ti_sysbios_knl_Task_numConstructedTasks__C                         
00006980  ti_uia_loggers_LoggerStopMode_Module__diagsEnabled__C              
00006984  ti_uia_loggers_LoggerStopMode_Module__diagsIncluded__C             
00006988  ti_uia_loggers_LoggerStopMode_Module__diagsMask__C                 
0000698c  ti_uia_loggers_LoggerStopMode_Object__count__C                     
00006990  ti_uia_runtime_ILoggerSnapshot_Interface__BASE__C                  
00006994  ti_uia_runtime_IUIATransfer_Interface__BASE__C                     
00006998  xdc_runtime_Assert_E_assertFailed__C                               
0000699c  xdc_runtime_Error_E_memory__C                                      
000069a0  xdc_runtime_Error_policyFxn__C                                     
000069a4  xdc_runtime_IFilterLogger_Interface__BASE__C                       
000069a8  xdc_runtime_IGateProvider_Interface__BASE__C                       
000069ac  xdc_runtime_IHeap_Interface__BASE__C                               
000069b0  xdc_runtime_ILogger_Interface__BASE__C                             
000069b4  xdc_runtime_IModule_Interface__BASE__C                             
000069b8  xdc_runtime_Memory_defaultHeapInstance__C                          
000069bc  xdc_runtime_Startup_execImpl__C                                    
000069c0  xdc_runtime_Startup_maxPasses__C                                   
000069c4  xdc_runtime_Startup_sfxnRts__C                                     
000069c8  xdc_runtime_Startup_sfxnTab__C                                     
000069cc  xdc_runtime_SysMin_bufSize__C                                      
000069d0  xdc_runtime_SysMin_outputFunc__C                                   
000069d4  xdc_runtime_System_Module__gateObj__C                              
000069d8  xdc_runtime_System_abortFxn__C                                     
000069dc  xdc_runtime_System_exitFxn__C                                      
000069e0  xdc_runtime_System_maxAtexitHandlers__C                            
000069e4  xdc_runtime_Text_charTab__C                                        
000069e8  ti_sysbios_family_arm_m3_Hwi_Module__id__C                         
000069ea  ti_sysbios_family_arm_m3_Hwi_Module__loggerDefined__C              
000069ec  ti_sysbios_heaps_HeapMem_Module__id__C                             
000069ee  ti_sysbios_knl_Clock_Module__id__C                                 
000069f0  ti_sysbios_knl_Clock_Module__loggerDefined__C                      
000069f2  ti_sysbios_knl_Semaphore_Module__id__C                             
000069f4  ti_sysbios_knl_Semaphore_Module__loggerDefined__C                  
000069f6  ti_sysbios_knl_Swi_Module__id__C                                   
000069f8  ti_sysbios_knl_Swi_Module__loggerDefined__C                        
000069fa  ti_sysbios_knl_Task_Module__id__C                                  
000069fc  ti_sysbios_knl_Task_Module__loggerDefined__C                       
000069fe  ti_uia_loggers_LoggerStopMode_Module__id__C                        
00006a00  ti_uia_loggers_LoggerStopMode_isTimestampEnabled__C                
00006a02  xdc_runtime_Memory_Module__id__C                                   
00006a04  xdc_runtime_SysMin_flushAtExit__C                                  
00006a06  xdc_runtime_Text_isLoaded__C                                       
00006a08  xdc_runtime_Error_policy__C                                        
00006a09  xdc_runtime_Text_charTab__A                                        
00006ba4  __TI_Handler_Table_Base                                            
00006bb0  __TI_Handler_Table_Limit                                           
00006bb8  __TI_CINIT_Base                                                    
00006bc8  __TI_CINIT_Limit                                                   
00057fa8  __ccfg                                                             
20000000  __start___llvm_prf_cnts                                            
20000000  __stop___llvm_prf_cnts                                             
20000000  ti_sysbios_family_arm_m3_Hwi_ramVectors                            
200000d8  __primary_heap_start__                                             
200040d8  __primary_heap_end__                                               
20004d00  ti_uia_loggers_LoggerStopMode_Instance_State_0_packetArray__A      
20005100  ti_uia_loggers_LoggerStopMode_Instance_State_1_packetArray__A      
20005500  ti_sysbios_knl_Task_Instance_State_0_stack__A                      
20005700  xdc_runtime_SysMin_Module_State_0_outbuf__A                        
20005900  __CIOBUF_                                                          
20005a20  ti_sysbios_family_arm_m3_Hwi_dispatchTable                         
20005af8  mailboxBuffer                                                      
20005b98  gptimerCC26XXObjects                                               
20005c30  pinHandleTable                                                     
20005cfc  readAM2302Task                                                     
20005d4c  urgentWorkTask                                                     
20005d9c  workTask                                                           
20005e80  ti_uia_loggers_LoggerStopMode_Instance_State_0_hdr__A              
20005ecc  semTempStruct                                                      
20005ee8  parmbuf                                                            
20005ef0  PowerCC26XX_swiKey                                                 
20005ef4  PowerCC26XX_taskKey                                                
20005ef8  mbxTempHandle                                                      
20005efc  semTempHandle                                                      
20005f00  ti_uia_loggers_LoggerStopMode_Instance_State_1_hdr__A              
20005f30  timer1Handle                                                       
20005f34  timerTempHandle                                                    
20005f38  driverlib_release_0_60278                                          
20005f40  PowerCC26X2_module                                                 
200060b0  ti_uia_loggers_LoggerStopMode_Object__table__V                     
20006118  ti_sysbios_knl_Task_Object__table__V                               
20006168  ti_sysbios_family_arm_cc26xx_Timer_Object__table__V                
200061b0  ti_sysbios_knl_Task_Module__state__V                               
200061f4  ti_sysbios_gates_GateMutex_Object__table__V                        
2000622c  ti_sysbios_family_arm_m3_Hwi_Module__state__V                      
20006260  ti_sysbios_knl_Swi_Module_State_0_readyQ__A                        
20006290  ti_sysbios_knl_Swi_Object__table__V                                
200062c0  ti_sysbios_knl_Clock_Module__state__V                              
200062ec  _hposcCoeffs                                                       
20006310  ti_sysbios_BIOS_Module__state__V                                   
20006334  ti_sysbios_knl_Clock_Object__table__V                              
20006354  ti_sysbios_knl_Task_Module_State_0_readyQ__A                       
20006374  xdc_runtime_Error_IgnoreBlock                                      
20006394  ti_sysbios_knl_Swi_Module__state__V                                
200063b0  ti_sysbios_family_arm_m3_Hwi_Object__table__V                      
200063c8  ti_sysbios_heaps_HeapMem_Object__table__V                          
200063e0  gpioCallbackFunctions                                              
200063ec  gpioPinConfigs                                                     
200063f8  ti_sysbios_knl_Task_Module__root__V                                
20006404  ti_uia_runtime_QueueDescriptor_Module__state__V                    
20006410  xdc_runtime_SysMin_Module__state__V                                
2000641c  _lock                                                              
20006420  _unlock                                                            
20006424  pinUpperBound                                                      
20006428  pinLowerBound                                                      
2000642c  ti_uia_runtime_QueueDescriptor_gPtrToFirstDescriptor               
20006430  ti_uia_runtime_QueueDescriptor_gUpdateCount                        
20006434  ti_sysbios_family_arm_cc26xx_Timer_Module__state__V                
2000643c  ti_sysbios_family_arm_m3_Hwi_Module__root__V                       
20006444  ti_sysbios_gates_GateHwi_Module__root__V                           
2000644c  ti_sysbios_gates_GateMutex_Module__root__V                         
20006454  ti_sysbios_heaps_HeapMem_Module__root__V                           
2000645c  ti_sysbios_knl_Clock_Module__root__V                               
20006464  ti_sysbios_knl_Mailbox_Module__root__V                             
2000646c  ti_sysbios_knl_Queue_Module__root__V                               
20006474  ti_sysbios_knl_Semaphore_Module__root__V                           
2000647c  ti_sysbios_knl_Swi_Module__root__V                                 
20006484  ti_uia_loggers_LoggerStopMode_Module__root__V                      
2000648c  xdc_runtime_Startup_Module__state__V                               
20006494  xdc_runtime_System_Module_State_0_atexitHandlers__A                
2000649c  xdc_runtime_System_Module__state__V                                
200064aa  ti_sysbios_family_arm_m3_Hwi_Module_State_0_excActive__A           
200064ac  main_func_sp                                                       
200064b0  ti_sysbios_family_arm_cc26xx_TimestampProvider_Module__state__V    
200064b4  ti_sysbios_family_arm_m3_Hwi_Module_State_0_excContext__A          
200064b8  ti_sysbios_family_arm_m3_Hwi_Module_State_0_excStack__A            
200064bc  ti_sysbios_gates_GateHwi_Object__table__V                          
200064c0  ti_sysbios_knl_Task_Module_State_0_idleTask__A                     
200064c4  xdc_runtime_Memory_Module__state__V                                
20013c00  __stack                                                            
20014000  __STACK_END                                                        
e000e000  ti_sysbios_family_arm_m3_Hwi_nvic                                  
ffffffff  __TI_pprof_out_hndl                                                
ffffffff  __TI_prof_data_size                                                
ffffffff  __TI_prof_data_start                                               
ffffffff  __binit__                                                          
ffffffff  __c_args__                                                         
ffffffff  binit                                                              
UNDEFED   ITM_flush                                                          
UNDEFED   ITM_restore                                                        
UNDEFED   SHT$$INIT_ARRAY$$Base                                              
UNDEFED   SHT$$INIT_ARRAY$$Limit                                             

[717 symbols]
